ARM Linker, 5.03 [Build 76] [MDK-ARM Lite]

==============================================================================

Section Cross References

    system_stm32f4xx.o(.text) refers to system_stm32f4xx.o(.data) for SystemCoreClock
    startup_stm32f4xx.o(RESET) refers to startup_stm32f4xx.o(STACK) for __initial_sp
    startup_stm32f4xx.o(RESET) refers to startup_stm32f4xx.o(.text) for Reset_Handler
    startup_stm32f4xx.o(RESET) refers to hal_cm4.o(.emb_text) for SVC_Handler
    startup_stm32f4xx.o(.text) refers to system_stm32f4xx.o(.text) for SystemInit
    startup_stm32f4xx.o(.text) refers to entry.o(.ARM.Collect$$$$00000000) for __main
    rtx_conf_cm.o(.ARM.Collect$$$$000000FF) refers to rt_cmsis.o(i.osKernelStart) for osKernelStart
    rtx_conf_cm.o(.ARM.Collect$$$$000000FF) refers to rtx_conf_cm.o(.constdata) for .constdata
    rtx_conf_cm.o(.constdata) refers to rt_cmsis.o(i.osTimerThread) for osTimerThread
    rtx_conf_cm.o(.constdata) refers to rtx_conf_cm.o(.bss) for os_messageQ_q_osTimerMessageQ
    rtx_conf_cm.o(.constdata) refers to main.o(.text) for main
    main.o(.text) refers to stm32f4xx_rcc.o(.text) for RCC_AHB1PeriphClockCmd
    main.o(.text) refers to stm32f4xx_gpio.o(.text) for GPIO_Init
    main.o(.text) refers to lcd_impl.o(.text) for LCD_GPIO_Config
    main.o(.text) refers to sevensegled.o(.text) for Delay
    main.o(.text) refers to rt_cmsis.o(i.osThreadCreate) for osThreadCreate
    main.o(.text) refers to rt_cmsis.o(i.osDelay) for osDelay
    main.o(.text) refers to main.o(.constdata) for os_thread_def_thread
    main.o(.constdata) refers to main.o(.text) for thread
    main.o(.constdata) refers to temperature_thread.o(.text) for temperature_detection_thread
    main.o(.constdata) refers to tilt_thread.o(.text) for tilt_detection_thread
    accelerometer_conf.o(.text) refers to stm32f4_discovery_lis302dl.o(.text) for LIS302DL_Init
    adc_impl.o(.text) refers to stm32f4xx_rcc.o(.text) for RCC_APB2PeriphClockCmd
    adc_impl.o(.text) refers to stm32f4xx_gpio.o(.text) for GPIO_StructInit
    adc_impl.o(.text) refers to stm32f4xx_adc.o(.text) for ADC_CommonInit
    sevensegled.o(.text) refers to stm32f4xx_rcc.o(.text) for RCC_AHB1PeriphClockCmd
    sevensegled.o(.text) refers to stm32f4xx_gpio.o(.text) for GPIO_StructInit
    sevensegled.o(.text) refers to f2d.o(.text) for __aeabi_f2d
    sevensegled.o(.text) refers to printfa.o(i.__0printf) for __2printf
    stm32f4_discovery_lis302dl.o(.text) refers to stm32f4xx_spi.o(.text) for SPI_I2S_GetFlagStatus
    stm32f4_discovery_lis302dl.o(.text) refers to stm32f4xx_gpio.o(.text) for GPIO_ResetBits
    stm32f4_discovery_lis302dl.o(.text) refers to stm32f4xx_rcc.o(.text) for RCC_APB2PeriphClockCmd
    stm32f4_discovery_lis302dl.o(.text) refers to stm32f4_discovery_lis302dl.o(.data) for LIS302DLTimeout
    temperature_thread.o(.text) refers to adc_impl.o(.text) for set_ADC_config
    temperature_thread.o(.text) refers to lcd_impl.o(.text) for LCD_DisplayTemperature
    tilt_thread.o(.text) refers to accelerometer_conf.o(.text) for set_Accelerometer_MEM
    tilt_thread.o(.text) refers to sevensegled.o(.text) for Delay
    tilt_thread.o(.text) refers to mem_interrupt.o(.text) for MEM_Interrupt_Config
    lcd_impl.o(.text) refers to stm32f4xx_rcc.o(.text) for RCC_AHB1PeriphClockCmd
    lcd_impl.o(.text) refers to stm32f4xx_gpio.o(.text) for GPIO_StructInit
    lcd_impl.o(.text) refers to f2d.o(.text) for __aeabi_f2d
    lcd_impl.o(.text) refers to printfa.o(i.__0printf) for __2printf
    lcd_impl.o(.text) refers to printfa.o(i.__0sprintf) for __2sprintf
    lcd_impl.o(.text) refers to lcd_impl.o(.data) for GLB_Temperature_display_flag
    mem_interrupt.o(.text) refers to stm32f4xx_rcc.o(.text) for RCC_AHB1PeriphClockCmd
    mem_interrupt.o(.text) refers to stm32f4xx_gpio.o(.text) for GPIO_StructInit
    mem_interrupt.o(.text) refers to stm32f4xx_syscfg.o(.text) for SYSCFG_EXTILineConfig
    mem_interrupt.o(.text) refers to stm32f4xx_exti.o(.text) for EXTI_Init
    mem_interrupt.o(.text) refers to misc.o(.text) for NVIC_Init
    mem_interrupt.o(.text) refers to stm32f4_discovery_lis302dl.o(.text) for LIS302DL_InterruptConfig
    tilt_angle_calculation.o(.text) refers to f2d.o(.text) for __aeabi_f2d
    tilt_angle_calculation.o(.text) refers to pow.o(i.__hardfp_pow) for __hardfp_pow
    tilt_angle_calculation.o(.text) refers to d2f.o(.text) for __aeabi_d2f
    tilt_angle_calculation.o(.text) refers to sqrt.o(i.__hardfp_sqrt) for __hardfp_sqrt
    tilt_angle_calculation.o(.text) refers to atan.o(i.__hardfp_atan) for __hardfp_atan
    tilt_angle_calculation.o(.text) refers to dmul.o(.text) for __aeabi_dmul
    stm32f4xx_adc.o(.text) refers to stm32f4xx_rcc.o(.text) for RCC_APB2PeriphResetCmd
    stm32f4xx_can.o(.text) refers to stm32f4xx_rcc.o(.text) for RCC_APB1PeriphResetCmd
    stm32f4xx_cryp.o(.text) refers to stm32f4xx_rcc.o(.text) for RCC_AHB2PeriphResetCmd
[...]
    ..\\STM32F4xx_StdPeriph_Driver\\src\\stm32f4xx_flash.c 0x00000000   Number         0  stm32f4xx_flash.o ABSOLUTE
    ..\\STM32F4xx_StdPeriph_Driver\\src\\stm32f4xx_fsmc.c 0x00000000   Number         0  stm32f4xx_fsmc.o ABSOLUTE
    ..\\STM32F4xx_StdPeriph_Driver\\src\\stm32f4xx_gpio.c 0x00000000   Number         0  stm32f4xx_gpio.o ABSOLUTE
    ..\\STM32F4xx_StdPeriph_Driver\\src\\stm32f4xx_hash.c 0x00000000   Number         0  stm32f4xx_hash.o ABSOLUTE
    ..\\STM32F4xx_StdPeriph_Driver\\src\\stm32f4xx_hash_md5.c 0x00000000   Number         0  stm32f4xx_hash_md5.o ABSOLUTE
    ..\\STM32F4xx_StdPeriph_Driver\\src\\stm32f4xx_hash_sha1.c 0x00000000   Number         0  stm32f4xx_hash_sha1.o ABSOLUTE
    ..\\STM32F4xx_StdPeriph_Driver\\src\\stm32f4xx_i2c.c 0x00000000   Number         0  stm32f4xx_i2c.o ABSOLUTE
    ..\\STM32F4xx_StdPeriph_Driver\\src\\stm32f4xx_iwdg.c 0x00000000   Number         0  stm32f4xx_iwdg.o ABSOLUTE
    ..\\STM32F4xx_StdPeriph_Driver\\src\\stm32f4xx_pwr.c 0x00000000   Number         0  stm32f4xx_pwr.o ABSOLUTE
    ..\\STM32F4xx_StdPeriph_Driver\\src\\stm32f4xx_rcc.c 0x00000000   Number         0  stm32f4xx_rcc.o ABSOLUTE
    ..\\STM32F4xx_StdPeriph_Driver\\src\\stm32f4xx_rng.c 0x00000000   Number         0  stm32f4xx_rng.o ABSOLUTE
    ..\\STM32F4xx_StdPeriph_Driver\\src\\stm32f4xx_rtc.c 0x00000000   Number         0  stm32f4xx_rtc.o ABSOLUTE
    ..\\STM32F4xx_StdPeriph_Driver\\src\\stm32f4xx_sdio.c 0x00000000   Number         0  stm32f4xx_sdio.o ABSOLUTE
    ..\\STM32F4xx_StdPeriph_Driver\\src\\stm32f4xx_spi.c 0x00000000   Number         0  stm32f4xx_spi.o ABSOLUTE
    ..\\STM32F4xx_StdPeriph_Driver\\src\\stm32f4xx_syscfg.c 0x00000000   Number         0  stm32f4xx_syscfg.o ABSOLUTE
    ..\\STM32F4xx_StdPeriph_Driver\\src\\stm32f4xx_tim.c 0x00000000   Number         0  stm32f4xx_tim.o ABSOLUTE
    ..\\STM32F4xx_StdPeriph_Driver\\src\\stm32f4xx_usart.c 0x00000000   Number         0  stm32f4xx_usart.o ABSOLUTE
    ..\\STM32F4xx_StdPeriph_Driver\\src\\stm32f4xx_wwdg.c 0x00000000   Number         0  stm32f4xx_wwdg.o ABSOLUTE
    ..\\SevenSegLED.c                        0x00000000   Number         0  sevensegled.o ABSOLUTE
    ..\\accelerometer_conf.c                 0x00000000   Number         0  accelerometer_conf.o ABSOLUTE
    ..\\fputc_debug.c                        0x00000000   Number         0  fputc_debug.o ABSOLUTE
    ..\\rt_CMSIS.c                           0x00000000   Number         0  rt_cmsis.o ABSOLUTE
    ..\\rt_System.c                          0x00000000   Number         0  rt_system.o ABSOLUTE
    ..\\stm32f4_discovery_lis302dl.c         0x00000000   Number         0  stm32f4_discovery_lis302dl.o ABSOLUTE
    ..\\system_stm32f4xx.c                   0x00000000   Number         0  system_stm32f4xx.o ABSOLUTE
    ..\\temperature_thread.c                 0x00000000   Number         0  temperature_thread.o ABSOLUTE
    ..\\tilt_thread.c                        0x00000000   Number         0  tilt_thread.o ABSOLUTE
    ..\accelerometer_conf.c                  0x00000000   Number         0  accelerometer_conf.o ABSOLUTE
    ..\calibration.c                         0x00000000   Number         0  calibration.o ABSOLUTE
    ..\fputc_debug.c                         0x00000000   Number         0  fputc_debug.o ABSOLUTE
    ..\main.c                                0x00000000   Number         0  main.o ABSOLUTE
    ..\rt_CMSIS.c                            0x00000000   Number         0  rt_cmsis.o ABSOLUTE
    ..\rt_Event.c                            0x00000000   Number         0  rt_event.o ABSOLUTE
    ..\rt_List.c                             0x00000000   Number         0  rt_list.o ABSOLUTE
    ..\rt_Mailbox.c                          0x00000000   Number         0  rt_mailbox.o ABSOLUTE
    ..\rt_MemBox.c                           0x00000000   Number         0  rt_membox.o ABSOLUTE
    ..\rt_Memory.c                           0x00000000   Number         0  rt_memory.o ABSOLUTE
    ..\rt_Mutex.c                            0x00000000   Number         0  rt_mutex.o ABSOLUTE
    ..\rt_Robin.c                            0x00000000   Number         0  rt_robin.o ABSOLUTE
    ..\rt_Semaphore.c                        0x00000000   Number         0  rt_semaphore.o ABSOLUTE
    ..\rt_System.c                           0x00000000   Number         0  rt_system.o ABSOLUTE
    ..\rt_Task.c                             0x00000000   Number         0  rt_task.o ABSOLUTE
    ..\rt_Time.c                             0x00000000   Number         0  rt_time.o ABSOLUTE
    ..\stm32f4_discovery_lis302dl.c          0x00000000   Number         0  stm32f4_discovery_lis302dl.o ABSOLUTE
    ..\system_stm32f4xx.c                    0x00000000   Number         0  system_stm32f4xx.o ABSOLUTE
    ..\temperature_thread.c                  0x00000000   Number         0  temperature_thread.o ABSOLUTE
    ..\tilt_angle_calculation.c              0x00000000   Number         0  tilt_angle_calculation.o ABSOLUTE
    ..\tilt_thread.c                         0x00000000   Number         0  tilt_thread.o ABSOLUTE
    HAL_CM4.c                                0x00000000   Number         0  hal_cm4.o ABSOLUTE
    HAL_CM4.c                                0x00000000   Number         0  hal_cm4.o ABSOLUTE
    SVC_Table.s                              0x00000000   Number         0  SVC_Table.o ABSOLUTE
    cdcmple.s                                0x00000000   Number         0  cdcmple.o ABSOLUTE
    cdrcmple.s                               0x00000000   Number         0  cdrcmple.o ABSOLUTE
    dc.s                                     0x00000000   Number         0  dc.o ABSOLUTE
    handlers.s                               0x00000000   Number         0  handlers.o ABSOLUTE
    init.s                                   0x00000000   Number         0  init.o ABSOLUTE
    RESET                                    0x08000000   Section      392  startup_stm32f4xx.o(RESET)
    .ARM.Collect$$$$00000000                 0x08000188   Section        0  entry.o(.ARM.Collect$$$$00000000)
    .ARM.Collect$$$$00000001                 0x08000188   Section        4  entry2.o(.ARM.Collect$$$$00000001)
    .ARM.Collect$$$$00000004                 0x0800018c   Section        4  entry5.o(.ARM.Collect$$$$00000004)
    .ARM.Collect$$$$00000008                 0x08000190   Section        0  entry7b.o(.ARM.Collect$$$$00000008)
    .ARM.Collect$$$$0000000A                 0x08000190   Section        0  entry8b.o(.ARM.Collect$$$$0000000A)
    .ARM.Collect$$$$0000000D                 0x08000190   Section        0  entry10a.o(.ARM.Collect$$$$0000000D)
    .ARM.Collect$$$$0000000F                 0x08000190   Section        0  entry11a.o(.ARM.Collect$$$$0000000F)
    .ARM.Collect$$$$000000FF                 0x08000190   Section        0  rtx_conf_cm.o(.ARM.Collect$$$$000000FF)
    .ARM.Collect$$$$00002712                 0x080001a0   Section        4  entry2.o(.ARM.Collect$$$$00002712)
    __lit__00000000                          0x080001a0   Data           4  entry2.o(.ARM.Collect$$$$00002712)
    .emb_text                                0x080001a4   Section      372  hal_cm4.o(.emb_text)
    $v0                                      0x080001a4   Number         0  hal_cm4.o(.emb_text)
    .text                                    0x08000318   Section        0  system_stm32f4xx.o(.text)
    SetSysClock                              0x08000319   Thumb Code   218  system_stm32f4xx.o(.text)
    .text                                    0x08000524   Section       36  startup_stm32f4xx.o(.text)
    $v0                                      0x08000524   Number         0  startup_stm32f4xx.o(.text)
    .text                                    0x08000548   Section        0  rtx_conf_cm.o(.text)
    .text                                    0x08000550   Section        0  main.o(.text)
    .text                                    0x08000628   Section        0  accelerometer_conf.o(.text)
    .text                                    0x08000650   Section        0  adc_impl.o(.text)
    .text                                    0x08000734   Section        0  sevensegled.o(.text)
    .text                                    0x08000f24   Section        0  stm32f4_discovery_lis302dl.o(.text)
    LIS302DL_SendByte                        0x08000f27   Thumb Code   106  stm32f4_discovery_lis302dl.o(.text)
    LIS302DL_LowLevel_Init                   0x08000fcb   Thumb Code   294  stm32f4_discovery_lis302dl.o(.text)
    .text                                    0x080012e8   Section        0  temperature_thread.o(.text)
    .text                                    0x08001348   Section        0  tilt_thread.o(.text)
    .text                                    0x080013b4   Section        0  fputc_debug.o(.text)
    ITM_SendChar                             0x080013b5   Thumb Code    42  fputc_debug.o(.text)
    .text                                    0x08001400   Section        0  lcd_impl.o(.text)
    .text                                    0x0800184c   Section        0  mem_interrupt.o(.text)
    .text                                    0x080018f0   Section        0  misc.o(.text)
    .text                                    0x080019d4   Section        0  stm32f4xx_adc.o(.text)
    .text                                    0x08001e44   Section        0  stm32f4xx_exti.o(.text)
    .text                                    0x08001f60   Section        0  stm32f4xx_gpio.o(.text)
    .text                                    0x080021bc   Section        0  stm32f4xx_rcc.o(.text)
    .text                                    0x08002744   Section        0  stm32f4xx_spi.o(.text)
    .text                                    0x08002b38   Section        0  stm32f4xx_syscfg.o(.text)
    .text                                    0x08002bc4   Section        0  dmul.o(.text)
    .text                                    0x08002ca8   Section        0  f2d.o(.text)
    .text                                    0x08002cce   Section        0  uidiv.o(.text)
    .text                                    0x08002cfa   Section        0  uldiv.o(.text)
    .text                                    0x08002d5c   Section        0  depilogue.o(.text)
    .text                                    0x08002d5c   Section        0  iusefp.o(.text)
    .text                                    0x08002e1a   Section        0  dadd.o(.text)
    .text                                    0x08002f68   Section        0  ddiv.o(.text)
    .text                                    0x08003046   Section        0  dfixul.o(.text)
    .text                                    0x08003078   Section       40  cdrcmple.o(.text)
    .text                                    0x080030a0   Section       36  init.o(.text)
    .text                                    0x080030c4   Section        0  llshl.o(.text)
    .text                                    0x080030e2   Section        0  llushr.o(.text)
    .text                                    0x08003102   Section        0  llsshr.o(.text)
    SVC_TABLE                                0x08003128   Section        4  SVC_Table.o(SVC_TABLE)
    i.__0printf                              0x0800312c   Section        0  printfa.o(i.__0printf)
    i.__0sprintf                             0x0800314c   Section        0  printfa.o(i.__0sprintf)
    i.__scatterload_copy                     0x08003174   Section       14  handlers.o(i.__scatterload_copy)
    i.__scatterload_null                     0x08003182   Section        2  handlers.o(i.__scatterload_null)
    i.__scatterload_zeroinit                 0x08003184   Section       14  handlers.o(i.__scatterload_zeroinit)
    i._fp_digits                             0x08003194   Section        0  printfa.o(i._fp_digits)
    _fp_digits                               0x08003195   Thumb Code   326  printfa.o(i._fp_digits)
    i._init_box                              0x080032f0   Section        0  rt_membox.o(i._init_box)
    i._printf_core                           0x08003338   Section        0  printfa.o(i._printf_core)
    _printf_core                             0x08003339   Thumb Code  1762  printfa.o(i._printf_core)
    i._printf_post_padding                   0x08003a28   Section        0  printfa.o(i._printf_post_padding)
    _printf_post_padding                     0x08003a29   Thumb Code    38  printfa.o(i._printf_post_padding)
    i._printf_pre_padding                    0x08003a4e   Section        0  printfa.o(i._printf_pre_padding)
    _printf_pre_padding                      0x08003a4f   Thumb Code    48  printfa.o(i._printf_pre_padding)
    i._sputc                                 0x08003a7e   Section        0  printfa.o(i._sputc)
    _sputc                                   0x08003a7f   Thumb Code    10  printfa.o(i._sputc)
    i.dbg_init                               0x08003a88   Section        0  hal_cm.o(i.dbg_init)
    i.dbg_task_notify                        0x08003ab8   Section        0  hal_cm.o(i.dbg_task_notify)
    i.dbg_task_switch                        0x08003ad8   Section        0  hal_cm.o(i.dbg_task_switch)
    i.isrMessagePut                          0x08003ae8   Section        0  rt_cmsis.o(i.isrMessagePut)
    isrMessagePut                            0x08003ae9   Thumb Code    44  rt_cmsis.o(i.isrMessagePut)
    i.isr_mbx_receive                        0x08003b14   Section        0  rt_mailbox.o(i.isr_mbx_receive)
    i.isr_mbx_send                           0x08003b64   Section        0  rt_mailbox.o(i.isr_mbx_send)
    i.osDelay                                0x08003b74   Section        0  rt_cmsis.o(i.osDelay)
    i.osKernelStart                          0x08003b8c   Section        0  rt_cmsis.o(i.osKernelStart)
    i.osMessageGet                           0x08003bf4   Section        0  rt_cmsis.o(i.osMessageGet)
    i.osThreadCreate                         0x08003c38   Section        0  rt_cmsis.o(i.osThreadCreate)
    i.osThreadExit                           0x08003c50   Section        0  rt_cmsis.o(i.osThreadExit)
    i.osTimerCall                            0x08003c68   Section        0  rt_cmsis.o(i.osTimerCall)
    i.osTimerThread                          0x08003c74   Section        0  rt_cmsis.o(i.osTimerThread)
    i.rt_alloc_box                           0x08003ca0   Section        0  rt_membox.o(i.rt_alloc_box)
    i.rt_alloc_mem                           0x08003cbc   Section        0  rt_memory.o(i.rt_alloc_mem)
    i.rt_block                               0x08003cf8   Section        0  rt_task.o(i.rt_block)
    i.rt_chk_robin                           0x08003d30   Section        0  rt_robin.o(i.rt_chk_robin)
    i.rt_dec_dly                             0x08003d78   Section        0  rt_list.o(i.rt_dec_dly)
    i.rt_dispatch                            0x08003de8   Section        0  rt_task.o(i.rt_dispatch)
    i.rt_dly_wait                            0x08003e2c   Section        0  rt_time.o(i.rt_dly_wait)
    i.rt_evt_psh                             0x08003e34   Section        0  rt_event.o(i.rt_evt_psh)
    i.rt_free_box                            0x08003e84   Section        0  rt_membox.o(i.rt_free_box)
    i.rt_free_mem                            0x08003ea4   Section        0  rt_memory.o(i.rt_free_mem)
    i.rt_get_first                           0x08003ecc   Section        0  rt_list.o(i.rt_get_first)
    i.rt_id2obj                              0x08003ef4   Section        0  rt_cmsis.o(i.rt_id2obj)
    rt_id2obj                                0x08003ef5   Thumb Code     8  rt_cmsis.o(i.rt_id2obj)
    i.rt_init_context                        0x08003efc   Section        0  rt_task.o(i.rt_init_context)
    rt_init_context                          0x08003efd   Thumb Code    60  rt_task.o(i.rt_init_context)
    i.rt_init_mem                            0x08003f3c   Section        0  rt_memory.o(i.rt_init_mem)
    i.rt_init_robin                          0x08003f58   Section        0  rt_robin.o(i.rt_init_robin)
    i.rt_init_stack                          0x08003f70   Section        0  hal_cm.o(i.rt_init_stack)
    i.rt_mbx_check                           0x08003fc0   Section        0  rt_mailbox.o(i.rt_mbx_check)
    i.rt_mbx_init                            0x08003fc8   Section        0  rt_mailbox.o(i.rt_mbx_init)
    i.rt_mbx_psh                             0x08003fe4   Section        0  rt_mailbox.o(i.rt_mbx_psh)
    i.rt_mbx_wait                            0x080040e0   Section        0  rt_mailbox.o(i.rt_mbx_wait)
    i.rt_ms2tick                             0x08004194   Section        0  rt_cmsis.o(i.rt_ms2tick)
    rt_ms2tick                               0x08004195   Thumb Code    50  rt_cmsis.o(i.rt_ms2tick)
    i.rt_pop_req                             0x080041d0   Section        0  rt_system.o(i.rt_pop_req)
    i.rt_psh_req                             0x08004248   Section        0  rt_system.o(i.rt_psh_req)
    i.rt_psq_enq                             0x08004268   Section        0  rt_list.o(i.rt_psq_enq)
    i.rt_put_dly                             0x080042c0   Section        0  rt_list.o(i.rt_put_dly)
    i.rt_put_prio                            0x0800431c   Section        0  rt_list.o(i.rt_put_prio)
    i.rt_put_rdy_first                       0x08004354   Section        0  rt_list.o(i.rt_put_rdy_first)
    i.rt_ret_regs                            0x08004368   Section        0  hal_cm.o(i.rt_ret_regs)
    rt_ret_regs                              0x08004369   Thumb Code    16  hal_cm.o(i.rt_ret_regs)
    i.rt_ret_val                             0x08004378   Section        0  hal_cm.o(i.rt_ret_val)
    i.rt_ret_val2                            0x08004384   Section        0  hal_cm.o(i.rt_ret_val2)
    i.rt_rmv_dly                             0x08004394   Section        0  rt_list.o(i.rt_rmv_dly)
    i.rt_rmv_list                            0x080043bc   Section        0  rt_list.o(i.rt_rmv_list)
    i.rt_sem_psh                             0x080043ec   Section        0  rt_semaphore.o(i.rt_sem_psh)
    i.rt_stk_check                           0x08004420   Section        0  rt_system.o(i.rt_stk_check)
    i.rt_switch_req                          0x08004444   Section        0  rt_task.o(i.rt_switch_req)
    i.rt_sys_init                            0x0800446c   Section        0  rt_task.o(i.rt_sys_init)
    i.rt_systick                             0x080045ac   Section        0  rt_system.o(i.rt_systick)
    i.rt_tid2ptcb                            0x080045e8   Section        0  rt_cmsis.o(i.rt_tid2ptcb)
    rt_tid2ptcb                              0x080045e9   Thumb Code    18  rt_cmsis.o(i.rt_tid2ptcb)
    i.rt_timer_insert                        0x080045fc   Section        0  rt_cmsis.o(i.rt_timer_insert)
    rt_timer_insert                          0x080045fd   Thumb Code    56  rt_cmsis.o(i.rt_timer_insert)
    i.rt_tsk_create                          0x08004638   Section        0  rt_task.o(i.rt_tsk_create)
    i.rt_tsk_delete                          0x080046b8   Section        0  rt_task.o(i.rt_tsk_delete)
    i.rt_tsk_self                            0x08004764   Section        0  rt_task.o(i.rt_tsk_self)
    i.svcDelay                               0x08004774   Section        0  rt_cmsis.o(i.svcDelay)
    i.svcKernelStart                         0x08004788   Section        0  rt_cmsis.o(i.svcKernelStart)
    i.svcMessageCreate                       0x0800485c   Section        0  rt_cmsis.o(i.svcMessageCreate)
    i.svcMessageGet                          0x08004880   Section        0  rt_cmsis.o(i.svcMessageGet)
    i.svcThreadCreate                        0x080048bc   Section        0  rt_cmsis.o(i.svcThreadCreate)
    i.svcThreadGetId                         0x0800492c   Section        0  rt_cmsis.o(i.svcThreadGetId)
    i.svcThreadTerminate                     0x08004948   Section        0  rt_cmsis.o(i.svcThreadTerminate)
    i.svcTimerCall                           0x08004980   Section        0  rt_cmsis.o(i.svcTimerCall)
    i.sysTimerTick                           0x08004998   Section        0  rt_cmsis.o(i.sysTimerTick)
    .constdata                               0x080049ec   Section       88  rtx_conf_cm.o(.constdata)
    __tagsym$$used                           0x08004a00   Number         0  rtx_conf_cm.o(.constdata)
    __tagsym$$used                           0x08004a04   Number         0  rtx_conf_cm.o(.constdata)
    .constdata                               0x08004a44   Section       48  main.o(.constdata)
    .bss                                     0x10000000   Section     6992  rtx_conf_cm.o(.bss)
    .data                                    0x20000000   Section       20  system_stm32f4xx.o(.data)
    .data                                    0x20000014   Section       16  rtx_conf_cm.o(.data)
    .data                                    0x20000024   Section        4  stm32f4_discovery_lis302dl.o(.data)
    .data                                    0x20000028   Section        8  fputc_debug.o(.data)
    .data                                    0x20000030   Section        8  lcd_impl.o(.data)
    .data                                    0x20000038   Section       16  stm32f4xx_rcc.o(.data)
    APBAHBPrescTable                         0x20000038   Data          16  stm32f4xx_rcc.o(.data)
    .data                                    0x20000048   Section        4  rt_cmsis.o(.data)
    .data                                    0x2000004c   Section        8  rt_task.o(.data)
    .data                                    0x20000054   Section        3  rt_system.o(.data)
    os_lock                                  0x20000054   Data           1  rt_system.o(.data)
    os_psh_flag                              0x20000055   Data           1  rt_system.o(.data)
    pend_flags                               0x20000056   Data           1  rt_system.o(.data)
    .data                                    0x20000058   Section        2  rt_time.o(.data)
    .data                                    0x2000005a   Section        1  hal_cm.o(.data)
    .data                                    0x2000005c   Section        8  rt_robin.o(.data)
    .bss                                     0x20000064   Section       48  rt_task.o(.bss)
    .bss                                     0x20000094   Section       48  rt_list.o(.bss)
    STACK                                    0x200000c8   Section     1024  startup_stm32f4xx.o(STACK)

    Global Symbols

    Symbol Name                              Value     Ov Type        Size  Object(Section)

    BuildAttributes$$THM_ISAv4$E$P$D$K$B$S$7EM$VFPi3$EXTD16$VFPS$VFMA$PE$A:L22UL41UL21$X:L11$S22US41US21$IEEE1$IW$USESV6$~STKCKD$USESV7$~SHL$OTIME$ROPI$IEEEX$EBA8$MICROLIB$REQ8$PRES8$EABIv2 0x00000000   Number         0  anon$$obj.o ABSOLUTE
    __ARM_use_no_argv                        0x00000000   Number         0  main.o ABSOLUTE
    __use_no_errno                           0x00000000   Number         0  useno.o ABSOLUTE
    __use_no_exception_handling              0x00000000   Number         0  useno.o ABSOLUTE
    __use_no_fp                              0x00000000   Number         0  useno.o ABSOLUTE
    __use_no_heap                            0x00000000   Number         0  useno.o ABSOLUTE
    __use_no_heap_region                     0x00000000   Number         0  useno.o ABSOLUTE
    __use_no_semihosting                     0x00000000   Number         0  useno.o ABSOLUTE
    __use_no_semihosting_swi                 0x00000000   Number         0  useno.o ABSOLUTE
    __use_no_signal_handling                 0x00000000   Number         0  useno.o ABSOLUTE
    _printf_a                                0x00000000   Number         0  stubs.o ABSOLUTE
    _printf_c                                0x00000000   Number         0  stubs.o ABSOLUTE
    _printf_charcount                        0x00000000   Number         0  stubs.o ABSOLUTE
    _printf_d                                0x00000000   Number         0  stubs.o ABSOLUTE
    _printf_e                                0x00000000   Number         0  stubs.o ABSOLUTE
    _printf_f                                0x00000000   Number         0  stubs.o ABSOLUTE
    _printf_flags                            0x00000000   Number         0  stubs.o ABSOLUTE
    _printf_fp_dec                           0x00000000   Number         0  stubs.o ABSOLUTE
    _printf_fp_hex                           0x00000000   Number         0  stubs.o ABSOLUTE
    _printf_g                                0x00000000   Number         0  stubs.o ABSOLUTE
    _printf_i                                0x00000000   Number         0  stubs.o ABSOLUTE
    _printf_int_dec                          0x00000000   Number         0  stubs.o ABSOLUTE
    _printf_l                                0x00000000   Number         0  stubs.o ABSOLUTE
    _printf_lc                               0x00000000   Number         0  stubs.o ABSOLUTE
    _printf_ll                               0x00000000   Number         0  stubs.o ABSOLUTE
    _printf_lld                              0x00000000   Number         0  stubs.o ABSOLUTE
    _printf_lli                              0x00000000   Number         0  stubs.o ABSOLUTE
    _printf_llo                              0x00000000   Number         0  stubs.o ABSOLUTE
    _printf_llu                              0x00000000   Number         0  stubs.o ABSOLUTE
    _printf_llx                              0x00000000   Number         0  stubs.o ABSOLUTE
    _printf_longlong_dec                     0x00000000   Number         0  stubs.o ABSOLUTE
    _printf_longlong_hex                     0x00000000   Number         0  stubs.o ABSOLUTE
    _printf_longlong_oct                     0x00000000   Number         0  stubs.o ABSOLUTE
    _printf_ls                               0x00000000   Number         0  stubs.o ABSOLUTE
    _printf_mbtowc                           0x00000000   Number         0  stubs.o ABSOLUTE
    _printf_n                                0x00000000   Number         0  stubs.o ABSOLUTE
    _printf_o                                0x00000000   Number         0  stubs.o ABSOLUTE
    _printf_p                                0x00000000   Number         0  stubs.o ABSOLUTE
    _printf_percent                          0x00000000   Number         0  stubs.o ABSOLUTE
    _printf_pre_padding                      0x00000000   Number         0  stubs.o ABSOLUTE
    _printf_return_value                     0x00000000   Number         0  stubs.o ABSOLUTE
    _printf_s                                0x00000000   Number         0  stubs.o ABSOLUTE
    _printf_sizespec                         0x00000000   Number         0  stubs.o ABSOLUTE
    _printf_str                              0x00000000   Number         0  stubs.o ABSOLUTE
    _printf_truncate_signed                  0x00000000   Number         0  stubs.o ABSOLUTE
    _printf_truncate_unsigned                0x00000000   Number         0  stubs.o ABSOLUTE
    _printf_u                                0x00000000   Number         0  stubs.o ABSOLUTE
    _printf_wc                               0x00000000   Number         0  stubs.o ABSOLUTE
    _printf_wctomb                           0x00000000   Number         0  stubs.o ABSOLUTE
    _printf_widthprec                        0x00000000   Number         0  stubs.o ABSOLUTE
    _printf_x                                0x00000000   Number         0  stubs.o ABSOLUTE
    __cpp_initialize__aeabi_                  - Undefined Weak Reference
    __cxa_finalize                            - Undefined Weak Reference
    __decompress                              - Undefined Weak Reference
    _clock_init                               - Undefined Weak Reference
    _microlib_exit                            - Undefined Weak Reference
    __Vectors_Size                           0x00000188   Number         0  startup_stm32f4xx.o ABSOLUTE
    __RL_RTX_VER                             0x00000422   Number         0  rt_system.o ABSOLUTE
    __Vectors                                0x08000000   Data           4  startup_stm32f4xx.o(RESET)
    __Vectors_End                            0x08000188   Data           0  startup_stm32f4xx.o(RESET)
    __main                                   0x08000189   Thumb Code     0  entry.o(.ARM.Collect$$$$00000000)
    _main_stk                                0x08000189   Thumb Code     0  entry2.o(.ARM.Collect$$$$00000001)
    _main_scatterload                        0x0800018d   Thumb Code     0  entry5.o(.ARM.Collect$$$$00000004)
    __main_after_scatterload                 0x08000191   Thumb Code     0  entry5.o(.ARM.Collect$$$$00000004)
    __rt_final_cpp                           0x08000191   Thumb Code     0  entry10a.o(.ARM.Collect$$$$0000000D)
    __rt_final_exit                          0x08000191   Thumb Code     0  entry11a.o(.ARM.Collect$$$$0000000F)
    _main_clock                              0x08000191   Thumb Code     0  entry7b.o(.ARM.Collect$$$$00000008)
    _main_cpp_init                           0x08000191   Thumb Code     0  entry8b.o(.ARM.Collect$$$$0000000A)
    _main_init                               0x08000191   Thumb Code    10  rtx_conf_cm.o(.ARM.Collect$$$$000000FF)
    rt_set_PSP                               0x080001a5   Thumb Code     6  hal_cm4.o(.emb_text)
    os_set_env                               0x080001ab   Thumb Code    26  hal_cm4.o(.emb_text)
    _alloc_box                               0x080001c9   Thumb Code    28  hal_cm4.o(.emb_text)
    _free_box                                0x080001e9   Thumb Code    28  hal_cm4.o(.emb_text)
    SVC_Handler                              0x08000209   Thumb Code   152  hal_cm4.o(.emb_text)
    PendSV_Handler                           0x080002ad   Thumb Code     0  hal_cm4.o(.emb_text)
    Sys_Handler                              0x080002ad   Thumb Code   104  hal_cm4.o(.emb_text)
    SysTick_Handler                          0x0800030d   Thumb Code     0  hal_cm4.o(.emb_text)
    SystemInit                               0x080003f3   Thumb Code    88  system_stm32f4xx.o(.text)
    SystemCoreClockUpdate                    0x0800044b   Thumb Code   174  system_stm32f4xx.o(.text)
    Reset_Handler                            0x08000525   Thumb Code     8  startup_stm32f4xx.o(.text)
    NMI_Handler                              0x0800052d   Thumb Code     2  startup_stm32f4xx.o(.text)
    HardFault_Handler                        0x0800052f   Thumb Code     2  startup_stm32f4xx.o(.text)
    MemManage_Handler                        0x08000531   Thumb Code     2  startup_stm32f4xx.o(.text)
    BusFault_Handler                         0x08000533   Thumb Code     2  startup_stm32f4xx.o(.text)
    UsageFault_Handler                       0x08000535   Thumb Code     2  startup_stm32f4xx.o(.text)
    DebugMon_Handler                         0x08000539   Thumb Code     2  startup_stm32f4xx.o(.text)
    ADC_IRQHandler                           0x0800053f   Thumb Code     0  startup_stm32f4xx.o(.text)
    CAN1_RX0_IRQHandler                      0x0800053f   Thumb Code     0  startup_stm32f4xx.o(.text)
    CAN1_RX1_IRQHandler                      0x0800053f   Thumb Code     0  startup_stm32f4xx.o(.text)
    CAN1_SCE_IRQHandler                      0x0800053f   Thumb Code     0  startup_stm32f4xx.o(.text)
    CAN1_TX_IRQHandler                       0x0800053f   Thumb Code     0  startup_stm32f4xx.o(.text)
    CAN2_RX0_IRQHandler                      0x0800053f   Thumb Code     0  startup_stm32f4xx.o(.text)
    CAN2_RX1_IRQHandler                      0x0800053f   Thumb Code     0  startup_stm32f4xx.o(.text)
    CAN2_SCE_IRQHandler                      0x0800053f   Thumb Code     0  startup_stm32f4xx.o(.text)
    CAN2_TX_IRQHandler                       0x0800053f   Thumb Code     0  startup_stm32f4xx.o(.text)
    CRYP_IRQHandler                          0x0800053f   Thumb Code     0  startup_stm32f4xx.o(.text)
    DCMI_IRQHandler                          0x0800053f   Thumb Code     0  startup_stm32f4xx.o(.text)
    DMA1_Stream0_IRQHandler                  0x0800053f   Thumb Code     0  startup_stm32f4xx.o(.text)
    DMA1_Stream1_IRQHandler                  0x0800053f   Thumb Code     0  startup_stm32f4xx.o(.text)
    DMA1_Stream2_IRQHandler                  0x0800053f   Thumb Code     0  startup_stm32f4xx.o(.text)
    DMA1_Stream3_IRQHandler                  0x0800053f   Thumb Code     0  startup_stm32f4xx.o(.text)
    DMA1_Stream4_IRQHandler                  0x0800053f   Thumb Code     0  startup_stm32f4xx.o(.text)
    DMA1_Stream5_IRQHandler                  0x0800053f   Thumb Code     0  startup_stm32f4xx.o(.text)
    DMA1_Stream6_IRQHandler                  0x0800053f   Thumb Code     0  startup_stm32f4xx.o(.text)
    DMA1_Stream7_IRQHandler                  0x0800053f   Thumb Code     0  startup_stm32f4xx.o(.text)
    DMA2_Stream0_IRQHandler                  0x0800053f   Thumb Code     0  startup_stm32f4xx.o(.text)
    DMA2_Stream1_IRQHandler                  0x0800053f   Thumb Code     0  startup_stm32f4xx.o(.text)
    DMA2_Stream2_IRQHandler                  0x0800053f   Thumb Code     0  startup_stm32f4xx.o(.text)
    DMA2_Stream3_IRQHandler                  0x0800053f   Thumb Code     0  startup_stm32f4xx.o(.text)
    DMA2_Stream4_IRQHandler                  0x0800053f   Thumb Code     0  startup_stm32f4xx.o(.text)
    DMA2_Stream5_IRQHandler                  0x0800053f   Thumb Code     0  startup_stm32f4xx.o(.text)
    DMA2_Stream6_IRQHandler                  0x0800053f   Thumb Code     0  startup_stm32f4xx.o(.text)
    DMA2_Stream7_IRQHandler                  0x0800053f   Thumb Code     0  startup_stm32f4xx.o(.text)
    ETH_IRQHandler                           0x0800053f   Thumb Code     0  startup_stm32f4xx.o(.text)
    ETH_WKUP_IRQHandler                      0x0800053f   Thumb Code     0  startup_stm32f4xx.o(.text)
    EXTI0_IRQHandler                         0x0800053f   Thumb Code     0  startup_stm32f4xx.o(.text)
    EXTI15_10_IRQHandler                     0x0800053f   Thumb Code     0  startup_stm32f4xx.o(.text)
    EXTI1_IRQHandler                         0x0800053f   Thumb Code     0  startup_stm32f4xx.o(.text)
    EXTI2_IRQHandler                         0x0800053f   Thumb Code     0  startup_stm32f4xx.o(.text)
    EXTI3_IRQHandler                         0x0800053f   Thumb Code     0  startup_stm32f4xx.o(.text)
    EXTI4_IRQHandler                         0x0800053f   Thumb Code     0  startup_stm32f4xx.o(.text)
    EXTI9_5_IRQHandler                       0x0800053f   Thumb Code     0  startup_stm32f4xx.o(.text)
    FLASH_IRQHandler                         0x0800053f   Thumb Code     0  startup_stm32f4xx.o(.text)
    FPU_IRQHandler                           0x0800053f   Thumb Code     0  startup_stm32f4xx.o(.text)
    FSMC_IRQHandler                          0x0800053f   Thumb Code     0  startup_stm32f4xx.o(.text)
    HASH_RNG_IRQHandler                      0x0800053f   Thumb Code     0  startup_stm32f4xx.o(.text)
    I2C1_ER_IRQHandler                       0x0800053f   Thumb Code     0  startup_stm32f4xx.o(.text)
    I2C1_EV_IRQHandler                       0x0800053f   Thumb Code     0  startup_stm32f4xx.o(.text)
    I2C2_ER_IRQHandler                       0x0800053f   Thumb Code     0  startup_stm32f4xx.o(.text)
    I2C2_EV_IRQHandler                       0x0800053f   Thumb Code     0  startup_stm32f4xx.o(.text)
    I2C3_ER_IRQHandler                       0x0800053f   Thumb Code     0  startup_stm32f4xx.o(.text)
    I2C3_EV_IRQHandler                       0x0800053f   Thumb Code     0  startup_stm32f4xx.o(.text)
    OTG_FS_IRQHandler                        0x0800053f   Thumb Code     0  startup_stm32f4xx.o(.text)
    OTG_FS_WKUP_IRQHandler                   0x0800053f   Thumb Code     0  startup_stm32f4xx.o(.text)
    OTG_HS_EP1_IN_IRQHandler                 0x0800053f   Thumb Code     0  startup_stm32f4xx.o(.text)
    OTG_HS_EP1_OUT_IRQHandler                0x0800053f   Thumb Code     0  startup_stm32f4xx.o(.text)
    OTG_HS_IRQHandler                        0x0800053f   Thumb Code     0  startup_stm32f4xx.o(.text)
    OTG_HS_WKUP_IRQHandler                   0x0800053f   Thumb Code     0  startup_stm32f4xx.o(.text)
    PVD_IRQHandler                           0x0800053f   Thumb Code     0  startup_stm32f4xx.o(.text)
    RCC_IRQHandler                           0x0800053f   Thumb Code     0  startup_stm32f4xx.o(.text)
    RTC_Alarm_IRQHandler                     0x0800053f   Thumb Code     0  startup_stm32f4xx.o(.text)
    RTC_WKUP_IRQHandler                      0x0800053f   Thumb Code     0  startup_stm32f4xx.o(.text)
    SDIO_IRQHandler                          0x0800053f   Thumb Code     0  startup_stm32f4xx.o(.text)
    SPI1_IRQHandler                          0x0800053f   Thumb Code     0  startup_stm32f4xx.o(.text)
    SPI2_IRQHandler                          0x0800053f   Thumb Code     0  startup_stm32f4xx.o(.text)
    SPI3_IRQHandler                          0x0800053f   Thumb Code     0  startup_stm32f4xx.o(.text)
    TAMP_STAMP_IRQHandler                    0x0800053f   Thumb Code     0  startup_stm32f4xx.o(.text)
    TIM1_BRK_TIM9_IRQHandler                 0x0800053f   Thumb Code     0  startup_stm32f4xx.o(.text)
    TIM1_CC_IRQHandler                       0x0800053f   Thumb Code     0  startup_stm32f4xx.o(.text)
    TIM1_TRG_COM_TIM11_IRQHandler            0x0800053f   Thumb Code     0  startup_stm32f4xx.o(.text)
    TIM1_UP_TIM10_IRQHandler                 0x0800053f   Thumb Code     0  startup_stm32f4xx.o(.text)
    TIM2_IRQHandler                          0x0800053f   Thumb Code     0  startup_stm32f4xx.o(.text)
    TIM3_IRQHandler                          0x0800053f   Thumb Code     0  startup_stm32f4xx.o(.text)
    TIM4_IRQHandler                          0x0800053f   Thumb Code     0  startup_stm32f4xx.o(.text)
    TIM5_IRQHandler                          0x0800053f   Thumb Code     0  startup_stm32f4xx.o(.text)
    TIM6_DAC_IRQHandler                      0x0800053f   Thumb Code     0  startup_stm32f4xx.o(.text)
    TIM7_IRQHandler                          0x0800053f   Thumb Code     0  startup_stm32f4xx.o(.text)
    TIM8_BRK_TIM12_IRQHandler                0x0800053f   Thumb Code     0  startup_stm32f4xx.o(.text)
    TIM8_CC_IRQHandler                       0x0800053f   Thumb Code     0  startup_stm32f4xx.o(.text)
    TIM8_TRG_COM_TIM14_IRQHandler            0x0800053f   Thumb Code     0  startup_stm32f4xx.o(.text)
    TIM8_UP_TIM13_IRQHandler                 0x0800053f   Thumb Code     0  startup_stm32f4xx.o(.text)
    UART4_IRQHandler                         0x0800053f   Thumb Code     0  startup_stm32f4xx.o(.text)
    UART5_IRQHandler                         0x0800053f   Thumb Code     0  startup_stm32f4xx.o(.text)
    USART1_IRQHandler                        0x0800053f   Thumb Code     0  startup_stm32f4xx.o(.text)
    USART2_IRQHandler                        0x0800053f   Thumb Code     0  startup_stm32f4xx.o(.text)
    USART3_IRQHandler                        0x0800053f   Thumb Code     0  startup_stm32f4xx.o(.text)
    USART6_IRQHandler                        0x0800053f   Thumb Code     0  startup_stm32f4xx.o(.text)
    WWDG_IRQHandler                          0x0800053f   Thumb Code     0  startup_stm32f4xx.o(.text)
    os_idle_demon                            0x08000549   Thumb Code     4  rtx_conf_cm.o(.text)
    os_error                                 0x0800054d   Thumb Code     4  rtx_conf_cm.o(.text)
    main                                     0x08000551   Thumb Code   160  main.o(.text)
    thread                                   0x080005f1   Thumb Code    40  main.o(.text)
    set_Accelerometer_MEM                    0x08000629   Thumb Code    38  accelerometer_conf.o(.text)
    set_ADC_config                           0x08000651   Thumb Code   170  adc_impl.o(.text)
    get_ADC_temp                             0x080006fb   Thumb Code    48  adc_impl.o(.text)
    LED_GPIO_Config                          0x08000735   Thumb Code    54  sevensegled.o(.text)
    SevenSegLED                              0x0800076b   Thumb Code  1256  sevensegled.o(.text)
    Delay                                    0x08000c53   Thumb Code    12  sevensegled.o(.text)
    DisplayTemperature                       0x08000c5f   Thumb Code   360  sevensegled.o(.text)
    TURN_ON_OFF_PWM_LED                      0x08000dc7   Thumb Code    18  sevensegled.o(.text)
    trigger_alarm                            0x08000dd9   Thumb Code   152  sevensegled.o(.text)
    DisplayAngle                             0x08000e71   Thumb Code   130  sevensegled.o(.text)
    LIS302DL_TIMEOUT_UserCallback            0x08000f25   Thumb Code     2  stm32f4_discovery_lis302dl.o(.text)
    LIS302DL_Write                           0x08000f91   Thumb Code    58  stm32f4_discovery_lis302dl.o(.text)
    LIS302DL_Init                            0x080010f1   Thumb Code    44  stm32f4_discovery_lis302dl.o(.text)
    LIS302DL_Read                            0x0800111d   Thumb Code    66  stm32f4_discovery_lis302dl.o(.text)
    LIS302DL_FilterConfig                    0x0800115f   Thumb Code    58  stm32f4_discovery_lis302dl.o(.text)
    LIS302DL_InterruptConfig                 0x08001199   Thumb Code    42  stm32f4_discovery_lis302dl.o(.text)
    LIS302DL_LowpowerCmd                     0x080011c3   Thumb Code    44  stm32f4_discovery_lis302dl.o(.text)
    LIS302DL_DataRateCmd                     0x080011ef   Thumb Code    44  stm32f4_discovery_lis302dl.o(.text)
    LIS302DL_FullScaleCmd                    0x0800121b   Thumb Code    44  stm32f4_discovery_lis302dl.o(.text)
    LIS302DL_RebootCmd                       0x08001247   Thumb Code    34  stm32f4_discovery_lis302dl.o(.text)
    LIS302DL_ReadACC                         0x08001269   Thumb Code   112  stm32f4_discovery_lis302dl.o(.text)
    temperature_detection_thread             0x080012e9   Thumb Code    84  temperature_thread.o(.text)
    tilt_detection_thread                    0x08001349   Thumb Code   106  tilt_thread.o(.text)
    fputc                                    0x080013df   Thumb Code    14  fputc_debug.o(.text)
    _ttywrch                                 0x080013ed   Thumb Code    12  fputc_debug.o(.text)
    _sys_exit                                0x080013f9   Thumb Code     4  fputc_debug.o(.text)
    LCD_GPIO_Config                          0x08001401   Thumb Code    62  lcd_impl.o(.text)
    LCD_Delay                                0x0800143f   Thumb Code    10  lcd_impl.o(.text)
    LCD_Delay_Longer                         0x08001449   Thumb Code    22  lcd_impl.o(.text)
    LCD_Pulse_Longer                         0x0800145f   Thumb Code    34  lcd_impl.o(.text)
    LCD_Command_dataRegs                     0x08001481   Thumb Code   130  lcd_impl.o(.text)
    LCD_SelectRegs                           0x08001503   Thumb Code    56  lcd_impl.o(.text)
    LCD_clear_display                        0x0800153b   Thumb Code    22  lcd_impl.o(.text)
    LCD_Pulse                                0x08001551   Thumb Code    34  lcd_impl.o(.text)
    LCD_display_CursorHome                   0x08001573   Thumb Code    24  lcd_impl.o(.text)
    LCD_CharacterEntryMode                   0x0800158b   Thumb Code    24  lcd_impl.o(.text)
    LCD_FuncSet                              0x080015a3   Thumb Code    24  lcd_impl.o(.text)
    LCD_DisplayOnOff                         0x080015bb   Thumb Code    24  lcd_impl.o(.text)
    LCD_write                                0x080015d3   Thumb Code    26  lcd_impl.o(.text)
    LCD_set                                  0x080015ed   Thumb Code    26  lcd_impl.o(.text)
    LCD_DISPLAY_UPDATE_POS                   0x08001607   Thumb Code    30  lcd_impl.o(.text)
    LCD_Display_String                       0x08001625   Thumb Code    30  lcd_impl.o(.text)
    LCD_DisplayTemperature                   0x08001643   Thumb Code   260  lcd_impl.o(.text)
    LCD_DisplayTiltAngle                     0x08001747   Thumb Code   164  lcd_impl.o(.text)
    EXTI_NVIC_Config                         0x0800184d   Thumb Code   116  mem_interrupt.o(.text)
    MEM_Interrupt_Config                     0x080018c1   Thumb Code    42  mem_interrupt.o(.text)
    NVIC_PriorityGroupConfig                 0x080018f1   Thumb Code    10  misc.o(.text)
    NVIC_Init                                0x080018fb   Thumb Code   108  misc.o(.text)
    NVIC_SetVectorTable                      0x08001967   Thumb Code    14  misc.o(.text)
    NVIC_SystemLPConfig                      0x08001975   Thumb Code    34  misc.o(.text)
    SysTick_CLKSourceConfig                  0x08001997   Thumb Code    40  misc.o(.text)
    ADC_DeInit                               0x080019d5   Thumb Code    22  stm32f4xx_adc.o(.text)
    ADC_Init                                 0x080019eb   Thumb Code    74  stm32f4xx_adc.o(.text)
    ADC_StructInit                           0x08001a35   Thumb Code    20  stm32f4xx_adc.o(.text)
    ADC_CommonInit                           0x08001a49   Thumb Code    44  stm32f4xx_adc.o(.text)
    ADC_CommonStructInit                     0x08001a75   Thumb Code    12  stm32f4xx_adc.o(.text)
    ADC_Cmd                                  0x08001a81   Thumb Code    22  stm32f4xx_adc.o(.text)
    ADC_AnalogWatchdogCmd                    0x08001a97   Thumb Code    16  stm32f4xx_adc.o(.text)
    ADC_AnalogWatchdogThresholdsConfig       0x08001aa7   Thumb Code     6  stm32f4xx_adc.o(.text)
    ADC_AnalogWatchdogSingleChannelConfig    0x08001aad   Thumb Code    16  stm32f4xx_adc.o(.text)
    ADC_TempSensorVrefintCmd                 0x08001abd   Thumb Code    34  stm32f4xx_adc.o(.text)
    ADC_VBATCmd                              0x08001adf   Thumb Code    34  stm32f4xx_adc.o(.text)
    ADC_RegularChannelConfig                 0x08001b01   Thumb Code   184  stm32f4xx_adc.o(.text)
    ADC_SoftwareStartConv                    0x08001bb9   Thumb Code    10  stm32f4xx_adc.o(.text)
    ADC_GetSoftwareStartConvStatus           0x08001bc3   Thumb Code    20  stm32f4xx_adc.o(.text)
    ADC_EOCOnEachRegularChannelCmd           0x08001bd7   Thumb Code    22  stm32f4xx_adc.o(.text)
    ADC_ContinuousModeCmd                    0x08001bed   Thumb Code    22  stm32f4xx_adc.o(.text)
    ADC_DiscModeChannelCountConfig           0x08001c03   Thumb Code    24  stm32f4xx_adc.o(.text)
    ADC_DiscModeCmd                          0x08001c1b   Thumb Code    22  stm32f4xx_adc.o(.text)
    ADC_GetConversionValue                   0x08001c31   Thumb Code     8  stm32f4xx_adc.o(.text)
    ADC_GetMultiModeConversionValue          0x08001c39   Thumb Code     6  stm32f4xx_adc.o(.text)
    ADC_DMACmd                               0x08001c3f   Thumb Code    22  stm32f4xx_adc.o(.text)
    ADC_DMARequestAfterLastTransferCmd       0x08001c55   Thumb Code    22  stm32f4xx_adc.o(.text)
    ADC_MultiModeDMARequestAfterLastTransferCmd 0x08001c6b   Thumb Code    34  stm32f4xx_adc.o(.text)
    ADC_InjectedChannelConfig                0x08001c8d   Thumb Code   130  stm32f4xx_adc.o(.text)
    ADC_InjectedSequencerLengthConfig        0x08001d0f   Thumb Code    24  stm32f4xx_adc.o(.text)
    ADC_SetInjectedOffset                    0x08001d27   Thumb Code    20  stm32f4xx_adc.o(.text)
    ADC_ExternalTrigInjectedConvConfig       0x08001d3b   Thumb Code    16  stm32f4xx_adc.o(.text)
    ADC_ExternalTrigInjectedConvEdgeConfig   0x08001d4b   Thumb Code    16  stm32f4xx_adc.o(.text)
    ADC_SoftwareStartInjectedConv            0x08001d5b   Thumb Code    10  stm32f4xx_adc.o(.text)
    ADC_GetSoftwareStartInjectedConvCmdStatus 0x08001d65   Thumb Code    20  stm32f4xx_adc.o(.text)
    ADC_AutoInjectedConvCmd                  0x08001d79   Thumb Code    22  stm32f4xx_adc.o(.text)
    ADC_InjectedDiscModeCmd                  0x08001d8f   Thumb Code    22  stm32f4xx_adc.o(.text)
    ADC_GetInjectedConversionValue           0x08001da5   Thumb Code    28  stm32f4xx_adc.o(.text)
    ADC_ITConfig                             0x08001dc1   Thumb Code    60  stm32f4xx_adc.o(.text)
    ADC_GetFlagStatus                        0x08001dfd   Thumb Code    18  stm32f4xx_adc.o(.text)
    ADC_ClearFlag                            0x08001e0f   Thumb Code     6  stm32f4xx_adc.o(.text)
    ADC_GetITStatus                          0x08001e15   Thumb Code    38  stm32f4xx_adc.o(.text)
    ADC_ClearITPendingBit                    0x08001e3b   Thumb Code    10  stm32f4xx_adc.o(.text)
    EXTI_DeInit                              0x08001e45   Thumb Code    28  stm32f4xx_exti.o(.text)
    EXTI_Init                                0x08001e61   Thumb Code   142  stm32f4xx_exti.o(.text)
    EXTI_StructInit                          0x08001eef   Thumb Code    16  stm32f4xx_exti.o(.text)
    EXTI_GenerateSWInterrupt                 0x08001eff   Thumb Code    16  stm32f4xx_exti.o(.text)
    EXTI_GetFlagStatus                       0x08001f0f   Thumb Code    22  stm32f4xx_exti.o(.text)
    EXTI_ClearFlag                           0x08001f25   Thumb Code     8  stm32f4xx_exti.o(.text)
    EXTI_GetITStatus                         0x08001f2d   Thumb Code    34  stm32f4xx_exti.o(.text)
    EXTI_ClearITPendingBit                   0x08001f4f   Thumb Code     8  stm32f4xx_exti.o(.text)
    GPIO_DeInit                              0x08001f61   Thumb Code   220  stm32f4xx_gpio.o(.text)
    GPIO_Init                                0x0800203d   Thumb Code   144  stm32f4xx_gpio.o(.text)
    GPIO_StructInit                          0x080020cd   Thumb Code    18  stm32f4xx_gpio.o(.text)
    GPIO_PinLockConfig                       0x080020df   Thumb Code    34  stm32f4xx_gpio.o(.text)
    GPIO_ReadInputDataBit                    0x08002101   Thumb Code    18  stm32f4xx_gpio.o(.text)
    GPIO_ReadInputData                       0x08002113   Thumb Code     8  stm32f4xx_gpio.o(.text)
    GPIO_ReadOutputDataBit                   0x0800211b   Thumb Code    18  stm32f4xx_gpio.o(.text)
    GPIO_ReadOutputData                      0x0800212d   Thumb Code     8  stm32f4xx_gpio.o(.text)
    GPIO_SetBits                             0x08002135   Thumb Code     4  stm32f4xx_gpio.o(.text)
    GPIO_ResetBits                           0x08002139   Thumb Code     4  stm32f4xx_gpio.o(.text)
    GPIO_WriteBit                            0x0800213d   Thumb Code    10  stm32f4xx_gpio.o(.text)
    GPIO_Write                               0x08002147   Thumb Code     4  stm32f4xx_gpio.o(.text)
    GPIO_ToggleBits                          0x0800214b   Thumb Code     8  stm32f4xx_gpio.o(.text)
    GPIO_PinAFConfig                         0x08002153   Thumb Code    70  stm32f4xx_gpio.o(.text)
    RCC_DeInit                               0x080021bd   Thumb Code    60  stm32f4xx_rcc.o(.text)
    RCC_HSEConfig                            0x080021f9   Thumb Code    14  stm32f4xx_rcc.o(.text)
    RCC_GetFlagStatus                        0x08002207   Thumb Code    60  stm32f4xx_rcc.o(.text)
    RCC_WaitForHSEStartUp                    0x08002243   Thumb Code    56  stm32f4xx_rcc.o(.text)
    RCC_AdjustHSICalibrationValue            0x0800227b   Thumb Code    20  stm32f4xx_rcc.o(.text)
    RCC_HSICmd                               0x0800228f   Thumb Code     6  stm32f4xx_rcc.o(.text)
    RCC_LSEConfig                            0x08002295   Thumb Code    46  stm32f4xx_rcc.o(.text)
    RCC_LSICmd                               0x080022c3   Thumb Code     6  stm32f4xx_rcc.o(.text)
    RCC_PLLConfig                            0x080022c9   Thumb Code    32  stm32f4xx_rcc.o(.text)
    RCC_PLLCmd                               0x080022e9   Thumb Code     6  stm32f4xx_rcc.o(.text)
    RCC_PLLI2SConfig                         0x080022ef   Thumb Code    14  stm32f4xx_rcc.o(.text)
    RCC_PLLI2SCmd                            0x080022fd   Thumb Code     6  stm32f4xx_rcc.o(.text)
    RCC_ClockSecuritySystemCmd               0x08002303   Thumb Code     6  stm32f4xx_rcc.o(.text)
    RCC_MCO1Config                           0x08002309   Thumb Code    28  stm32f4xx_rcc.o(.text)
    RCC_MCO2Config                           0x08002325   Thumb Code    28  stm32f4xx_rcc.o(.text)
    RCC_SYSCLKConfig                         0x08002341   Thumb Code    20  stm32f4xx_rcc.o(.text)
    RCC_GetSYSCLKSource                      0x08002355   Thumb Code    12  stm32f4xx_rcc.o(.text)
    RCC_HCLKConfig                           0x08002361   Thumb Code    20  stm32f4xx_rcc.o(.text)
    RCC_PCLK1Config                          0x08002375   Thumb Code    20  stm32f4xx_rcc.o(.text)
    RCC_PCLK2Config                          0x08002389   Thumb Code    22  stm32f4xx_rcc.o(.text)
    RCC_GetClocksFreq                        0x0800239f   Thumb Code   222  stm32f4xx_rcc.o(.text)
    RCC_RTCCLKConfig                         0x0800247d   Thumb Code    54  stm32f4xx_rcc.o(.text)
    RCC_RTCCLKCmd                            0x080024b3   Thumb Code     8  stm32f4xx_rcc.o(.text)
    RCC_BackupResetCmd                       0x080024bb   Thumb Code     8  stm32f4xx_rcc.o(.text)
    RCC_I2SCLKConfig                         0x080024c3   Thumb Code     6  stm32f4xx_rcc.o(.text)
    RCC_AHB1PeriphClockCmd                   0x080024c9   Thumb Code    34  stm32f4xx_rcc.o(.text)
    RCC_AHB2PeriphClockCmd                   0x080024eb   Thumb Code    34  stm32f4xx_rcc.o(.text)
    RCC_AHB3PeriphClockCmd                   0x0800250d   Thumb Code    34  stm32f4xx_rcc.o(.text)
    RCC_APB1PeriphClockCmd                   0x0800252f   Thumb Code    34  stm32f4xx_rcc.o(.text)
    RCC_APB2PeriphClockCmd                   0x08002551   Thumb Code    34  stm32f4xx_rcc.o(.text)
    RCC_AHB1PeriphResetCmd                   0x08002573   Thumb Code    34  stm32f4xx_rcc.o(.text)
    RCC_AHB2PeriphResetCmd                   0x08002595   Thumb Code    72  stm32f4xx_rcc.o(.text)
    RCC_AHB3PeriphResetCmd                   0x080025dd   Thumb Code    34  stm32f4xx_rcc.o(.text)
    RCC_APB1PeriphResetCmd                   0x080025ff   Thumb Code    34  stm32f4xx_rcc.o(.text)
    RCC_APB2PeriphResetCmd                   0x08002621   Thumb Code    34  stm32f4xx_rcc.o(.text)
    RCC_AHB1PeriphClockLPModeCmd             0x08002643   Thumb Code    34  stm32f4xx_rcc.o(.text)
    RCC_AHB2PeriphClockLPModeCmd             0x08002665   Thumb Code    34  stm32f4xx_rcc.o(.text)
    RCC_AHB3PeriphClockLPModeCmd             0x08002687   Thumb Code    34  stm32f4xx_rcc.o(.text)
    RCC_APB1PeriphClockLPModeCmd             0x080026a9   Thumb Code    34  stm32f4xx_rcc.o(.text)
    RCC_APB2PeriphClockLPModeCmd             0x080026cb   Thumb Code    34  stm32f4xx_rcc.o(.text)
    RCC_ITConfig                             0x080026ed   Thumb Code    34  stm32f4xx_rcc.o(.text)
    RCC_ClearFlag                            0x0800270f   Thumb Code    18  stm32f4xx_rcc.o(.text)
    RCC_GetITStatus                          0x08002721   Thumb Code    22  stm32f4xx_rcc.o(.text)
    RCC_ClearITPendingBit                    0x08002737   Thumb Code     8  stm32f4xx_rcc.o(.text)
    SPI_I2S_DeInit                           0x08002745   Thumb Code    76  stm32f4xx_spi.o(.text)
    SPI_Init                                 0x08002791   Thumb Code    60  stm32f4xx_spi.o(.text)
    I2S_Init                                 0x080027cd   Thumb Code   346  stm32f4xx_spi.o(.text)
    SPI_StructInit                           0x08002927   Thumb Code    24  stm32f4xx_spi.o(.text)
    I2S_StructInit                           0x0800293f   Thumb Code    20  stm32f4xx_spi.o(.text)
    SPI_Cmd                                  0x08002953   Thumb Code    24  stm32f4xx_spi.o(.text)
    I2S_Cmd                                  0x0800296b   Thumb Code    24  stm32f4xx_spi.o(.text)
    SPI_DataSizeConfig                       0x08002983   Thumb Code    18  stm32f4xx_spi.o(.text)
    SPI_BiDirectionalLineConfig              0x08002995   Thumb Code    28  stm32f4xx_spi.o(.text)
    SPI_NSSInternalSoftwareConfig            0x080029b1   Thumb Code    30  stm32f4xx_spi.o(.text)
    SPI_SSOutputCmd                          0x080029cf   Thumb Code    24  stm32f4xx_spi.o(.text)
    SPI_TIModeCmd                            0x080029e7   Thumb Code    24  stm32f4xx_spi.o(.text)
    I2S_FullDuplexConfig                     0x080029ff   Thumb Code    80  stm32f4xx_spi.o(.text)
    SPI_I2S_ReceiveData                      0x08002a4f   Thumb Code     6  stm32f4xx_spi.o(.text)
    SPI_I2S_SendData                         0x08002a55   Thumb Code     4  stm32f4xx_spi.o(.text)
    SPI_CalculateCRC                         0x08002a59   Thumb Code    24  stm32f4xx_spi.o(.text)
    SPI_TransmitCRC                          0x08002a71   Thumb Code    10  stm32f4xx_spi.o(.text)
    SPI_GetCRC                               0x08002a7b   Thumb Code    16  stm32f4xx_spi.o(.text)
    SPI_GetCRCPolynomial                     0x08002a8b   Thumb Code     6  stm32f4xx_spi.o(.text)
    SPI_I2S_DMACmd                           0x08002a91   Thumb Code    18  stm32f4xx_spi.o(.text)
    SPI_I2S_ITConfig                         0x08002aa3   Thumb Code    32  stm32f4xx_spi.o(.text)
    SPI_I2S_GetFlagStatus                    0x08002ac3   Thumb Code    18  stm32f4xx_spi.o(.text)
    SPI_I2S_ClearFlag                        0x08002ad5   Thumb Code     6  stm32f4xx_spi.o(.text)
    SPI_I2S_GetITStatus                      0x08002adb   Thumb Code    52  stm32f4xx_spi.o(.text)
    SPI_I2S_ClearITPendingBit                0x08002b0f   Thumb Code    20  stm32f4xx_spi.o(.text)
    SYSCFG_DeInit                            0x08002b39   Thumb Code    22  stm32f4xx_syscfg.o(.text)
    SYSCFG_MemoryRemapConfig                 0x08002b4f   Thumb Code     6  stm32f4xx_syscfg.o(.text)
    SYSCFG_EXTILineConfig                    0x08002b55   Thumb Code    66  stm32f4xx_syscfg.o(.text)
    SYSCFG_ETH_MediaInterfaceConfig          0x08002b97   Thumb Code     6  stm32f4xx_syscfg.o(.text)
    SYSCFG_CompensationCellCmd               0x08002b9d   Thumb Code     6  stm32f4xx_syscfg.o(.text)
    SYSCFG_GetCompensationCellStatus         0x08002ba3   Thumb Code    22  stm32f4xx_syscfg.o(.text)
    __aeabi_dmul                             0x08002bc5   Thumb Code   228  dmul.o(.text)
    __aeabi_f2d                              0x08002ca9   Thumb Code    38  f2d.o(.text)
    __aeabi_uidiv                            0x08002ccf   Thumb Code     0  uidiv.o(.text)
    __aeabi_uidivmod                         0x08002ccf   Thumb Code    44  uidiv.o(.text)
    __aeabi_uldivmod                         0x08002cfb   Thumb Code    98  uldiv.o(.text)
    __I$use$fp                               0x08002d5d   Thumb Code     0  iusefp.o(.text)
    _double_round                            0x08002d5d   Thumb Code    26  depilogue.o(.text)
    _double_epilogue                         0x08002d77   Thumb Code   164  depilogue.o(.text)
    __aeabi_dadd                             0x08002e1b   Thumb Code   322  dadd.o(.text)
    __aeabi_dsub                             0x08002f5d   Thumb Code     6  dadd.o(.text)
    __aeabi_drsub                            0x08002f63   Thumb Code     6  dadd.o(.text)
    __aeabi_ddiv                             0x08002f69   Thumb Code   222  ddiv.o(.text)
    __aeabi_d2ulz                            0x08003047   Thumb Code    48  dfixul.o(.text)
    __aeabi_cdrcmple                         0x08003079   Thumb Code    38  cdrcmple.o(.text)
    __scatterload                            0x080030a1   Thumb Code    28  init.o(.text)
    __scatterload_rt2                        0x080030a1   Thumb Code     0  init.o(.text)
    __aeabi_llsl                             0x080030c5   Thumb Code    30  llshl.o(.text)
    _ll_shift_l                              0x080030c5   Thumb Code     0  llshl.o(.text)
    __aeabi_llsr                             0x080030e3   Thumb Code    32  llushr.o(.text)
    _ll_ushift_r                             0x080030e3   Thumb Code     0  llushr.o(.text)
    __aeabi_lasr                             0x08003103   Thumb Code    36  llsshr.o(.text)
    _ll_sshift_r                             0x08003103   Thumb Code     0  llsshr.o(.text)
    SVC_Count                                0x08003128   Data           4  SVC_Table.o(SVC_TABLE)
    SVC_Table                                0x0800312c   Data           0  SVC_Table.o(SVC_TABLE)
    __0printf                                0x0800312d   Thumb Code    22  printfa.o(i.__0printf)
    __1printf                                0x0800312d   Thumb Code     0  printfa.o(i.__0printf)
    __2printf                                0x0800312d   Thumb Code     0  printfa.o(i.__0printf)
    __c89printf                              0x0800312d   Thumb Code     0  printfa.o(i.__0printf)
    printf                                   0x0800312d   Thumb Code     0  printfa.o(i.__0printf)
    __0sprintf                               0x0800314d   Thumb Code    34  printfa.o(i.__0sprintf)
    __1sprintf                               0x0800314d   Thumb Code     0  printfa.o(i.__0sprintf)
    __2sprintf                               0x0800314d   Thumb Code     0  printfa.o(i.__0sprintf)
    __c89sprintf                             0x0800314d   Thumb Code     0  printfa.o(i.__0sprintf)
    sprintf                                  0x0800314d   Thumb Code     0  printfa.o(i.__0sprintf)
    __scatterload_copy                       0x08003175   Thumb Code    14  handlers.o(i.__scatterload_copy)
    __scatterload_null                       0x08003183   Thumb Code     2  handlers.o(i.__scatterload_null)
    __scatterload_zeroinit                   0x08003185   Thumb Code    14  handlers.o(i.__scatterload_zeroinit)
    _init_box                                0x080032f1   Thumb Code    70  rt_membox.o(i._init_box)
    dbg_init                                 0x08003a89   Thumb Code    34  hal_cm.o(i.dbg_init)
    dbg_task_notify                          0x08003ab9   Thumb Code    32  hal_cm.o(i.dbg_task_notify)
    dbg_task_switch                          0x08003ad9   Thumb Code    16  hal_cm.o(i.dbg_task_switch)
    isr_mbx_receive                          0x08003b15   Thumb Code    80  rt_mailbox.o(i.isr_mbx_receive)
    isr_mbx_send                             0x08003b65   Thumb Code    14  rt_mailbox.o(i.isr_mbx_send)
    osDelay                                  0x08003b75   Thumb Code    18  rt_cmsis.o(i.osDelay)
    osKernelStart                            0x08003b8d   Thumb Code    94  rt_cmsis.o(i.osKernelStart)
    osMessageGet                             0x08003bf5   Thumb Code    64  rt_cmsis.o(i.osMessageGet)
    osThreadCreate                           0x08003c39   Thumb Code    18  rt_cmsis.o(i.osThreadCreate)
    osThreadExit                             0x08003c51   Thumb Code    14  rt_cmsis.o(i.osThreadExit)
    osTimerCall                              0x08003c69   Thumb Code     8  rt_cmsis.o(i.osTimerCall)
    osTimerThread                            0x08003c75   Thumb Code    38  rt_cmsis.o(i.osTimerThread)
    rt_alloc_box                             0x08003ca1   Thumb Code    28  rt_membox.o(i.rt_alloc_box)
    rt_alloc_mem                             0x08003cbd   Thumb Code    60  rt_memory.o(i.rt_alloc_mem)
    rt_block                                 0x08003cf9   Thumb Code    48  rt_task.o(i.rt_block)
    rt_chk_robin                             0x08003d31   Thumb Code    58  rt_robin.o(i.rt_chk_robin)
    rt_dec_dly                               0x08003d79   Thumb Code   102  rt_list.o(i.rt_dec_dly)
    rt_dispatch                              0x08003de9   Thumb Code    60  rt_task.o(i.rt_dispatch)
    rt_dly_wait                              0x08003e2d   Thumb Code     6  rt_time.o(i.rt_dly_wait)
    rt_evt_psh                               0x08003e35   Thumb Code    76  rt_event.o(i.rt_evt_psh)
    rt_free_box                              0x08003e85   Thumb Code    32  rt_membox.o(i.rt_free_box)
    rt_free_mem                              0x08003ea5   Thumb Code    40  rt_memory.o(i.rt_free_mem)
    rt_get_first                             0x08003ecd   Thumb Code    40  rt_list.o(i.rt_get_first)
    rt_init_mem                              0x08003f3d   Thumb Code    26  rt_memory.o(i.rt_init_mem)
    rt_init_robin                            0x08003f59   Thumb Code    14  rt_robin.o(i.rt_init_robin)
    rt_init_stack                            0x08003f71   Thumb Code    70  hal_cm.o(i.rt_init_stack)
    rt_mbx_check                             0x08003fc1   Thumb Code     8  rt_mailbox.o(i.rt_mbx_check)
    rt_mbx_init                              0x08003fc9   Thumb Code    26  rt_mailbox.o(i.rt_mbx_init)
    rt_mbx_psh                               0x08003fe5   Thumb Code   248  rt_mailbox.o(i.rt_mbx_psh)
    rt_mbx_wait                              0x080040e1   Thumb Code   174  rt_mailbox.o(i.rt_mbx_wait)
    rt_pop_req                               0x080041d1   Thumb Code   106  rt_system.o(i.rt_pop_req)
    rt_psh_req                               0x08004249   Thumb Code    22  rt_system.o(i.rt_psh_req)
    rt_psq_enq                               0x08004269   Thumb Code    82  rt_list.o(i.rt_psq_enq)
    rt_put_dly                               0x080042c1   Thumb Code    88  rt_list.o(i.rt_put_dly)
    rt_put_prio                              0x0800431d   Thumb Code    56  rt_list.o(i.rt_put_prio)
    rt_put_rdy_first                         0x08004355   Thumb Code    14  rt_list.o(i.rt_put_rdy_first)
    rt_ret_val                               0x08004379   Thumb Code    12  hal_cm.o(i.rt_ret_val)
    rt_ret_val2                              0x08004385   Thumb Code    16  hal_cm.o(i.rt_ret_val2)
    rt_rmv_dly                               0x08004395   Thumb Code    40  rt_list.o(i.rt_rmv_dly)
    rt_rmv_list                              0x080043bd   Thumb Code    44  rt_list.o(i.rt_rmv_list)
    rt_sem_psh                               0x080043ed   Thumb Code    48  rt_semaphore.o(i.rt_sem_psh)
    rt_stk_check                             0x08004421   Thumb Code    28  rt_system.o(i.rt_stk_check)
    rt_switch_req                            0x08004445   Thumb Code    30  rt_task.o(i.rt_switch_req)
    rt_sys_init                              0x0800446d   Thumb Code   242  rt_task.o(i.rt_sys_init)
    rt_systick                               0x080045ad   Thumb Code    48  rt_system.o(i.rt_systick)
    rt_tsk_create                            0x08004639   Thumb Code   112  rt_task.o(i.rt_tsk_create)
    rt_tsk_delete                            0x080046b9   Thumb Code   146  rt_task.o(i.rt_tsk_delete)
    rt_tsk_self                              0x08004765   Thumb Code    12  rt_task.o(i.rt_tsk_self)
    svcDelay                                 0x08004775   Thumb Code    20  rt_cmsis.o(i.svcDelay)
    svcKernelStart                           0x08004789   Thumb Code   174  rt_cmsis.o(i.svcKernelStart)
    svcMessageCreate                         0x0800485d   Thumb Code    36  rt_cmsis.o(i.svcMessageCreate)
    svcMessageGet                            0x08004881   Thumb Code    58  rt_cmsis.o(i.svcMessageGet)
    svcThreadCreate                          0x080048bd   Thumb Code   100  rt_cmsis.o(i.svcThreadCreate)
    svcThreadGetId                           0x0800492d   Thumb Code    22  rt_cmsis.o(i.svcThreadGetId)
    svcThreadTerminate                       0x08004949   Thumb Code    52  rt_cmsis.o(i.svcThreadTerminate)
    svcTimerCall                             0x08004981   Thumb Code    24  rt_cmsis.o(i.svcTimerCall)
    sysTimerTick                             0x08004999   Thumb Code    76  rt_cmsis.o(i.sysTimerTick)
    os_maxtaskrun                            0x080049ec   Data           2  rtx_conf_cm.o(.constdata)
    os_stackinfo                             0x080049f0   Data           4  rtx_conf_cm.o(.constdata)
    os_rrobin                                0x080049f4   Data           4  rtx_conf_cm.o(.constdata)
    os_trv                                   0x080049f8   Data           4  rtx_conf_cm.o(.constdata)
    os_flags                                 0x080049fc   Data           1  rtx_conf_cm.o(.constdata)
    os_clockrate                             0x08004a00   Data           4  rtx_conf_cm.o(.constdata)
    os_timernum                              0x08004a04   Data           4  rtx_conf_cm.o(.constdata)
    mp_tcb_size                              0x08004a08   Data           2  rtx_conf_cm.o(.constdata)
    mp_stk_size                              0x08004a0c   Data           4  rtx_conf_cm.o(.constdata)
    os_stack_sz                              0x08004a10   Data           4  rtx_conf_cm.o(.constdata)
    os_fifo_size                             0x08004a14   Data           1  rtx_conf_cm.o(.constdata)
    os_thread_def_osTimerThread              0x08004a18   Data          16  rtx_conf_cm.o(.constdata)
    os_messageQ_def_osTimerMessageQ          0x08004a28   Data           8  rtx_conf_cm.o(.constdata)
    mp_tmr_size                              0x08004a30   Data           2  rtx_conf_cm.o(.constdata)
    os_thread_def_main                       0x08004a34   Data          16  rtx_conf_cm.o(.constdata)
    os_thread_def_thread                     0x08004a44   Data          16  main.o(.constdata)
    os_thread_def_temperature_detection_thread 0x08004a54   Data          16  main.o(.constdata)
    os_thread_def_tilt_detection_thread      0x08004a64   Data          16  main.o(.constdata)
    Region$$Table$$Base                      0x08004a74   Number         0  anon$$obj.o(Region$$Table)
    Region$$Table$$Limit                     0x08004aa4   Number         0  anon$$obj.o(Region$$Table)
    mp_tcb                                   0x10000000   Data         348  rtx_conf_cm.o(.bss)
    mp_stk                                   0x10000160   Data        4816  rtx_conf_cm.o(.bss)
    os_stack_mem                             0x10001430   Data        1632  rtx_conf_cm.o(.bss)
    os_fifo                                  0x10001a90   Data         132  rtx_conf_cm.o(.bss)
    os_active_TCB                            0x10001b14   Data          28  rtx_conf_cm.o(.bss)
    os_messageQ_q_osTimerMessageQ            0x10001b30   Data          32  rtx_conf_cm.o(.bss)
    SystemCoreClock                          0x20000000   Data           4  system_stm32f4xx.o(.data)
    AHBPrescTable                            0x20000004   Data          16  system_stm32f4xx.o(.data)
    os_tmr                                   0x20000014   Data           4  rtx_conf_cm.o(.data)
    m_tmr                                    0x20000018   Data           4  rtx_conf_cm.o(.data)
    osThreadId_osTimerThread                 0x2000001c   Data           4  rtx_conf_cm.o(.data)
    osMessageQId_osTimerMessageQ             0x20000020   Data           4  rtx_conf_cm.o(.data)
    LIS302DLTimeout                          0x20000024   Data           4  stm32f4_discovery_lis302dl.o(.data)
    __stdout                                 0x20000028   Data           4  fputc_debug.o(.data)
    __stdin                                  0x2000002c   Data           4  fputc_debug.o(.data)
    GLB_Temperature_display_flag             0x20000030   Data           4  lcd_impl.o(.data)
    GLB_TiltAngle_RollPitch_display_flag     0x20000034   Data           4  lcd_impl.o(.data)
    os_timer_head                            0x20000048   Data           4  rt_cmsis.o(.data)
    os_tsk                                   0x2000004c   Data           8  rt_task.o(.data)
    os_time                                  0x20000058   Data           2  rt_time.o(.data)
    dbg_msg                                  0x2000005a   Data           1  hal_cm.o(.data)
    os_robin                                 0x2000005c   Data           8  rt_robin.o(.data)
    os_idle_TCB                              0x20000064   Data          48  rt_task.o(.bss)
    os_rdy                                   0x20000094   Data          24  rt_list.o(.bss)
    os_dly                                   0x200000ac   Data          24  rt_list.o(.bss)
    __initial_sp                             0x200004c8   Data           0  startup_stm32f4xx.o(STACK)



==============================================================================

Memory Map of the image

  Image Entry point : 0x08000189

  Load Region LR_IROM1 (Base: 0x08000000, Size: 0x00004b08, Max: 0x00100000, ABSOLUTE)

    Execution Region ER_IROM1 (Base: 0x08000000, Size: 0x00004aa4, Max: 0x00100000, ABSOLUTE)

    Base Addr    Size         Type   Attr      Idx    E Section Name        Object

    0x08000000   0x00000188   Data   RO          132    RESET               startup_stm32f4xx.o
    0x08000188   0x00000000   Code   RO         2346  * .ARM.Collect$$$$00000000  mc_w.l(entry.o)
    0x08000188   0x00000004   Code   RO         2629    .ARM.Collect$$$$00000001  mc_w.l(entry2.o)
    0x0800018c   0x00000004   Code   RO         2632    .ARM.Collect$$$$00000004  mc_w.l(entry5.o)
    0x08000190   0x00000000   Code   RO         2634    .ARM.Collect$$$$00000008  mc_w.l(entry7b.o)
    0x08000190   0x00000000   Code   RO         2636    .ARM.Collect$$$$0000000A  mc_w.l(entry8b.o)
    0x08000190   0x00000000   Code   RO         2637    .ARM.Collect$$$$0000000D  mc_w.l(entry10a.o)
    0x08000190   0x00000000   Code   RO         2639    .ARM.Collect$$$$0000000F  mc_w.l(entry11a.o)
    0x08000190   0x00000010   Code   RO          137    .ARM.Collect$$$$000000FF  rtx_conf_cm.o
    0x080001a0   0x00000004   Code   RO         2630    .ARM.Collect$$$$00002712  mc_w.l(entry2.o)
    0x080001a4   0x00000174   Code   RO         2293    .emb_text           RTX_CM4.lib(hal_cm4.o)
    0x08000318   0x0000020c   Code   RO            3    .text               system_stm32f4xx.o
    0x08000524   0x00000024   Code   RO          133    .text               startup_stm32f4xx.o
    0x08000548   0x00000008   Code   RO          138    .text               rtx_conf_cm.o
    0x08000550   0x000000d8   Code   RO          171    .text               main.o
    0x08000628   0x00000026   Code   RO          238    .text               accelerometer_conf.o
    0x0800064e   0x00000002   PAD
    0x08000650   0x000000e4   Code   RO          264    .text               adc_impl.o
    0x08000734   0x000007f0   Code   RO          362    .text               sevensegled.o
    0x08000f24   0x000003c4   Code   RO          382    .text               stm32f4_discovery_lis302dl.o
    0x080012e8   0x00000060   Code   RO          405    .text               temperature_thread.o
    0x08001348   0x0000006a   Code   RO          429    .text               tilt_thread.o
    0x080013b2   0x00000002   PAD
    0x080013b4   0x0000004c   Code   RO          464    .text               fputc_debug.o
    0x08001400   0x0000044c   Code   RO          498    .text               lcd_impl.o
    0x0800184c   0x000000a4   Code   RO          536    .text               mem_interrupt.o
    0x080018f0   0x000000e4   Code   RO          586    .text               misc.o
    0x080019d4   0x00000470   Code   RO          612    .text               stm32f4xx_adc.o
    0x08001e44   0x0000011c   Code   RO          847    .text               stm32f4xx_exti.o
    0x08001f60   0x0000025c   Code   RO          916    .text               stm32f4xx_gpio.o
    0x080021bc   0x00000588   Code   RO         1065    .text               stm32f4xx_rcc.o
    0x08002744   0x000003f4   Code   RO         1156    .text               stm32f4xx_spi.o
    0x08002b38   0x0000008c   Code   RO         1179    .text               stm32f4xx_syscfg.o
    0x08002bc4   0x000000e4   Code   RO         2610    .text               mf_w.l(dmul.o)
    0x08002ca8   0x00000026   Code   RO         2612    .text               mf_w.l(f2d.o)
    0x08002cce   0x0000002c   Code   RO         2641    .text               mc_w.l(uidiv.o)
    0x08002cfa   0x00000062   Code   RO         2643    .text               mc_w.l(uldiv.o)
    0x08002d5c   0x00000000   Code   RO         2652    .text               mc_w.l(iusefp.o)
    0x08002d5c   0x000000be   Code   RO         2655    .text               mf_w.l(depilogue.o)
    0x08002e1a   0x0000014e   Code   RO         2657    .text               mf_w.l(dadd.o)
    0x08002f68   0x000000de   Code   RO         2659    .text               mf_w.l(ddiv.o)
    0x08003046   0x00000030   Code   RO         2669    .text               mf_w.l(dfixul.o)
    0x08003076   0x00000002   PAD
    0x08003078   0x00000028   Code   RO         2673    .text               mf_w.l(cdrcmple.o)
    0x080030a0   0x00000024   Code   RO         2675    .text               mc_w.l(init.o)
    0x080030c4   0x0000001e   Code   RO         2677    .text               mc_w.l(llshl.o)
    0x080030e2   0x00000020   Code   RO         2679    .text               mc_w.l(llushr.o)
    0x08003102   0x00000024   Code   RO         2681    .text               mc_w.l(llsshr.o)
    0x08003126   0x00000002   PAD
    0x08003128   0x00000004   Code   RO         2303    SVC_TABLE           RTX_CM4.lib(SVC_Table.o)
    0x0800312c   0x00000020   Code   RO         2582    i.__0printf         mc_w.l(printfa.o)
    0x0800314c   0x00000028   Code   RO         2584    i.__0sprintf        mc_w.l(printfa.o)
    0x08003174   0x0000000e   Code   RO         2685    i.__scatterload_copy  mc_w.l(handlers.o)
    0x08003182   0x00000002   Code   RO         2686    i.__scatterload_null  mc_w.l(handlers.o)
    0x08003184   0x0000000e   Code   RO         2687    i.__scatterload_zeroinit  mc_w.l(handlers.o)
    0x08003192   0x00000002   PAD
    0x08003194   0x0000015c   Code   RO         2589    i._fp_digits        mc_w.l(printfa.o)
    0x080032f0   0x00000046   Code   RO         2166    i._init_box         RTX_CM4.lib(rt_membox.o)
    0x08003336   0x00000002   PAD
    0x08003338   0x000006f0   Code   RO         2590    i._printf_core      mc_w.l(printfa.o)
    0x08003a28   0x00000026   Code   RO         2591    i._printf_post_padding  mc_w.l(printfa.o)
    0x08003a4e   0x00000030   Code   RO         2592    i._printf_pre_padding  mc_w.l(printfa.o)
    0x08003a7e   0x0000000a   Code   RO         2594    i._sputc            mc_w.l(printfa.o)
    0x08003a88   0x00000030   Code   RO         2219    i.dbg_init          RTX_CM4.lib(hal_cm.o)
    0x08003ab8   0x00000020   Code   RO         2220    i.dbg_task_notify   RTX_CM4.lib(hal_cm.o)
    0x08003ad8   0x00000010   Code   RO         2221    i.dbg_task_switch   RTX_CM4.lib(hal_cm.o)
    0x08003ae8   0x0000002c   Code   RO         1265    i.isrMessagePut     RTX_CM4.lib(rt_cmsis.o)
    0x08003b14   0x00000050   Code   RO         2030    i.isr_mbx_receive   RTX_CM4.lib(rt_mailbox.o)
    0x08003b64   0x0000000e   Code   RO         2031    i.isr_mbx_send      RTX_CM4.lib(rt_mailbox.o)
    0x08003b72   0x00000002   PAD
    0x08003b74   0x00000018   Code   RO         1266    i.osDelay           RTX_CM4.lib(rt_cmsis.o)
    0x08003b8c   0x00000068   Code   RO         1268    i.osKernelStart     RTX_CM4.lib(rt_cmsis.o)
    0x08003bf4   0x00000044   Code   RO         1276    i.osMessageGet      RTX_CM4.lib(rt_cmsis.o)
    0x08003c38   0x00000018   Code   RO         1292    i.osThreadCreate    RTX_CM4.lib(rt_cmsis.o)
    0x08003c50   0x00000018   Code   RO         1293    i.osThreadExit      RTX_CM4.lib(rt_cmsis.o)
    0x08003c68   0x0000000c   Code   RO         1299    i.osTimerCall       RTX_CM4.lib(rt_cmsis.o)
    0x08003c74   0x0000002c   Code   RO         1303    i.osTimerThread     RTX_CM4.lib(rt_cmsis.o)
    0x08003ca0   0x0000001c   Code   RO         2167    i.rt_alloc_box      RTX_CM4.lib(rt_membox.o)
    0x08003cbc   0x0000003c   Code   RO         2195    i.rt_alloc_mem      RTX_CM4.lib(rt_memory.o)
    0x08003cf8   0x00000038   Code   RO         1787    i.rt_block          RTX_CM4.lib(rt_task.o)
    0x08003d30   0x00000048   Code   RO         2272    i.rt_chk_robin      RTX_CM4.lib(rt_robin.o)
    0x08003d78   0x00000070   Code   RO         1954    i.rt_dec_dly        RTX_CM4.lib(rt_list.o)
    0x08003de8   0x00000044   Code   RO         1788    i.rt_dispatch       RTX_CM4.lib(rt_task.o)
    0x08003e2c   0x00000006   Code   RO         2114    i.rt_dly_wait       RTX_CM4.lib(rt_time.o)
    0x08003e32   0x00000002   PAD
    0x08003e34   0x00000050   Code   RO         1915    i.rt_evt_psh        RTX_CM4.lib(rt_event.o)
    0x08003e84   0x00000020   Code   RO         2168    i.rt_free_box       RTX_CM4.lib(rt_membox.o)
    0x08003ea4   0x00000028   Code   RO         2196    i.rt_free_mem       RTX_CM4.lib(rt_memory.o)
    0x08003ecc   0x00000028   Code   RO         1955    i.rt_get_first      RTX_CM4.lib(rt_list.o)
    0x08003ef4   0x00000008   Code   RO         1306    i.rt_id2obj         RTX_CM4.lib(rt_cmsis.o)
    0x08003efc   0x00000040   Code   RO         1789    i.rt_init_context   RTX_CM4.lib(rt_task.o)
    0x08003f3c   0x0000001a   Code   RO         2197    i.rt_init_mem       RTX_CM4.lib(rt_memory.o)
    0x08003f56   0x00000002   PAD
    0x08003f58   0x00000018   Code   RO         2273    i.rt_init_robin     RTX_CM4.lib(rt_robin.o)
    0x08003f70   0x00000050   Code   RO         2222    i.rt_init_stack     RTX_CM4.lib(hal_cm.o)
    0x08003fc0   0x00000008   Code   RO         2032    i.rt_mbx_check      RTX_CM4.lib(rt_mailbox.o)
    0x08003fc8   0x0000001a   Code   RO         2033    i.rt_mbx_init       RTX_CM4.lib(rt_mailbox.o)
    0x08003fe2   0x00000002   PAD
    0x08003fe4   0x000000fc   Code   RO         2034    i.rt_mbx_psh        RTX_CM4.lib(rt_mailbox.o)
    0x080040e0   0x000000b4   Code   RO         2036    i.rt_mbx_wait       RTX_CM4.lib(rt_mailbox.o)
    0x08004194   0x0000003c   Code   RO         1307    i.rt_ms2tick        RTX_CM4.lib(rt_cmsis.o)
    0x080041d0   0x00000078   Code   RO         1866    i.rt_pop_req        RTX_CM4.lib(rt_system.o)
    0x08004248   0x00000020   Code   RO         1867    i.rt_psh_req        RTX_CM4.lib(rt_system.o)
    0x08004268   0x00000058   Code   RO         1957    i.rt_psq_enq        RTX_CM4.lib(rt_list.o)
    0x080042c0   0x0000005c   Code   RO         1958    i.rt_put_dly        RTX_CM4.lib(rt_list.o)
    0x0800431c   0x00000038   Code   RO         1959    i.rt_put_prio       RTX_CM4.lib(rt_list.o)
    0x08004354   0x00000014   Code   RO         1960    i.rt_put_rdy_first  RTX_CM4.lib(rt_list.o)
    0x08004368   0x00000010   Code   RO         2223    i.rt_ret_regs       RTX_CM4.lib(hal_cm.o)
    0x08004378   0x0000000c   Code   RO         2224    i.rt_ret_val        RTX_CM4.lib(hal_cm.o)
    0x08004384   0x00000010   Code   RO         2225    i.rt_ret_val2       RTX_CM4.lib(hal_cm.o)
    0x08004394   0x00000028   Code   RO         1962    i.rt_rmv_dly        RTX_CM4.lib(rt_list.o)
    0x080043bc   0x00000030   Code   RO         1963    i.rt_rmv_list       RTX_CM4.lib(rt_list.o)
    0x080043ec   0x00000034   Code   RO         2080    i.rt_sem_psh        RTX_CM4.lib(rt_semaphore.o)
    0x08004420   0x00000024   Code   RO         1868    i.rt_stk_check      RTX_CM4.lib(rt_system.o)
    0x08004444   0x00000028   Code   RO         1790    i.rt_switch_req     RTX_CM4.lib(rt_task.o)
    0x0800446c   0x00000140   Code   RO         1791    i.rt_sys_init       RTX_CM4.lib(rt_task.o)
    0x080045ac   0x0000003c   Code   RO         1869    i.rt_systick        RTX_CM4.lib(rt_system.o)
    0x080045e8   0x00000012   Code   RO         1308    i.rt_tid2ptcb       RTX_CM4.lib(rt_cmsis.o)
    0x080045fa   0x00000002   PAD
    0x080045fc   0x0000003c   Code   RO         1309    i.rt_timer_insert   RTX_CM4.lib(rt_cmsis.o)
    0x08004638   0x00000080   Code   RO         1792    i.rt_tsk_create     RTX_CM4.lib(rt_task.o)
    0x080046b8   0x000000ac   Code   RO         1793    i.rt_tsk_delete     RTX_CM4.lib(rt_task.o)
    0x08004764   0x00000010   Code   RO         1796    i.rt_tsk_self       RTX_CM4.lib(rt_task.o)
    0x08004774   0x00000014   Code   RO         1311    i.svcDelay          RTX_CM4.lib(rt_cmsis.o)
    0x08004788   0x000000d4   Code   RO         1312    i.svcKernelStart    RTX_CM4.lib(rt_cmsis.o)
    0x0800485c   0x00000024   Code   RO         1314    i.svcMessageCreate  RTX_CM4.lib(rt_cmsis.o)
    0x08004880   0x0000003a   Code   RO         1315    i.svcMessageGet     RTX_CM4.lib(rt_cmsis.o)
    0x080048ba   0x00000002   PAD
    0x080048bc   0x00000070   Code   RO         1328    i.svcThreadCreate   RTX_CM4.lib(rt_cmsis.o)
    0x0800492c   0x0000001c   Code   RO         1329    i.svcThreadGetId    RTX_CM4.lib(rt_cmsis.o)
    0x08004948   0x00000038   Code   RO         1332    i.svcThreadTerminate  RTX_CM4.lib(rt_cmsis.o)
    0x08004980   0x00000018   Code   RO         1334    i.svcTimerCall      RTX_CM4.lib(rt_cmsis.o)
    0x08004998   0x00000054   Code   RO         1342    i.sysTimerTick      RTX_CM4.lib(rt_cmsis.o)
    0x080049ec   0x00000058   Data   RO          140    .constdata          rtx_conf_cm.o
    0x08004a44   0x00000030   Data   RO          172    .constdata          main.o
    0x08004a74   0x00000030   Data   RO         2683    Region$$Table       anon$$obj.o


    Execution Region RW_IRAM1 (Base: 0x10000000, Size: 0x00001b50, Max: 0x0001ffff, ABSOLUTE)

    Base Addr    Size         Type   Attr      Idx    E Section Name        Object

    0x10000000   0x00001b50   Zero   RW          139    .bss                rtx_conf_cm.o


    Execution Region RW_IRAM2 (Base: 0x20000000, Size: 0x000004c8, Max: 0x0001ffff, ABSOLUTE)

    Base Addr    Size         Type   Attr      Idx    E Section Name        Object

    0x20000000   0x00000014   Data   RW            4    .data               system_stm32f4xx.o
    0x20000014   0x00000010   Data   RW          141    .data               rtx_conf_cm.o
    0x20000024   0x00000004   Data   RW          383    .data               stm32f4_discovery_lis302dl.o
    0x20000028   0x00000008   Data   RW          465    .data               fputc_debug.o
    0x20000030   0x00000008   Data   RW          499    .data               lcd_impl.o
    0x20000038   0x00000010   Data   RW         1066    .data               stm32f4xx_rcc.o
    0x20000048   0x00000004   Data   RW         1343    .data               RTX_CM4.lib(rt_cmsis.o)
    0x2000004c   0x00000008   Data   RW         1798    .data               RTX_CM4.lib(rt_task.o)
    0x20000054   0x00000003   Data   RW         1872    .data               RTX_CM4.lib(rt_system.o)
    0x20000057   0x00000001   PAD
    0x20000058   0x00000002   Data   RW         2117    .data               RTX_CM4.lib(rt_time.o)
    0x2000005a   0x00000001   Data   RW         2226    .data               RTX_CM4.lib(hal_cm.o)
    0x2000005b   0x00000001   PAD
    0x2000005c   0x00000008   Data   RW         2274    .data               RTX_CM4.lib(rt_robin.o)
    0x20000064   0x00000030   Zero   RW         1797    .bss                RTX_CM4.lib(rt_task.o)
    0x20000094   0x00000030   Zero   RW         1964    .bss                RTX_CM4.lib(rt_list.o)
    0x200000c4   0x00000004   PAD
    0x200000c8   0x00000400   Zero   RW          130    STACK               startup_stm32f4xx.o


==============================================================================

Image component sizes


      Code (inc. data)   RO Data    RW Data    ZI Data      Debug   Object Name

        38          0          0          0          0       5964   accelerometer_conf.o
       228         10          0          0          0      21302   adc_impl.o
        76          4          0          8          0       2969   fputc_debug.o
      1100         98          0          8          0       4993   lcd_impl.o
       216         16         48          0          0       5400   main.o
       164          6          0          0          0        912   mem_interrupt.o
       228         22          0          0          0       3781   misc.o
        24          6         88         16       6992       6812   rtx_conf_cm.o
      2032         70          0          0          0       3694   sevensegled.o
        36          8        392          0       1024        840   startup_stm32f4xx.o
       964         16          0          4          0       4396   stm32f4_discovery_lis302dl.o
      1136         28          0          0          0      10666   stm32f4xx_adc.o
       284         10          0          0          0       4967   stm32f4xx_exti.o
       604         36          0          0          0      10697   stm32f4xx_gpio.o
      1416         48          0         16          0      24179   stm32f4xx_rcc.o
      1012         22          0          0          0      15121   stm32f4xx_spi.o
       140         12          0          0          0       1755   stm32f4xx_syscfg.o
       524         44          0         20          0     232391   system_stm32f4xx.o
        96         12          0          0          0        807   temperature_thread.o
       106          0          0          0          0       1296   tilt_thread.o

    ----------------------------------------------------------------------
     10428        468        576         72       8016     362942   Object Totals
         0          0         48          0          0          0   (incl. Generated)
         4          0          0          0          0          0   (incl. Padding)

    ----------------------------------------------------------------------

      Code (inc. data)   RO Data    RW Data    ZI Data      Debug   Library Member Name

         4          4          0          0          0        132   SVC_Table.o
       220         24          0          1          0       3876   hal_cm.o
       372         32          0          0          0        616   hal_cm4.o
      1120        128          0          4          0      27003   rt_cmsis.o
        80          4          0          0          0        637   rt_event.o
       496         30          0          0         48       6636   rt_list.o
       560         10          0          0          0       3829   rt_mailbox.o
       130          0          0          0          0       1837   rt_membox.o
       126          0          0          0          0       2159   rt_memory.o
        96         24          0          8          0       1042   rt_robin.o
        52          4          0          0          0        557   rt_semaphore.o
       248         44          0          3          0       2066   rt_system.o
       864        154          0          8         48       7224   rt_task.o
         6          0          0          2          0        572   rt_time.o
         0          0          0          0          0          0   entry.o
         0          0          0          0          0          0   entry10a.o
         0          0          0          0          0          0   entry11a.o
         8          4          0          0          0          0   entry2.o
         4          0          0          0          0          0   entry5.o
         0          0          0          0          0          0   entry7b.o
         0          0          0          0          0          0   entry8b.o
        30          0          0          0          0          0   handlers.o
        36          8          0          0          0         68   init.o
         0          0          0          0          0          0   iusefp.o
        30          0          0          0          0         68   llshl.o
        36          0          0          0          0         68   llsshr.o
        32          0          0          0          0         68   llushr.o
      2292         96          0          0          0        596   printfa.o
        44          0          0          0          0         80   uidiv.o
        98          0          0          0          0         92   uldiv.o
        40          2          0          0          0         68   cdrcmple.o
       334          0          0          0          0        148   dadd.o
       222          0          0          0          0        100   ddiv.o
       190          0          0          0          0        176   depilogue.o
        48          0          0          0          0         68   dfixul.o
       228          0          0          0          0         96   dmul.o
        38          0          0          0          0         68   f2d.o

    ----------------------------------------------------------------------
      8104        568          0         28        100      59950   Library Totals
        20          0          0          2          4          0   (incl. Padding)

    ----------------------------------------------------------------------

      Code (inc. data)   RO Data    RW Data    ZI Data      Debug   Library Name

      4374        458          0         26         96      58186   RTX_CM4.lib
      2610        108          0          0          0       1040   mc_w.l
      1100          2          0          0          0        724   mf_w.l

    ----------------------------------------------------------------------
      8104        568          0         28        100      59950   Library Totals

    ----------------------------------------------------------------------

==============================================================================


      Code (inc. data)   RO Data    RW Data    ZI Data      Debug   

     18532       1036        576        100       8116     411908   Grand Totals
     18532       1036        576        100       8116     411908   ELF Image Totals
     18532       1036        576        100          0          0   ROM Totals

==============================================================================

    Total RO  Size (Code + RO Data)                19108 (  18.66kB)
    Total RW  Size (RW Data + ZI Data)              8216 (   8.02kB)
    Total ROM Size (Code + RO Data + RW Data)      19208 (  18.76kB)

==============================================================================

