


ARM Macro Assembler    Page 1 


    1 00000000                 AREA             text, CODE, READONLY
    2 00000000                 EXPORT           fermat1
    3 00000000         fermat1
    4 00000000 F04F 000A       MOV              R0, #10     ; Assign 100 to reg
                                                            ister R0, assume it
                                                            's N.
    5 00000004 F090 0F00       TEQ              R0, #0      ; Test is n is equa
                                                            l to zero
    6 00000008 D4FF            BMI              negative    ; if (N < 0)
    7 0000000A         negative
    8 0000000A F04F 0100       MOV              R1, #0      ; f1 = 0
    9 0000000E F04F 0200       MOV              R2, #0      ; f2 = 0
   10 00000012         ;return f1 = f2 = 0
   11 00000012         
   12 00000012 D0FF            BEQ              zero        ; if (N == 0)
   13 00000014         zero
   14 00000014         
   15 00000014         ;return f1 = f2 = 0
   16 00000014         
   17 00000014 F010 0F01       TST              R0, #1      ; Even or Odd test,
                                                             the Z flag will be
                                                             set if R0 AND is z
                                                            ero, i.e if R1 is e
                                                            ven
   18 00000018 D0FF            BEQ              N_is_even
   19 0000001A         N_is_even
   20 0000001A F04F 0102       MOV              R1, #2      ; f1 = 2
   21 0000001E EA4F 0090       LSR              R0, #2      ;N/2
   22 00000022 4602            MOV              R2, R0      ; f = N/2
   23 00000024 D1FF            BNE              N_is_odd
   24 00000026         N_is_odd
   25 00000026         
   26 00000026 4770            BX               LR          ;
   27 00000028                 END                          ;
Command Line: --debug --xref --cpu=Cortex-M4.fp --apcs=interwork --depend=.\obj
\fermat.d -o.\obj\fermat.o -I"C:\Program Files\Keil\ARM\RV31\INC" -I"C:\Program
 Files\Keil\ARM\CMSIS\Include" -I"C:\Program Files\Keil\ARM\Inc\ST\STM32F4xx" -
-predefine="__EVAL SETA 1" --list=.\lst\fermat.lst src\Fermat.s



ARM Macro Assembler    Page 1 Alphabetic symbol ordering
Relocatable symbols

N_is_even 0000001A

Symbol: N_is_even
   Definitions
      At line 19 in file src\Fermat.s
   Uses
      At line 18 in file src\Fermat.s
Comment: N_is_even used once
N_is_odd 00000026

Symbol: N_is_odd
   Definitions
      At line 24 in file src\Fermat.s
   Uses
      At line 23 in file src\Fermat.s
Comment: N_is_odd used once
fermat1 00000000

Symbol: fermat1
   Definitions
      At line 3 in file src\Fermat.s
   Uses
      At line 2 in file src\Fermat.s
Comment: fermat1 used once
negative 0000000A

Symbol: negative
   Definitions
      At line 7 in file src\Fermat.s
   Uses
      At line 6 in file src\Fermat.s
Comment: negative used once
text 00000000

Symbol: text
   Definitions
      At line 1 in file src\Fermat.s
   Uses
      None
Comment: text unused
zero 00000014

Symbol: zero
   Definitions
      At line 13 in file src\Fermat.s
   Uses
      At line 12 in file src\Fermat.s
Comment: zero used once
6 symbols
338 symbols in table
