


ARM Macro Assembler    Page 1 


    1 00000000                 AREA             text, CODE, READONLY
    2 00000000                 EXPORT           GCD
    3 00000000         GCD
    4 00000000 2800            CMP              R0, #0      ; Compare the R0 wi
                                                            th 0
    5 00000002 D00B            BEQ              output_zero
    6 00000004         
    7 00000004         
    8 00000004 2900            CMP              R1, #0
    9 00000006 D009            BEQ              output_zero
   10 00000008         
   11 00000008 E7FF            B                calculate_gcd
   12 0000000A         calculate_gcd
   13 0000000A 4288            CMP              R0, R1      ; Compare two numbe
                                                            rs
   14 0000000C BFCC 1A40       SUBGT            R0, R0, R1  ; R0 = R0-R1 if R0 
                                                            is greater
   15 00000010 1A09            SUBLE            R1, R1, R0  ; R1 = R1 - R0 if R
                                                            1 is greater
   16 00000012 4288            CMP              R0, R1
   17 00000014 D1F9            BNE              calculate_gcd
   18 00000016 BF08 4608       MOVEQ            R0, R1      ; Store R10 into R0
                                                            
   19 0000001A D002            BEQ              EndLoop
   20 0000001C         
   21 0000001C         output_zero
   22 0000001C F04F 0000       MOV              R0, #0      ; Store 0 into R3, 
                                                            as output.
   23 00000020 4770            BX               LR
   24 00000022         EndLoop
   25 00000022 4770            BX               LR
   26 00000024         
   27 00000024                 END                          ;
Command Line: --debug --xref --cpu=Cortex-M4.fp --apcs=interwork --depend=.\obj
\gcd.d -o.\obj\gcd.o -I"C:\Program Files\Keil\ARM\RV31\INC" -I"C:\Program Files
\Keil\ARM\CMSIS\Include" -I"C:\Program Files\Keil\ARM\Inc\ST\STM32F4xx" --prede
fine="__EVAL SETA 1" --list=.\lst\gcd.lst src\GCD.s



ARM Macro Assembler    Page 1 Alphabetic symbol ordering
Relocatable symbols

EndLoop 00000022

Symbol: EndLoop
   Definitions
      At line 24 in file src\GCD.s
   Uses
      At line 19 in file src\GCD.s
Comment: EndLoop used once
GCD 00000000

Symbol: GCD
   Definitions
      At line 3 in file src\GCD.s
   Uses
      At line 2 in file src\GCD.s
Comment: GCD used once
calculate_gcd 0000000A

Symbol: calculate_gcd
   Definitions
      At line 12 in file src\GCD.s
   Uses
      At line 11 in file src\GCD.s
      At line 17 in file src\GCD.s

output_zero 0000001C

Symbol: output_zero
   Definitions
      At line 21 in file src\GCD.s
   Uses
      At line 5 in file src\GCD.s
      At line 9 in file src\GCD.s

text 00000000

Symbol: text
   Definitions
      At line 1 in file src\GCD.s
   Uses
      None
Comment: text unused
5 symbols
337 symbols in table
