<html>
<body>
<pre>
<h1>µVision Build Log</h1>
<h2>Project:</h2>
C:\Users\Gavin\Dropbox\Course Material\Winter 2014\ECSE 426\Labs\MicroProcessor\Lab 1\Lab1_Project.uvproj
Project File Date:  01/29/2014

<h2>Output:</h2>
Rebuild target 'Target 1'
compiling fputc_debug.c...
compiling main.c...
compiling system_stm32f4xx.c...
assembling startup_stm32f40xx.s...
assembling Fermat.s...
src\Fermat.s(78): warning: A1581W: Added 2 bytes of padding at address 0xa6
linking...
Program Size: Code=776 RO-data=424 RW-data=8 ZI-data=1632  
".\obj\Lab1_Project.axf" - 0 Error(s), 1 Warning(s).
</pre>
</body>
</html>
put file .\obj\fermat.o ignored.
.\obj\Lab1_Project.axf: Error: L6200E: Symbol main multiply defined (by fermat.o and main.o).
Not enough information to list image symbols.
Not enough information to list the image map.
Finished: 2 information, 1 warning and 1 error messages.
".\obj\Lab1_Project.axf" - 1 Error(s), 2 Warning(s).
Target not created
