<html>
<body>
<pre>
<h1>µVision Build Log</h1>
<h2>Project:</h2>
C:\Users\Gavin\Dropbox\Course Material\Winter 2014\ECSE 426\Labs\MicroProcessor\Lab 4\rtx_project\keil\rtx.uvproj
Project File Date:  03/18/2014

<h2>Output:</h2>
Build target 'Project'
compiling tilt_thread.c...
..\tilt_thread.c(79): warning:  #1-D: last line of file ends without a newline
        
..\tilt_thread.c(25): warning:  #550-D: variable "reset_flag" was set but never used
  static int reset_flag=1;
..\tilt_thread.c(26): warning:  #177-D: variable "DisplayInSegment" was declared but never referenced
  static uint8_t DisplayInSegment=1;
..\tilt_thread.c: 3 warnings, 0 errors
linking...
.\obj\output.axf: Warning: L6304W: Duplicate input file .\obj\rtx_conf_cm.o ignored.
.\obj\output.axf: Warning: L6304W: Duplicate input file .\obj\system_stm32f4xx.o ignored.
Program Size: Code=24468 RO-data=876 RW-data=128 ZI-data=8112  
Finished: 0 information, 2 warning and 0 error messages.
FromELF: creating hex file...
".\obj\output.axf" - 0 Error(s), 5 Warning(s).
Load "C:\\Users\\Gavin\\Dropbox\\Course Material\\Winter 2014\\ECSE 426\\Labs\\MicroProcessor\\Lab 4\\rtx_project\\keil\\obj\\output.axf" 
Erase Done.
Programming Done.
Verify OK.
"pitch" was set but never used
  static float roll, pitch;
..\tilt_thread.c(25): warning:  #550-D: variable "reset_flag" was set but never used
  static int reset_flag=1;
..\tilt_thread.c(26): warning:  #177-D: variable "DisplayInSegment" was declared but never referenced
  static uint8_t DisplayInSegment=1;
..\tilt_thread.c: 5 warnings, 0 errors
linking...
.\obj\output.axf: Warning: L6304W: Duplicate input file .\obj\rtx_conf_cm.o ignored.
.\obj\output.axf: Warning: L6304W: Duplicate input file .\obj\system_stm32f4xx.o ignored.
Program Size: Code=24364 RO-data=876 RW-data=128 ZI-data=8112  
Finished: 0 information, 2 warning and 0 error messages.
FromELF: creating hex file...
".\obj\output.axf" - 0 Error(s), 11 Warning(s).
Load "C:\\Users\\Gavin\\Dropbox\\Course Material\\Winter 2014\\ECSE 426\\Labs\\MicroProcessor\\Lab 4\\rtx_project\\keil\\obj\\output.axf" 
Erase Done.
Programming Done.
Verify OK.
