<html>
<body>
<pre>
<h1>µVision Build Log</h1>
<h2>Project:</h2>
C:\Users\Gavin\Dropbox\Course Material\Winter 2014\ECSE 426\Labs\MicroProcessor\Lab 2\Lab2_Project.uvproj
Project File Date:  02/17/2014

<h2>Output:</h2>
Build target 'Target 1'
linking...
Program Size: Code=10816 RO-data=600 RW-data=52 ZI-data=1636  
".\obj\Lab2_Project.axf" - 0 Error(s), 0 Warning(s).
Load "C:\\Users\\Gavin\\Dropbox\\Course Material\\Winter 2014\\ECSE 426\\Labs\\MicroProcessor\\Lab 2\\obj\\Lab2_Project.axf" 
Erase Done.
Programming Done.
Verify OK.
Load "C:\\Users\\Gavin\\Dropbox\\Course Material\\Winter 2014\\ECSE 426\\Labs\\MicroProcessor\\Lab 2\\obj\\Lab2_Project.axf" 
Erase Done.
Programming Done.
Verify OK.
Load "C:\\Users\\Gavin\\Dropbox\\Course Material\\Winter 2014\\ECSE 426\\Labs\\MicroProcessor\\Lab 2\\obj\\Lab2_Project.axf" 
Erase Done.
Programming Done.
Verify OK.
Load "C:\\Users\\Gavin\\Dropbox\\Course Material\\Winter 2014\\ECSE 426\\Labs\\MicroProcessor\\Lab 2\\obj\\Lab2_Project.axf" 
Erase Done.
Programming Done.
Verify OK.
Load "C:\\Users\\Gavin\\Dropbox\\Course Material\\Winter 2014\\ECSE 426\\Labs\\MicroProcessor\\Lab 2\\obj\\Lab2_Project.axf" 
Erase Done.
Programming Done.
Verify OK.
</pre>
</body>
</html>
compiling stm32f4xx_iwdg.c...
compiling stm32f4xx_pwr.c...
compiling stm32f4xx_rcc.c...
compiling stm32f4xx_rng.c...
compiling stm32f4xx_rtc.c...
compiling stm32f4xx_sdio.c...
compiling stm32f4xx_spi.c...
compiling stm32f4xx_syscfg.c...
compiling stm32f4xx_tim.c...
compiling stm32f4xx_usart.c...
compiling stm32f4xx_wwdg.c...
linking...
Program Size: Code=10816 RO-data=600 RW-data=52 ZI-data=1636  
".\obj\Lab2_Project.axf" - 0 Error(s), 1 Warning(s).
Load "C:\\Users\\Gavin\\Dropbox\\Course Material\\Winter 2014\\ECSE 426\\Labs\\MicroProcessor\\Lab 2\\obj\\Lab2_Project.axf" 
Erase Done.
Programming Done.
Verify OK.
