<html>
<body>
<pre>
<h1>µVision Build Log</h1>
<h2>Project:</h2>
C:\Users\Gavin\Dropbox\Course Material\Winter 2014\ECSE 426\Labs\MicroProcessor\Lab 2\Lab2_Project.uvproj
Project File Date:  02/10/2014

<h2>Output:</h2>
Build target 'Target 1'
linking...
Program Size: Code=10656 RO-data=600 RW-data=48 ZI-data=1632  
".\obj\Lab2_Project.axf" - 0 Error(s), 0 Warning(s).
Load "C:\\Users\\Gavin\\Dropbox\\Course Material\\Winter 2014\\ECSE 426\\Labs\\MicroProcessor\\Lab 2\\obj\\Lab2_Project.axf" 
Erase Done.
Programming Done.
Verify OK.
</pre>
</body>
</html>
arget DLL has been cancelled
