<html>
<body>
<pre>
<h1>µVision Build Log</h1>
<h2>Project:</h2>
C:\Users\Gavin\Dropbox\Course Material\Winter 2014\ECSE 426\Labs\MicroProcessor\Lab 4 base  project\rtx_project\keil\rtx.uvproj
Project File Date:  03/18/2014

<h2>Output:</h2>
Build target 'Project'
compiling temperature_thread.c...
..\temperature_thread.c(42): warning:  #1-D: last line of file ends without a newline
  }
..\temperature_thread.c(29): warning:  #177-D: variable "Vadc_filter" was declared but never referenced
        float temp, Vsense, Vadc_filter, Vdd = 3.0, V25 = 0.76, frequency = 25;
..\temperature_thread.c(29): warning:  #177-D: variable "frequency" was declared but never referenced
        float temp, Vsense, Vadc_filter, Vdd = 3.0, V25 = 0.76, frequency = 25;
..\temperature_thread.c: 3 warnings, 0 errors
linking...
.\obj\output.axf: Warning: L6304W: Duplicate input file .\obj\rtx_conf_cm.o ignored.
.\obj\output.axf: Warning: L6304W: Duplicate input file .\obj\system_stm32f4xx.o ignored.
Program Size: Code=18532 RO-data=576 RW-data=100 ZI-data=8116  
Finished: 0 information, 2 warning and 0 error messages.
FromELF: creating hex file...
".\obj\output.axf" - 0 Error(s), 5 Warning(s).
Load "C:\\Users\\Gavin\\Dropbox\\Course Material\\Winter 2014\\ECSE 426\\Labs\\MicroProcessor\\Lab 4 base  project\\rtx_project\\keil\\obj\\output.axf" 
Erase Done.
Programming Done.
Verify OK.
</pre>
</body>
</html>
temperature_thread.c...
..\temperature_thread.c(42): warning:  #1-D: last line of file ends without a newline
  }
..\temperature_thread.c(29): warning:  #177-D: variable "Vadc_filter" was declared but never referenced
        float temp, Vsense, Vadc_filter, Vdd = 3.0, V25 = 0.76, frequency = 25;
..\temperature_thread.c(29): warning:  #177-D: variable "frequency" was declared but never referenced
        float temp, Vsense, Vadc_filter, Vdd = 3.0, V25 = 0.76, frequency = 25;
..\temperature_thread.c: 3 warnings, 0 errors
compiling tilt_thread.c...
..\tilt_thread.c(101): warning:  #1-D: last line of file ends without a newline
  }
..\tilt_thread.c(25): warning:  #177-D: variable "roll" was declared but never referenced
        float roll, pitch;
..\tilt_thread.c(25): warning:  #177-D: variable "pitch" was declared but never referenced
        float roll, pitch;
..\tilt_thread.c(26): warning:  #177-D: variable "raw_data" was declared but never referenced
        int32_t raw_data[3] = {0,0,0};
..\tilt_thread.c(40): warning:  #550-D: variable "newFilter_x" was set but never used
        InternalStateFilter_t newFilter_x;
..\tilt_thread.c(51): warning:  #550-D: variable "newFilter_y" was set but never used
        InternalStateFilter_t newFilter_y;
..\tilt_thread.c(62): warning:  #550-D: variable "newFilter_z" was set but never used
        InternalStateFilter_t newFilter_z;
..\tilt_thread.c: 7 warnings, 0 errors
compiling fputc_debug.c...
compiling LCD_Impl.c...
..\LCD_Impl.c(107): warning:  #188-D: enumerated type mixed with another type
        GPIO_WriteBit (GPIOD, GPIO_Pin_0, dataReg[0]);
..\LCD_Impl.c(108): warning:  #188-D: enumerated type mixed with another type
        GPIO_WriteBit (GPIOD, GPIO_Pin_1, dataReg[1]);
..\LCD_Impl.c(109): warning:  #188-D: enumerated type mixed with another type
        GPIO_WriteBit (GPIOD, GPIO_Pin_2, dataReg[2]);
..\LCD_Impl.c(111): warning:  #188-D: enumerated type mixed with another type
        GPIO_WriteBit (GPIOD, GPIO_Pin_3, dataReg[3]);
..\LCD_Impl.c(112): warning:  #188-D: enumerated type mixed with another type
        GPIO_WriteBit (GPIOD, GPIO_Pin_4, dataReg[4]);  
..\LCD_Impl.c(113): warning:  #188-D: enumerated type mixed with another type
        GPIO_WriteBit (GPIOD, GPIO_Pin_5, dataReg[5]);
..\LCD_Impl.c(115): warning:  #188-D: enumerated type mixed with another type
        GPIO_WriteBit (GPIOD, GPIO_Pin_6, dataReg[6]);  
..\LCD_Impl.c(116): warning:  #188-D: enumerated type mixed with another type
        GPIO_WriteBit (GPIOD, GPIO_Pin_7, dataReg[7]);
..\LCD_Impl.c(176): warning:  #177-D: variable "div_100" was declared but never referenced
        int div_100 = 100;
..\LCD_Impl.c(179): warning:  #550-D: variable "buffer_size_2" was set but never used
        int buffer_size = 0, buffer_size_2 = 0;
..\LCD_Impl.c(336): warning:  #1-D: last line of file ends without a newline
  }
..\LCD_Impl.c: 11 warnings, 0 errors
compiling calibration.c...
compiling MEM_Interrupt.c...
compiling MovingAverageFilter.c...
..\MovingAverageFilter.c(73): warning:  #1-D: last line of file ends without a newline
  }
..\MovingAverageFilter.c(26): warning:  #177-D: variable "sign" was declared but never referenced
        int32_t average = 0, sign=0;
..\MovingAverageFilter.c: 2 warnings, 0 errors
compiling RTX_Conf_CM.c...
compiling system_stm32f4xx.c...
compiling tilt_angle_calculation.c...
compiling misc.c...
compiling stm32f4xx_adc.c...
compiling stm32f4xx_can.c...
compiling stm32f4xx_crc.c...
compiling stm32f4xx_cryp.c...
compiling stm32f4xx_cryp_aes.c...
compiling stm32f4xx_cryp_des.c...
compiling stm32f4xx_cryp_tdes.c...
compiling stm32f4xx_dac.c...
compiling stm32f4xx_dbgmcu.c...
compiling stm32f4xx_dcmi.c...
compiling stm32f4xx_dma.c...
compiling stm32f4xx_exti.c...
compiling stm32f4xx_flash.c...
compiling stm32f4xx_fsmc.c...
compiling stm32f4xx_gpio.c...
compiling stm32f4xx_hash.c...
compiling stm32f4xx_hash_md5.c...
compiling stm32f4xx_hash_sha1.c...
compiling stm32f4xx_i2c.c...
compiling stm32f4xx_iwdg.c...
compiling stm32f4xx_pwr.c...
compiling stm32f4xx_rcc.c...
compiling stm32f4xx_rng.c...
compiling stm32f4xx_rtc.c...
compiling stm32f4xx_sdio.c...
compiling stm32f4xx_spi.c...
compiling stm32f4xx_syscfg.c...
compiling stm32f4xx_tim.c...
compiling stm32f4xx_usart.c...
compiling stm32f4xx_wwdg.c...
linking...
.\obj\output.axf: Warning: L6304W: Duplicate input file .\obj\rtx_conf_cm.o ignored.
.\obj\output.axf: Warning: L6304W: Duplicate input file .\obj\system_stm32f4xx.o ignored.
Program Size: Code=18536 RO-data=576 RW-data=100 ZI-data=8116  
Finished: 0 information, 2 warning and 0 error messages.
FromELF: creating hex file...
".\obj\output.axf" - 0 Error(s), 31 Warning(s).
Load "C:\\Users\\Gavin\\Dropbox\\Course Material\\Winter 2014\\ECSE 426\\Labs\\MicroProcessor\\Lab 4 base  project\\rtx_project\\keil\\obj\\output.axf" 
Error: Flash Download failed  -  Target DLL has been cancelled
Load "C:\\Users\\Gavin\\Dropbox\\Course Material\\Winter 2014\\ECSE 426\\Labs\\MicroProcessor\\Lab 4 base  project\\rtx_project\\keil\\obj\\output.axf" 
Erase Done.
Programming Done.
Verify OK.
