ARM Linker, 5.03 [Build 76] [MDK-ARM Lite]

==============================================================================

Section Cross References

    system_stm32f4xx.o(.text) refers to system_stm32f4xx.o(.data) for SystemCoreClock
    startup_stm32f4xx.o(RESET) refers to startup_stm32f4xx.o(STACK) for __initial_sp
    startup_stm32f4xx.o(RESET) refers to startup_stm32f4xx.o(.text) for Reset_Handler
    startup_stm32f4xx.o(RESET) refers to hal_cm4.o(.emb_text) for SVC_Handler
    startup_stm32f4xx.o(.text) refers to system_stm32f4xx.o(.text) for SystemInit
    startup_stm32f4xx.o(.text) refers to entry.o(.ARM.Collect$$$$00000000) for __main
    rtx_conf_cm.o(.ARM.Collect$$$$000000FF) refers to rt_cmsis.o(i.osKernelStart) for osKernelStart
    rtx_conf_cm.o(.ARM.Collect$$$$000000FF) refers to rtx_conf_cm.o(.constdata) for .constdata
    rtx_conf_cm.o(.constdata) refers to rt_cmsis.o(i.osTimerThread) for osTimerThread
    rtx_conf_cm.o(.constdata) refers to rtx_conf_cm.o(.bss) for os_messageQ_q_osTimerMessageQ
    rtx_conf_cm.o(.constdata) refers to main.o(.text) for main
    main.o(.text) refers to stm32f4xx_rcc.o(.text) for RCC_AHB1PeriphClockCmd
    main.o(.text) refers to stm32f4xx_gpio.o(.text) for GPIO_Init
    main.o(.text) refers to rt_cmsis.o(i.osThreadCreate) for osThreadCreate
    main.o(.text) refers to rt_cmsis.o(i.osDelay) for osDelay
    main.o(.text) refers to main.o(.constdata) for os_thread_def_thread
    main.o(.constdata) refers to main.o(.text) for thread
    main.o(.constdata) refers to temperature_thread.o(.text) for temperature_detection_thread
    main.o(.constdata) refers to tilt_thread.o(.text) for tilt_detection_thread
    temperature_thread.o(.text) refers to adc_impl.o(.text) for set_ADC_config
    temperature_thread.o(.text) refers to sevensegled.o(.text) for LED_GPIO_Config
    stm32f4_discovery_lis302dl.o(.text) refers to stm32f4xx_spi.o(.text) for SPI_I2S_GetFlagStatus
    stm32f4_discovery_lis302dl.o(.text) refers to stm32f4xx_gpio.o(.text) for GPIO_ResetBits
    stm32f4_discovery_lis302dl.o(.text) refers to stm32f4xx_rcc.o(.text) for RCC_APB2PeriphClockCmd
    stm32f4_discovery_lis302dl.o(.text) refers to stm32f4_discovery_lis302dl.o(.data) for LIS302DLTimeout
    tilt_thread.o(.text) refers to accelerometer_conf.o(.text) for set_Accelerometer_MEM
    adc_impl.o(.text) refers to stm32f4xx_rcc.o(.text) for RCC_APB2PeriphClockCmd
    adc_impl.o(.text) refers to stm32f4xx_gpio.o(.text) for GPIO_StructInit
    adc_impl.o(.text) refers to stm32f4xx_adc.o(.text) for ADC_CommonInit
    sevensegled.o(.text) refers to stm32f4xx_rcc.o(.text) for RCC_AHB1PeriphClockCmd
    sevensegled.o(.text) refers to stm32f4xx_gpio.o(.text) for GPIO_StructInit
    sevensegled.o(.text) refers to f2d.o(.text) for __aeabi_f2d
    sevensegled.o(.text) refers to printfa.o(i.__0printf) for __2printf
    accelerometer_conf.o(.text) refers to stm32f4_discovery_lis302dl.o(.text) for LIS302DL_Init
    stm32f4xx_adc.o(.text) refers to stm32f4xx_rcc.o(.text) for RCC_APB2PeriphResetCmd
    stm32f4xx_can.o(.text) refers to stm32f4xx_rcc.o(.text) for RCC_APB1PeriphResetCmd
    stm32f4xx_cryp.o(.text) refers to stm32f4xx_rcc.o(.text) for RCC_AHB2PeriphResetCmd
    stm32f4xx_cryp_aes.o(.text) refers to stm32f4xx_cryp.o(.text) for CRYP_KeyStructInit
    stm32f4xx_cryp_des.o(.text) refers to stm32f4xx_cryp.o(.text) for CRYP_KeyStructInit
    stm32f4xx_cryp_tdes.o(.text) refers to stm32f4xx_cryp.o(.text) for CRYP_KeyStructInit
    stm32f4xx_dac.o(.text) refers to stm32f4xx_rcc.o(.text) for RCC_APB1PeriphResetCmd
    stm32f4xx_gpio.o(.text) refers to stm32f4xx_rcc.o(.text) for RCC_AHB1PeriphResetCmd
    stm32f4xx_hash.o(.text) refers to stm32f4xx_rcc.o(.text) for RCC_AHB2PeriphResetCmd
    stm32f4xx_hash_md5.o(.text) refers to stm32f4xx_hash.o(.text) for HASH_DeInit
    stm32f4xx_hash_sha1.o(.text) refers to stm32f4xx_hash.o(.text) for HASH_DeInit
    stm32f4xx_i2c.o(.text) refers to stm32f4xx_rcc.o(.text) for RCC_APB1PeriphResetCmd
    stm32f4xx_pwr.o(.text) refers to stm32f4xx_rcc.o(.text) for RCC_APB1PeriphResetCmd
    stm32f4xx_rcc.o(.text) refers to stm32f4xx_rcc.o(.data) for APBAHBPrescTable
    stm32f4xx_rng.o(.text) refers to stm32f4xx_rcc.o(.text) for RCC_AHB2PeriphResetCmd
    stm32f4xx_sdio.o(.text) refers to stm32f4xx_rcc.o(.text) for RCC_APB2PeriphResetCmd
    stm32f4xx_spi.o(.text) refers to stm32f4xx_rcc.o(.text) for RCC_APB2PeriphResetCmd
    stm32f4xx_syscfg.o(.text) refers to stm32f4xx_rcc.o(.text) for RCC_APB2PeriphResetCmd
    stm32f4xx_tim.o(.text) refers to stm32f4xx_rcc.o(.text) for RCC_APB2PeriphResetCmd
    stm32f4xx_usart.o(.text) refers to stm32f4xx_rcc.o(.text) for RCC_APB2PeriphResetCmd
    stm32f4xx_wwdg.o(.text) refers to stm32f4xx_rcc.o(.text) for RCC_APB1PeriphResetCmd
    rt_cmsis.o(i.isrMessagePut) refers to rt_mailbox.o(i.rt_mbx_check) for rt_mbx_check
[...]
    ../clib/microlib/printf/printf.c         0x00000000   Number         0  printf8.o ABSOLUTE
    ../clib/microlib/printf/printf.c         0x00000000   Number         0  printfb.o ABSOLUTE
    ../clib/microlib/printf/printf.c         0x00000000   Number         0  printfa.o ABSOLUTE
    ../clib/microlib/printf/printf.c         0x00000000   Number         0  printf5.o ABSOLUTE
    ../clib/microlib/printf/printf.c         0x00000000   Number         0  printf4.o ABSOLUTE
    ../clib/microlib/printf/printf.c         0x00000000   Number         0  printf3.o ABSOLUTE
    ../clib/microlib/printf/printf.c         0x00000000   Number         0  printf2.o ABSOLUTE
    ../clib/microlib/printf/printf.c         0x00000000   Number         0  printf1.o ABSOLUTE
    ../clib/microlib/printf/stubs.s          0x00000000   Number         0  stubs.o ABSOLUTE
    ../clib/microlib/stdio/fputc.c           0x00000000   Number         0  fputc.o ABSOLUTE
    ../clib/microlib/stdio/semi.s            0x00000000   Number         0  semi.o ABSOLUTE
    ../clib/microlib/stdio/streams.c         0x00000000   Number         0  stdout.o ABSOLUTE
    ../clib/microlib/stubs.s                 0x00000000   Number         0  iusefp.o ABSOLUTE
    ../clib/microlib/stubs.s                 0x00000000   Number         0  iusesemip.o ABSOLUTE
    ../fplib/microlib/f2d.c                  0x00000000   Number         0  f2d.o ABSOLUTE
    ../fplib/microlib/fpadd.c                0x00000000   Number         0  dadd.o ABSOLUTE
    ../fplib/microlib/fpdiv.c                0x00000000   Number         0  ddiv.o ABSOLUTE
    ../fplib/microlib/fpepilogue.c           0x00000000   Number         0  depilogue.o ABSOLUTE
    ../fplib/microlib/fpfix.c                0x00000000   Number         0  dfixul.o ABSOLUTE
    ../fplib/microlib/fpmul.c                0x00000000   Number         0  dmul.o ABSOLUTE
    ../main.c                                0x00000000   Number         0  main.o ABSOLUTE
    ../startup_stm32f4xx.s                   0x00000000   Number         0  startup_stm32f4xx.o ABSOLUTE
    ../system_stm32f4xx.c                    0x00000000   Number         0  system_stm32f4xx.o ABSOLUTE
    ..\ADC_Impl.c                            0x00000000   Number         0  adc_impl.o ABSOLUTE
    ..\HAL_CM.c                              0x00000000   Number         0  hal_cm.o ABSOLUTE
    ..\LIS302DL\stm32f4_discovery_lis302dl.c 0x00000000   Number         0  stm32f4_discovery_lis302dl.o ABSOLUTE
    ..\STM32F4xx_StdPeriph_Driver\src\misc.c 0x00000000   Number         0  misc.o ABSOLUTE
    ..\STM32F4xx_StdPeriph_Driver\src\stm32f4xx_adc.c 0x00000000   Number         0  stm32f4xx_adc.o ABSOLUTE
    ..\STM32F4xx_StdPeriph_Driver\src\stm32f4xx_can.c 0x00000000   Number         0  stm32f4xx_can.o ABSOLUTE
    ..\STM32F4xx_StdPeriph_Driver\src\stm32f4xx_crc.c 0x00000000   Number         0  stm32f4xx_crc.o ABSOLUTE
    ..\STM32F4xx_StdPeriph_Driver\src\stm32f4xx_cryp.c 0x00000000   Number         0  stm32f4xx_cryp.o ABSOLUTE
    ..\STM32F4xx_StdPeriph_Driver\src\stm32f4xx_cryp_aes.c 0x00000000   Number         0  stm32f4xx_cryp_aes.o ABSOLUTE
    ..\STM32F4xx_StdPeriph_Driver\src\stm32f4xx_cryp_des.c 0x00000000   Number         0  stm32f4xx_cryp_des.o ABSOLUTE
    ..\STM32F4xx_StdPeriph_Driver\src\stm32f4xx_cryp_tdes.c 0x00000000   Number         0  stm32f4xx_cryp_tdes.o ABSOLUTE
    ..\STM32F4xx_StdPeriph_Driver\src\stm32f4xx_dac.c 0x00000000   Number         0  stm32f4xx_dac.o ABSOLUTE
    ..\STM32F4xx_StdPeriph_Driver\src\stm32f4xx_dbgmcu.c 0x00000000   Number         0  stm32f4xx_dbgmcu.o ABSOLUTE
    ..\STM32F4xx_StdPeriph_Driver\src\stm32f4xx_dcmi.c 0x00000000   Number         0  stm32f4xx_dcmi.o ABSOLUTE
    ..\STM32F4xx_StdPeriph_Driver\src\stm32f4xx_dma.c 0x00000000   Number         0  stm32f4xx_dma.o ABSOLUTE
    ..\STM32F4xx_StdPeriph_Driver\src\stm32f4xx_exti.c 0x00000000   Number         0  stm32f4xx_exti.o ABSOLUTE
    ..\STM32F4xx_StdPeriph_Driver\src\stm32f4xx_flash.c 0x00000000   Number         0  stm32f4xx_flash.o ABSOLUTE
    ..\STM32F4xx_StdPeriph_Driver\src\stm32f4xx_fsmc.c 0x00000000   Number         0  stm32f4xx_fsmc.o ABSOLUTE
    ..\STM32F4xx_StdPeriph_Driver\src\stm32f4xx_gpio.c 0x00000000   Number         0  stm32f4xx_gpio.o ABSOLUTE
    ..\STM32F4xx_StdPeriph_Driver\src\stm32f4xx_hash.c 0x00000000   Number         0  stm32f4xx_hash.o ABSOLUTE
    ..\STM32F4xx_StdPeriph_Driver\src\stm32f4xx_hash_md5.c 0x00000000   Number         0  stm32f4xx_hash_md5.o ABSOLUTE
    ..\STM32F4xx_StdPeriph_Driver\src\stm32f4xx_hash_sha1.c 0x00000000   Number         0  stm32f4xx_hash_sha1.o ABSOLUTE
    ..\STM32F4xx_StdPeriph_Driver\src\stm32f4xx_i2c.c 0x00000000   Number         0  stm32f4xx_i2c.o ABSOLUTE
    ..\STM32F4xx_StdPeriph_Driver\src\stm32f4xx_iwdg.c 0x00000000   Number         0  stm32f4xx_iwdg.o ABSOLUTE
    ..\STM32F4xx_StdPeriph_Driver\src\stm32f4xx_pwr.c 0x00000000   Number         0  stm32f4xx_pwr.o ABSOLUTE
    ..\STM32F4xx_StdPeriph_Driver\src\stm32f4xx_rcc.c 0x00000000   Number         0  stm32f4xx_rcc.o ABSOLUTE
    ..\STM32F4xx_StdPeriph_Driver\src\stm32f4xx_rng.c 0x00000000   Number         0  stm32f4xx_rng.o ABSOLUTE
    ..\STM32F4xx_StdPeriph_Driver\src\stm32f4xx_rtc.c 0x00000000   Number         0  stm32f4xx_rtc.o ABSOLUTE
    ..\STM32F4xx_StdPeriph_Driver\src\stm32f4xx_sdio.c 0x00000000   Number         0  stm32f4xx_sdio.o ABSOLUTE
    ..\STM32F4xx_StdPeriph_Driver\src\stm32f4xx_spi.c 0x00000000   Number         0  stm32f4xx_spi.o ABSOLUTE
    ..\STM32F4xx_StdPeriph_Driver\src\stm32f4xx_syscfg.c 0x00000000   Number         0  stm32f4xx_syscfg.o ABSOLUTE
    ..\STM32F4xx_StdPeriph_Driver\src\stm32f4xx_tim.c 0x00000000   Number         0  stm32f4xx_tim.o ABSOLUTE
    ..\STM32F4xx_StdPeriph_Driver\src\stm32f4xx_usart.c 0x00000000   Number         0  stm32f4xx_usart.o ABSOLUTE
    ..\STM32F4xx_StdPeriph_Driver\src\stm32f4xx_wwdg.c 0x00000000   Number         0  stm32f4xx_wwdg.o ABSOLUTE
    ..\SevenSegLED.c                         0x00000000   Number         0  sevensegled.o ABSOLUTE
    ..\\ADC_Impl.c                           0x00000000   Number         0  adc_impl.o ABSOLUTE
    ..\\LIS302DL\\stm32f4_discovery_lis302dl.c 0x00000000   Number         0  stm32f4_discovery_lis302dl.o ABSOLUTE
    ..\\STM32F4xx_StdPeriph_Driver\\src\\misc.c 0x00000000   Number         0  misc.o ABSOLUTE
    ..\\STM32F4xx_StdPeriph_Driver\\src\\stm32f4xx_adc.c 0x00000000   Number         0  stm32f4xx_adc.o ABSOLUTE
    ..\\STM32F4xx_StdPeriph_Driver\\src\\stm32f4xx_can.c 0x00000000   Number         0  stm32f4xx_can.o ABSOLUTE
    ..\\STM32F4xx_StdPeriph_Driver\\src\\stm32f4xx_crc.c 0x00000000   Number         0  stm32f4xx_crc.o ABSOLUTE
    ..\\STM32F4xx_StdPeriph_Driver\\src\\stm32f4xx_cryp.c 0x00000000   Number         0  stm32f4xx_cryp.o ABSOLUTE
    ..\\STM32F4xx_StdPeriph_Driver\\src\\stm32f4xx_cryp_aes.c 0x00000000   Number         0  stm32f4xx_cryp_aes.o ABSOLUTE
    ..\\STM32F4xx_StdPeriph_Driver\\src\\stm32f4xx_cryp_des.c 0x00000000   Number         0  stm32f4xx_cryp_des.o ABSOLUTE
    ..\\STM32F4xx_StdPeriph_Driver\\src\\stm32f4xx_cryp_tdes.c 0x00000000   Number         0  stm32f4xx_cryp_tdes.o ABSOLUTE
    ..\\STM32F4xx_StdPeriph_Driver\\src\\stm32f4xx_dac.c 0x00000000   Number         0  stm32f4xx_dac.o ABSOLUTE
    ..\\STM32F4xx_StdPeriph_Driver\\src\\stm32f4xx_dbgmcu.c 0x00000000   Number         0  stm32f4xx_dbgmcu.o ABSOLUTE
    ..\\STM32F4xx_StdPeriph_Driver\\src\\stm32f4xx_dcmi.c 0x00000000   Number         0  stm32f4xx_dcmi.o ABSOLUTE
    ..\\STM32F4xx_StdPeriph_Driver\\src\\stm32f4xx_dma.c 0x00000000   Number         0  stm32f4xx_dma.o ABSOLUTE
    ..\\STM32F4xx_StdPeriph_Driver\\src\\stm32f4xx_exti.c 0x00000000   Number         0  stm32f4xx_exti.o ABSOLUTE
    ..\\STM32F4xx_StdPeriph_Driver\\src\\stm32f4xx_flash.c 0x00000000   Number         0  stm32f4xx_flash.o ABSOLUTE
    ..\\STM32F4xx_StdPeriph_Driver\\src\\stm32f4xx_fsmc.c 0x00000000   Number         0  stm32f4xx_fsmc.o ABSOLUTE
    ..\\STM32F4xx_StdPeriph_Driver\\src\\stm32f4xx_gpio.c 0x00000000   Number         0  stm32f4xx_gpio.o ABSOLUTE
    ..\\STM32F4xx_StdPeriph_Driver\\src\\stm32f4xx_hash.c 0x00000000   Number         0  stm32f4xx_hash.o ABSOLUTE
    ..\\STM32F4xx_StdPeriph_Driver\\src\\stm32f4xx_hash_md5.c 0x00000000   Number         0  stm32f4xx_hash_md5.o ABSOLUTE
    ..\\STM32F4xx_StdPeriph_Driver\\src\\stm32f4xx_hash_sha1.c 0x00000000   Number         0  stm32f4xx_hash_sha1.o ABSOLUTE
    ..\\STM32F4xx_StdPeriph_Driver\\src\\stm32f4xx_i2c.c 0x00000000   Number         0  stm32f4xx_i2c.o ABSOLUTE
    ..\\STM32F4xx_StdPeriph_Driver\\src\\stm32f4xx_iwdg.c 0x00000000   Number         0  stm32f4xx_iwdg.o ABSOLUTE
    ..\\STM32F4xx_StdPeriph_Driver\\src\\stm32f4xx_pwr.c 0x00000000   Number         0  stm32f4xx_pwr.o ABSOLUTE
    ..\\STM32F4xx_StdPeriph_Driver\\src\\stm32f4xx_rcc.c 0x00000000   Number         0  stm32f4xx_rcc.o ABSOLUTE
    ..\\STM32F4xx_StdPeriph_Driver\\src\\stm32f4xx_rng.c 0x00000000   Number         0  stm32f4xx_rng.o ABSOLUTE
    ..\\STM32F4xx_StdPeriph_Driver\\src\\stm32f4xx_rtc.c 0x00000000   Number         0  stm32f4xx_rtc.o ABSOLUTE
    ..\\STM32F4xx_StdPeriph_Driver\\src\\stm32f4xx_sdio.c 0x00000000   Number         0  stm32f4xx_sdio.o ABSOLUTE
    ..\\STM32F4xx_StdPeriph_Driver\\src\\stm32f4xx_spi.c 0x00000000   Number         0  stm32f4xx_spi.o ABSOLUTE
    ..\\STM32F4xx_StdPeriph_Driver\\src\\stm32f4xx_syscfg.c 0x00000000   Number         0  stm32f4xx_syscfg.o ABSOLUTE
    ..\\STM32F4xx_StdPeriph_Driver\\src\\stm32f4xx_tim.c 0x00000000   Number         0  stm32f4xx_tim.o ABSOLUTE
    ..\\STM32F4xx_StdPeriph_Driver\\src\\stm32f4xx_usart.c 0x00000000   Number         0  stm32f4xx_usart.o ABSOLUTE
    ..\\STM32F4xx_StdPeriph_Driver\\src\\stm32f4xx_wwdg.c 0x00000000   Number         0  stm32f4xx_wwdg.o ABSOLUTE
    ..\\SevenSegLED.c                        0x00000000   Number         0  sevensegled.o ABSOLUTE
    ..\\accelerometer_conf.c                 0x00000000   Number         0  accelerometer_conf.o ABSOLUTE
    ..\\rt_CMSIS.c                           0x00000000   Number         0  rt_cmsis.o ABSOLUTE
    ..\\rt_System.c                          0x00000000   Number         0  rt_system.o ABSOLUTE
    ..\\temperature_thread.c                 0x00000000   Number         0  temperature_thread.o ABSOLUTE
    ..\\tilt_thread.c                        0x00000000   Number         0  tilt_thread.o ABSOLUTE
    ..\accelerometer_conf.c                  0x00000000   Number         0  accelerometer_conf.o ABSOLUTE
    ..\main.c                                0x00000000   Number         0  main.o ABSOLUTE
    ..\rt_CMSIS.c                            0x00000000   Number         0  rt_cmsis.o ABSOLUTE
    ..\rt_Event.c                            0x00000000   Number         0  rt_event.o ABSOLUTE
    ..\rt_List.c                             0x00000000   Number         0  rt_list.o ABSOLUTE
    ..\rt_Mailbox.c                          0x00000000   Number         0  rt_mailbox.o ABSOLUTE
    ..\rt_MemBox.c                           0x00000000   Number         0  rt_membox.o ABSOLUTE
    ..\rt_Memory.c                           0x00000000   Number         0  rt_memory.o ABSOLUTE
    ..\rt_Mutex.c                            0x00000000   Number         0  rt_mutex.o ABSOLUTE
    ..\rt_Robin.c                            0x00000000   Number         0  rt_robin.o ABSOLUTE
    ..\rt_Semaphore.c                        0x00000000   Number         0  rt_semaphore.o ABSOLUTE
    ..\rt_System.c                           0x00000000   Number         0  rt_system.o ABSOLUTE
    ..\rt_Task.c                             0x00000000   Number         0  rt_task.o ABSOLUTE
    ..\rt_Time.c                             0x00000000   Number         0  rt_time.o ABSOLUTE
    ..\system_stm32f4xx.c                    0x00000000   Number         0  system_stm32f4xx.o ABSOLUTE
    ..\temperature_thread.c                  0x00000000   Number         0  temperature_thread.o ABSOLUTE
    ..\tilt_thread.c                         0x00000000   Number         0  tilt_thread.o ABSOLUTE
    HAL_CM4.c                                0x00000000   Number         0  hal_cm4.o ABSOLUTE
    HAL_CM4.c                                0x00000000   Number         0  hal_cm4.o ABSOLUTE
    SVC_Table.s                              0x00000000   Number         0  SVC_Table.o ABSOLUTE
    cdrcmple.s                               0x00000000   Number         0  cdrcmple.o ABSOLUTE
    dc.s                                     0x00000000   Number         0  dc.o ABSOLUTE
    handlers.s                               0x00000000   Number         0  handlers.o ABSOLUTE
    init.s                                   0x00000000   Number         0  init.o ABSOLUTE
    RESET                                    0x08000000   Section      392  startup_stm32f4xx.o(RESET)
    .ARM.Collect$$$$00000000                 0x08000188   Section        0  entry.o(.ARM.Collect$$$$00000000)
    .ARM.Collect$$$$00000001                 0x08000188   Section        4  entry2.o(.ARM.Collect$$$$00000001)
    .ARM.Collect$$$$00000004                 0x0800018c   Section        4  entry5.o(.ARM.Collect$$$$00000004)
    .ARM.Collect$$$$00000008                 0x08000190   Section        0  entry7b.o(.ARM.Collect$$$$00000008)
    .ARM.Collect$$$$0000000A                 0x08000190   Section        0  entry8b.o(.ARM.Collect$$$$0000000A)
    .ARM.Collect$$$$0000000D                 0x08000190   Section        0  entry10a.o(.ARM.Collect$$$$0000000D)
    .ARM.Collect$$$$0000000F                 0x08000190   Section        0  entry11a.o(.ARM.Collect$$$$0000000F)
    .ARM.Collect$$$$000000FF                 0x08000190   Section        0  rtx_conf_cm.o(.ARM.Collect$$$$000000FF)
    .ARM.Collect$$$$00002712                 0x080001a0   Section        4  entry2.o(.ARM.Collect$$$$00002712)
    __lit__00000000                          0x080001a0   Data           4  entry2.o(.ARM.Collect$$$$00002712)
    .emb_text                                0x080001a4   Section      372  hal_cm4.o(.emb_text)
    $v0                                      0x080001a4   Number         0  hal_cm4.o(.emb_text)
    .text                                    0x08000318   Section        0  system_stm32f4xx.o(.text)
    SetSysClock                              0x08000319   Thumb Code   218  system_stm32f4xx.o(.text)
    .text                                    0x08000524   Section       36  startup_stm32f4xx.o(.text)
    $v0                                      0x08000524   Number         0  startup_stm32f4xx.o(.text)
    .text                                    0x08000548   Section        0  rtx_conf_cm.o(.text)
    .text                                    0x08000550   Section        0  main.o(.text)
    .text                                    0x080005dc   Section        0  temperature_thread.o(.text)
    .text                                    0x08000640   Section        0  stm32f4_discovery_lis302dl.o(.text)
    LIS302DL_SendByte                        0x08000643   Thumb Code   106  stm32f4_discovery_lis302dl.o(.text)
    LIS302DL_LowLevel_Init                   0x080006e7   Thumb Code   294  stm32f4_discovery_lis302dl.o(.text)
    .text                                    0x08000a04   Section        0  tilt_thread.o(.text)
    .text                                    0x08000a18   Section        0  adc_impl.o(.text)
    .text                                    0x08000afc   Section        0  sevensegled.o(.text)
    .text                                    0x080011b8   Section        0  accelerometer_conf.o(.text)
    .text                                    0x080011e0   Section        0  stm32f4xx_adc.o(.text)
    .text                                    0x08001650   Section        0  stm32f4xx_gpio.o(.text)
    .text                                    0x080018ac   Section        0  stm32f4xx_rcc.o(.text)
    .text                                    0x08001e34   Section        0  stm32f4xx_spi.o(.text)
    .text                                    0x08002228   Section        0  f2d.o(.text)
    .text                                    0x0800224e   Section        0  uidiv.o(.text)
    .text                                    0x0800227a   Section        0  uldiv.o(.text)
    .text                                    0x080022dc   Section        0  iusefp.o(.text)
    .text                                    0x080022dc   Section        0  dadd.o(.text)
    .text                                    0x0800242a   Section        0  dmul.o(.text)
    .text                                    0x0800250e   Section        0  ddiv.o(.text)
    .text                                    0x080025ec   Section        0  dfixul.o(.text)
    .text                                    0x0800261c   Section       40  cdrcmple.o(.text)
    .text                                    0x08002644   Section       36  init.o(.text)
    .text                                    0x08002668   Section        0  semi.o(.text)
    .text                                    0x08002668   Section        0  llshl.o(.text)
    .text                                    0x08002686   Section        0  llushr.o(.text)
    .text                                    0x080026a6   Section        0  llsshr.o(.text)
    .text                                    0x080026ca   Section        0  iusesemip.o(.text)
    .text                                    0x080026ca   Section        0  depilogue.o(.text)
    SVC_TABLE                                0x08002788   Section        4  SVC_Table.o(SVC_TABLE)
    i.__0printf                              0x0800278c   Section        0  printfa.o(i.__0printf)
    i.__scatterload_copy                     0x080027ac   Section       14  handlers.o(i.__scatterload_copy)
    i.__scatterload_null                     0x080027ba   Section        2  handlers.o(i.__scatterload_null)
    i.__scatterload_zeroinit                 0x080027bc   Section       14  handlers.o(i.__scatterload_zeroinit)
    i._fp_digits                             0x080027cc   Section        0  printfa.o(i._fp_digits)
    _fp_digits                               0x080027cd   Thumb Code   326  printfa.o(i._fp_digits)
    i._init_box                              0x08002928   Section        0  rt_membox.o(i._init_box)
    i._printf_core                           0x08002970   Section        0  printfa.o(i._printf_core)
    _printf_core                             0x08002971   Thumb Code  1762  printfa.o(i._printf_core)
    i._printf_post_padding                   0x08003060   Section        0  printfa.o(i._printf_post_padding)
    _printf_post_padding                     0x08003061   Thumb Code    38  printfa.o(i._printf_post_padding)
    i._printf_pre_padding                    0x08003086   Section        0  printfa.o(i._printf_pre_padding)
    _printf_pre_padding                      0x08003087   Thumb Code    48  printfa.o(i._printf_pre_padding)
    i.dbg_init                               0x080030b8   Section        0  hal_cm.o(i.dbg_init)
    i.dbg_task_notify                        0x080030e8   Section        0  hal_cm.o(i.dbg_task_notify)
    i.dbg_task_switch                        0x08003108   Section        0  hal_cm.o(i.dbg_task_switch)
    i.fputc                                  0x08003118   Section        0  fputc.o(i.fputc)
    i.isrMessagePut                          0x0800312a   Section        0  rt_cmsis.o(i.isrMessagePut)
    isrMessagePut                            0x0800312b   Thumb Code    44  rt_cmsis.o(i.isrMessagePut)
    i.isr_mbx_receive                        0x08003158   Section        0  rt_mailbox.o(i.isr_mbx_receive)
    i.isr_mbx_send                           0x080031a8   Section        0  rt_mailbox.o(i.isr_mbx_send)
    i.osDelay                                0x080031b8   Section        0  rt_cmsis.o(i.osDelay)
    i.osKernelStart                          0x080031d0   Section        0  rt_cmsis.o(i.osKernelStart)
    i.osMessageGet                           0x08003238   Section        0  rt_cmsis.o(i.osMessageGet)
    i.osThreadCreate                         0x0800327c   Section        0  rt_cmsis.o(i.osThreadCreate)
    i.osThreadExit                           0x08003294   Section        0  rt_cmsis.o(i.osThreadExit)
    i.osTimerCall                            0x080032ac   Section        0  rt_cmsis.o(i.osTimerCall)
    i.osTimerThread                          0x080032b8   Section        0  rt_cmsis.o(i.osTimerThread)
    i.rt_alloc_box                           0x080032e4   Section        0  rt_membox.o(i.rt_alloc_box)
    i.rt_alloc_mem                           0x08003300   Section        0  rt_memory.o(i.rt_alloc_mem)
    i.rt_block                               0x0800333c   Section        0  rt_task.o(i.rt_block)
    i.rt_chk_robin                           0x08003374   Section        0  rt_robin.o(i.rt_chk_robin)
    i.rt_dec_dly                             0x080033bc   Section        0  rt_list.o(i.rt_dec_dly)
    i.rt_dispatch                            0x0800342c   Section        0  rt_task.o(i.rt_dispatch)
    i.rt_dly_wait                            0x08003470   Section        0  rt_time.o(i.rt_dly_wait)
    i.rt_evt_psh                             0x08003478   Section        0  rt_event.o(i.rt_evt_psh)
    i.rt_free_box                            0x080034c8   Section        0  rt_membox.o(i.rt_free_box)
    i.rt_free_mem                            0x080034e8   Section        0  rt_memory.o(i.rt_free_mem)
    i.rt_get_first                           0x08003510   Section        0  rt_list.o(i.rt_get_first)
    i.rt_id2obj                              0x08003538   Section        0  rt_cmsis.o(i.rt_id2obj)
    rt_id2obj                                0x08003539   Thumb Code     8  rt_cmsis.o(i.rt_id2obj)
    i.rt_init_context                        0x08003540   Section        0  rt_task.o(i.rt_init_context)
    rt_init_context                          0x08003541   Thumb Code    60  rt_task.o(i.rt_init_context)
    i.rt_init_mem                            0x08003580   Section        0  rt_memory.o(i.rt_init_mem)
    i.rt_init_robin                          0x0800359c   Section        0  rt_robin.o(i.rt_init_robin)
    i.rt_init_stack                          0x080035b4   Section        0  hal_cm.o(i.rt_init_stack)
    i.rt_mbx_check                           0x08003604   Section        0  rt_mailbox.o(i.rt_mbx_check)
    i.rt_mbx_init                            0x0800360c   Section        0  rt_mailbox.o(i.rt_mbx_init)
    i.rt_mbx_psh                             0x08003628   Section        0  rt_mailbox.o(i.rt_mbx_psh)
    i.rt_mbx_wait                            0x08003724   Section        0  rt_mailbox.o(i.rt_mbx_wait)
    i.rt_ms2tick                             0x080037d8   Section        0  rt_cmsis.o(i.rt_ms2tick)
    rt_ms2tick                               0x080037d9   Thumb Code    50  rt_cmsis.o(i.rt_ms2tick)
    i.rt_pop_req                             0x08003814   Section        0  rt_system.o(i.rt_pop_req)
    i.rt_psh_req                             0x0800388c   Section        0  rt_system.o(i.rt_psh_req)
    i.rt_psq_enq                             0x080038ac   Section        0  rt_list.o(i.rt_psq_enq)
    i.rt_put_dly                             0x08003904   Section        0  rt_list.o(i.rt_put_dly)
    i.rt_put_prio                            0x08003960   Section        0  rt_list.o(i.rt_put_prio)
    i.rt_put_rdy_first                       0x08003998   Section        0  rt_list.o(i.rt_put_rdy_first)
    i.rt_ret_regs                            0x080039ac   Section        0  hal_cm.o(i.rt_ret_regs)
    rt_ret_regs                              0x080039ad   Thumb Code    16  hal_cm.o(i.rt_ret_regs)
    i.rt_ret_val                             0x080039bc   Section        0  hal_cm.o(i.rt_ret_val)
    i.rt_ret_val2                            0x080039c8   Section        0  hal_cm.o(i.rt_ret_val2)
    i.rt_rmv_dly                             0x080039d8   Section        0  rt_list.o(i.rt_rmv_dly)
    i.rt_rmv_list                            0x08003a00   Section        0  rt_list.o(i.rt_rmv_list)
    i.rt_sem_psh                             0x08003a30   Section        0  rt_semaphore.o(i.rt_sem_psh)
    i.rt_stk_check                           0x08003a64   Section        0  rt_system.o(i.rt_stk_check)
    i.rt_switch_req                          0x08003a88   Section        0  rt_task.o(i.rt_switch_req)
    i.rt_sys_init                            0x08003ab0   Section        0  rt_task.o(i.rt_sys_init)
    i.rt_systick                             0x08003bf0   Section        0  rt_system.o(i.rt_systick)
    i.rt_tid2ptcb                            0x08003c2c   Section        0  rt_cmsis.o(i.rt_tid2ptcb)
    rt_tid2ptcb                              0x08003c2d   Thumb Code    18  rt_cmsis.o(i.rt_tid2ptcb)
    i.rt_timer_insert                        0x08003c40   Section        0  rt_cmsis.o(i.rt_timer_insert)
    rt_timer_insert                          0x08003c41   Thumb Code    56  rt_cmsis.o(i.rt_timer_insert)
    i.rt_tsk_create                          0x08003c7c   Section        0  rt_task.o(i.rt_tsk_create)
    i.rt_tsk_delete                          0x08003cfc   Section        0  rt_task.o(i.rt_tsk_delete)
    i.rt_tsk_self                            0x08003da8   Section        0  rt_task.o(i.rt_tsk_self)
    i.svcDelay                               0x08003db8   Section        0  rt_cmsis.o(i.svcDelay)
    i.svcKernelStart                         0x08003dcc   Section        0  rt_cmsis.o(i.svcKernelStart)
    i.svcMessageCreate                       0x08003ea0   Section        0  rt_cmsis.o(i.svcMessageCreate)
    i.svcMessageGet                          0x08003ec4   Section        0  rt_cmsis.o(i.svcMessageGet)
    i.svcThreadCreate                        0x08003f00   Section        0  rt_cmsis.o(i.svcThreadCreate)
    i.svcThreadGetId                         0x08003f70   Section        0  rt_cmsis.o(i.svcThreadGetId)
    i.svcThreadTerminate                     0x08003f8c   Section        0  rt_cmsis.o(i.svcThreadTerminate)
    i.svcTimerCall                           0x08003fc4   Section        0  rt_cmsis.o(i.svcTimerCall)
    i.sysTimerTick                           0x08003fdc   Section        0  rt_cmsis.o(i.sysTimerTick)
    .constdata                               0x08004030   Section       88  rtx_conf_cm.o(.constdata)
    __tagsym$$used                           0x08004044   Number         0  rtx_conf_cm.o(.constdata)
    __tagsym$$used                           0x08004048   Number         0  rtx_conf_cm.o(.constdata)
    .constdata                               0x08004088   Section       48  main.o(.constdata)
    .bss                                     0x10000000   Section     6992  rtx_conf_cm.o(.bss)
    .data                                    0x20000000   Section       20  system_stm32f4xx.o(.data)
    .data                                    0x20000014   Section       16  rtx_conf_cm.o(.data)
    .data                                    0x20000024   Section        4  stm32f4_discovery_lis302dl.o(.data)
    .data                                    0x20000028   Section       16  stm32f4xx_rcc.o(.data)
    APBAHBPrescTable                         0x20000028   Data          16  stm32f4xx_rcc.o(.data)
    .data                                    0x20000038   Section        4  rt_cmsis.o(.data)
    .data                                    0x2000003c   Section        8  rt_task.o(.data)
    .data                                    0x20000044   Section        3  rt_system.o(.data)
    os_lock                                  0x20000044   Data           1  rt_system.o(.data)
    os_psh_flag                              0x20000045   Data           1  rt_system.o(.data)
    pend_flags                               0x20000046   Data           1  rt_system.o(.data)
    .data                                    0x20000048   Section        2  rt_time.o(.data)
    .data                                    0x2000004a   Section        1  hal_cm.o(.data)
    .data                                    0x2000004c   Section        8  rt_robin.o(.data)
    .data                                    0x20000054   Section        4  stdout.o(.data)
    .bss                                     0x20000058   Section       48  rt_task.o(.bss)
    .bss                                     0x20000088   Section       48  rt_list.o(.bss)
    STACK                                    0x200000b8   Section     1024  startup_stm32f4xx.o(STACK)

    Global Symbols

    Symbol Name                              Value     Ov Type        Size  Object(Section)

    BuildAttributes$$THM_ISAv4$E$P$D$K$B$S$7EM$VFPi3$EXTD16$VFPS$VFMA$PE$A:L22UL41UL21$X:L11$S22US41US21$IEEE1$IW$USESV6$~STKCKD$USESV7$~SHL$OSPACE$ROPI$EBA8$MICROLIB$REQ8$PRES8$EABIv2 0x00000000   Number         0  anon$$obj.o ABSOLUTE
    __ARM_use_no_argv                        0x00000000   Number         0  main.o ABSOLUTE
    _printf_a                                0x00000000   Number         0  stubs.o ABSOLUTE
    _printf_c                                0x00000000   Number         0  stubs.o ABSOLUTE
    _printf_charcount                        0x00000000   Number         0  stubs.o ABSOLUTE
    _printf_d                                0x00000000   Number         0  stubs.o ABSOLUTE
    _printf_e                                0x00000000   Number         0  stubs.o ABSOLUTE
    _printf_f                                0x00000000   Number         0  stubs.o ABSOLUTE
    _printf_flags                            0x00000000   Number         0  stubs.o ABSOLUTE
    _printf_fp_dec                           0x00000000   Number         0  stubs.o ABSOLUTE
    _printf_fp_hex                           0x00000000   Number         0  stubs.o ABSOLUTE
    _printf_g                                0x00000000   Number         0  stubs.o ABSOLUTE
    _printf_i                                0x00000000   Number         0  stubs.o ABSOLUTE
    _printf_int_dec                          0x00000000   Number         0  stubs.o ABSOLUTE
    _printf_l                                0x00000000   Number         0  stubs.o ABSOLUTE
    _printf_lc                               0x00000000   Number         0  stubs.o ABSOLUTE
    _printf_ll                               0x00000000   Number         0  stubs.o ABSOLUTE
    _printf_lld                              0x00000000   Number         0  stubs.o ABSOLUTE
    _printf_lli                              0x00000000   Number         0  stubs.o ABSOLUTE
    _printf_llo                              0x00000000   Number         0  stubs.o ABSOLUTE
    _printf_llu                              0x00000000   Number         0  stubs.o ABSOLUTE
    _printf_llx                              0x00000000   Number         0  stubs.o ABSOLUTE
    _printf_longlong_dec                     0x00000000   Number         0  stubs.o ABSOLUTE
    _printf_longlong_hex                     0x00000000   Number         0  stubs.o ABSOLUTE
    _printf_longlong_oct                     0x00000000   Number         0  stubs.o ABSOLUTE
    _printf_ls                               0x00000000   Number         0  stubs.o ABSOLUTE
    _printf_mbtowc                           0x00000000   Number         0  stubs.o ABSOLUTE
    _printf_n                                0x00000000   Number         0  stubs.o ABSOLUTE
    _printf_o                                0x00000000   Number         0  stubs.o ABSOLUTE
    _printf_p                                0x00000000   Number         0  stubs.o ABSOLUTE
    _printf_percent                          0x00000000   Number         0  stubs.o ABSOLUTE
    _printf_pre_padding                      0x00000000   Number         0  stubs.o ABSOLUTE
    _printf_return_value                     0x00000000   Number         0  stubs.o ABSOLUTE
    _printf_s                                0x00000000   Number         0  stubs.o ABSOLUTE
    _printf_sizespec                         0x00000000   Number         0  stubs.o ABSOLUTE
    _printf_str                              0x00000000   Number         0  stubs.o ABSOLUTE
    _printf_truncate_signed                  0x00000000   Number         0  stubs.o ABSOLUTE
    _printf_truncate_unsigned                0x00000000   Number         0  stubs.o ABSOLUTE
    _printf_u                                0x00000000   Number         0  stubs.o ABSOLUTE
    _printf_wc                               0x00000000   Number         0  stubs.o ABSOLUTE
    _printf_wctomb                           0x00000000   Number         0  stubs.o ABSOLUTE
    _printf_widthprec                        0x00000000   Number         0  stubs.o ABSOLUTE
    _printf_x                                0x00000000   Number         0  stubs.o ABSOLUTE
    __cpp_initialize__aeabi_                  - Undefined Weak Reference
    __cxa_finalize                            - Undefined Weak Reference
    __decompress                              - Undefined Weak Reference
    _clock_init                               - Undefined Weak Reference
    _microlib_exit                            - Undefined Weak Reference
    __Vectors_Size                           0x00000188   Number         0  startup_stm32f4xx.o ABSOLUTE
    __RL_RTX_VER                             0x00000422   Number         0  rt_system.o ABSOLUTE
    __Vectors                                0x08000000   Data           4  startup_stm32f4xx.o(RESET)
    __Vectors_End                            0x08000188   Data           0  startup_stm32f4xx.o(RESET)
    __main                                   0x08000189   Thumb Code     0  entry.o(.ARM.Collect$$$$00000000)
    _main_stk                                0x08000189   Thumb Code     0  entry2.o(.ARM.Collect$$$$00000001)
    _main_scatterload                        0x0800018d   Thumb Code     0  entry5.o(.ARM.Collect$$$$00000004)
    __main_after_scatterload                 0x08000191   Thumb Code     0  entry5.o(.ARM.Collect$$$$00000004)
    __rt_final_cpp                           0x08000191   Thumb Code     0  entry10a.o(.ARM.Collect$$$$0000000D)
    __rt_final_exit                          0x08000191   Thumb Code     0  entry11a.o(.ARM.Collect$$$$0000000F)
    _main_clock                              0x08000191   Thumb Code     0  entry7b.o(.ARM.Collect$$$$00000008)
    _main_cpp_init                           0x08000191   Thumb Code     0  entry8b.o(.ARM.Collect$$$$0000000A)
    _main_init                               0x08000191   Thumb Code    10  rtx_conf_cm.o(.ARM.Collect$$$$000000FF)
    rt_set_PSP                               0x080001a5   Thumb Code     6  hal_cm4.o(.emb_text)
    os_set_env                               0x080001ab   Thumb Code    26  hal_cm4.o(.emb_text)
    _alloc_box                               0x080001c9   Thumb Code    28  hal_cm4.o(.emb_text)
    _free_box                                0x080001e9   Thumb Code    28  hal_cm4.o(.emb_text)
    SVC_Handler                              0x08000209   Thumb Code   152  hal_cm4.o(.emb_text)
    PendSV_Handler                           0x080002ad   Thumb Code     0  hal_cm4.o(.emb_text)
    Sys_Handler                              0x080002ad   Thumb Code   104  hal_cm4.o(.emb_text)
    SysTick_Handler                          0x0800030d   Thumb Code     0  hal_cm4.o(.emb_text)
    SystemInit                               0x080003f3   Thumb Code    88  system_stm32f4xx.o(.text)
    SystemCoreClockUpdate                    0x0800044b   Thumb Code   174  system_stm32f4xx.o(.text)
    Reset_Handler                            0x08000525   Thumb Code     8  startup_stm32f4xx.o(.text)
    NMI_Handler                              0x0800052d   Thumb Code     2  startup_stm32f4xx.o(.text)
    HardFault_Handler                        0x0800052f   Thumb Code     2  startup_stm32f4xx.o(.text)
    MemManage_Handler                        0x08000531   Thumb Code     2  startup_stm32f4xx.o(.text)
    BusFault_Handler                         0x08000533   Thumb Code     2  startup_stm32f4xx.o(.text)
    UsageFault_Handler                       0x08000535   Thumb Code     2  startup_stm32f4xx.o(.text)
    DebugMon_Handler                         0x08000539   Thumb Code     2  startup_stm32f4xx.o(.text)
    ADC_IRQHandler                           0x0800053f   Thumb Code     0  startup_stm32f4xx.o(.text)
    CAN1_RX0_IRQHandler                      0x0800053f   Thumb Code     0  startup_stm32f4xx.o(.text)
    CAN1_RX1_IRQHandler                      0x0800053f   Thumb Code     0  startup_stm32f4xx.o(.text)
    CAN1_SCE_IRQHandler                      0x0800053f   Thumb Code     0  startup_stm32f4xx.o(.text)
    CAN1_TX_IRQHandler                       0x0800053f   Thumb Code     0  startup_stm32f4xx.o(.text)
    CAN2_RX0_IRQHandler                      0x0800053f   Thumb Code     0  startup_stm32f4xx.o(.text)
    CAN2_RX1_IRQHandler                      0x0800053f   Thumb Code     0  startup_stm32f4xx.o(.text)
    CAN2_SCE_IRQHandler                      0x0800053f   Thumb Code     0  startup_stm32f4xx.o(.text)
    CAN2_TX_IRQHandler                       0x0800053f   Thumb Code     0  startup_stm32f4xx.o(.text)
    CRYP_IRQHandler                          0x0800053f   Thumb Code     0  startup_stm32f4xx.o(.text)
    DCMI_IRQHandler                          0x0800053f   Thumb Code     0  startup_stm32f4xx.o(.text)
    DMA1_Stream0_IRQHandler                  0x0800053f   Thumb Code     0  startup_stm32f4xx.o(.text)
    DMA1_Stream1_IRQHandler                  0x0800053f   Thumb Code     0  startup_stm32f4xx.o(.text)
    DMA1_Stream2_IRQHandler                  0x0800053f   Thumb Code     0  startup_stm32f4xx.o(.text)
    DMA1_Stream3_IRQHandler                  0x0800053f   Thumb Code     0  startup_stm32f4xx.o(.text)
    DMA1_Stream4_IRQHandler                  0x0800053f   Thumb Code     0  startup_stm32f4xx.o(.text)
    DMA1_Stream5_IRQHandler                  0x0800053f   Thumb Code     0  startup_stm32f4xx.o(.text)
    DMA1_Stream6_IRQHandler                  0x0800053f   Thumb Code     0  startup_stm32f4xx.o(.text)
    DMA1_Stream7_IRQHandler                  0x0800053f   Thumb Code     0  startup_stm32f4xx.o(.text)
    DMA2_Stream0_IRQHandler                  0x0800053f   Thumb Code     0  startup_stm32f4xx.o(.text)
    DMA2_Stream1_IRQHandler                  0x0800053f   Thumb Code     0  startup_stm32f4xx.o(.text)
    DMA2_Stream2_IRQHandler                  0x0800053f   Thumb Code     0  startup_stm32f4xx.o(.text)
    DMA2_Stream3_IRQHandler                  0x0800053f   Thumb Code     0  startup_stm32f4xx.o(.text)
    DMA2_Stream4_IRQHandler                  0x0800053f   Thumb Code     0  startup_stm32f4xx.o(.text)
    DMA2_Stream5_IRQHandler                  0x0800053f   Thumb Code     0  startup_stm32f4xx.o(.text)
    DMA2_Stream6_IRQHandler                  0x0800053f   Thumb Code     0  startup_stm32f4xx.o(.text)
    DMA2_Stream7_IRQHandler                  0x0800053f   Thumb Code     0  startup_stm32f4xx.o(.text)
    ETH_IRQHandler                           0x0800053f   Thumb Code     0  startup_stm32f4xx.o(.text)
    ETH_WKUP_IRQHandler                      0x0800053f   Thumb Code     0  startup_stm32f4xx.o(.text)
    EXTI0_IRQHandler                         0x0800053f   Thumb Code     0  startup_stm32f4xx.o(.text)
    EXTI15_10_IRQHandler                     0x0800053f   Thumb Code     0  startup_stm32f4xx.o(.text)
    EXTI1_IRQHandler                         0x0800053f   Thumb Code     0  startup_stm32f4xx.o(.text)
    EXTI2_IRQHandler                         0x0800053f   Thumb Code     0  startup_stm32f4xx.o(.text)
    EXTI3_IRQHandler                         0x0800053f   Thumb Code     0  startup_stm32f4xx.o(.text)
    EXTI4_IRQHandler                         0x0800053f   Thumb Code     0  startup_stm32f4xx.o(.text)
    EXTI9_5_IRQHandler                       0x0800053f   Thumb Code     0  startup_stm32f4xx.o(.text)
    FLASH_IRQHandler                         0x0800053f   Thumb Code     0  startup_stm32f4xx.o(.text)
    FPU_IRQHandler                           0x0800053f   Thumb Code     0  startup_stm32f4xx.o(.text)
    FSMC_IRQHandler                          0x0800053f   Thumb Code     0  startup_stm32f4xx.o(.text)
    HASH_RNG_IRQHandler                      0x0800053f   Thumb Code     0  startup_stm32f4xx.o(.text)
    I2C1_ER_IRQHandler                       0x0800053f   Thumb Code     0  startup_stm32f4xx.o(.text)
    I2C1_EV_IRQHandler                       0x0800053f   Thumb Code     0  startup_stm32f4xx.o(.text)
    I2C2_ER_IRQHandler                       0x0800053f   Thumb Code     0  startup_stm32f4xx.o(.text)
    I2C2_EV_IRQHandler                       0x0800053f   Thumb Code     0  startup_stm32f4xx.o(.text)
    I2C3_ER_IRQHandler                       0x0800053f   Thumb Code     0  startup_stm32f4xx.o(.text)
    I2C3_EV_IRQHandler                       0x0800053f   Thumb Code     0  startup_stm32f4xx.o(.text)
    OTG_FS_IRQHandler                        0x0800053f   Thumb Code     0  startup_stm32f4xx.o(.text)
    OTG_FS_WKUP_IRQHandler                   0x0800053f   Thumb Code     0  startup_stm32f4xx.o(.text)
    OTG_HS_EP1_IN_IRQHandler                 0x0800053f   Thumb Code     0  startup_stm32f4xx.o(.text)
    OTG_HS_EP1_OUT_IRQHandler                0x0800053f   Thumb Code     0  startup_stm32f4xx.o(.text)
    OTG_HS_IRQHandler                        0x0800053f   Thumb Code     0  startup_stm32f4xx.o(.text)
    OTG_HS_WKUP_IRQHandler                   0x0800053f   Thumb Code     0  startup_stm32f4xx.o(.text)
    PVD_IRQHandler                           0x0800053f   Thumb Code     0  startup_stm32f4xx.o(.text)
    RCC_IRQHandler                           0x0800053f   Thumb Code     0  startup_stm32f4xx.o(.text)
    RTC_Alarm_IRQHandler                     0x0800053f   Thumb Code     0  startup_stm32f4xx.o(.text)
    RTC_WKUP_IRQHandler                      0x0800053f   Thumb Code     0  startup_stm32f4xx.o(.text)
    SDIO_IRQHandler                          0x0800053f   Thumb Code     0  startup_stm32f4xx.o(.text)
    SPI1_IRQHandler                          0x0800053f   Thumb Code     0  startup_stm32f4xx.o(.text)
    SPI2_IRQHandler                          0x0800053f   Thumb Code     0  startup_stm32f4xx.o(.text)
    SPI3_IRQHandler                          0x0800053f   Thumb Code     0  startup_stm32f4xx.o(.text)
    TAMP_STAMP_IRQHandler                    0x0800053f   Thumb Code     0  startup_stm32f4xx.o(.text)
    TIM1_BRK_TIM9_IRQHandler                 0x0800053f   Thumb Code     0  startup_stm32f4xx.o(.text)
    TIM1_CC_IRQHandler                       0x0800053f   Thumb Code     0  startup_stm32f4xx.o(.text)
    TIM1_TRG_COM_TIM11_IRQHandler            0x0800053f   Thumb Code     0  startup_stm32f4xx.o(.text)
    TIM1_UP_TIM10_IRQHandler                 0x0800053f   Thumb Code     0  startup_stm32f4xx.o(.text)
    TIM2_IRQHandler                          0x0800053f   Thumb Code     0  startup_stm32f4xx.o(.text)
    TIM3_IRQHandler                          0x0800053f   Thumb Code     0  startup_stm32f4xx.o(.text)
    TIM4_IRQHandler                          0x0800053f   Thumb Code     0  startup_stm32f4xx.o(.text)
    TIM5_IRQHandler                          0x0800053f   Thumb Code     0  startup_stm32f4xx.o(.text)
    TIM6_DAC_IRQHandler                      0x0800053f   Thumb Code     0  startup_stm32f4xx.o(.text)
    TIM7_IRQHandler                          0x0800053f   Thumb Code     0  startup_stm32f4xx.o(.text)
    TIM8_BRK_TIM12_IRQHandler                0x0800053f   Thumb Code     0  startup_stm32f4xx.o(.text)
    TIM8_CC_IRQHandler                       0x0800053f   Thumb Code     0  startup_stm32f4xx.o(.text)
    TIM8_TRG_COM_TIM14_IRQHandler            0x0800053f   Thumb Code     0  startup_stm32f4xx.o(.text)
    TIM8_UP_TIM13_IRQHandler                 0x0800053f   Thumb Code     0  startup_stm32f4xx.o(.text)
    UART4_IRQHandler                         0x0800053f   Thumb Code     0  startup_stm32f4xx.o(.text)
    UART5_IRQHandler                         0x0800053f   Thumb Code     0  startup_stm32f4xx.o(.text)
    USART1_IRQHandler                        0x0800053f   Thumb Code     0  startup_stm32f4xx.o(.text)
    USART2_IRQHandler                        0x0800053f   Thumb Code     0  startup_stm32f4xx.o(.text)
    USART3_IRQHandler                        0x0800053f   Thumb Code     0  startup_stm32f4xx.o(.text)
    USART6_IRQHandler                        0x0800053f   Thumb Code     0  startup_stm32f4xx.o(.text)
    WWDG_IRQHandler                          0x0800053f   Thumb Code     0  startup_stm32f4xx.o(.text)
    os_idle_demon                            0x08000549   Thumb Code     4  rtx_conf_cm.o(.text)
    os_error                                 0x0800054d   Thumb Code     4  rtx_conf_cm.o(.text)
    main                                     0x08000551   Thumb Code    84  main.o(.text)
    thread                                   0x080005a5   Thumb Code    40  main.o(.text)
    temperature_detection_thread             0x080005dd   Thumb Code    88  temperature_thread.o(.text)
    LIS302DL_TIMEOUT_UserCallback            0x08000641   Thumb Code     2  stm32f4_discovery_lis302dl.o(.text)
    LIS302DL_Write                           0x080006ad   Thumb Code    58  stm32f4_discovery_lis302dl.o(.text)
    LIS302DL_Init                            0x0800080d   Thumb Code    44  stm32f4_discovery_lis302dl.o(.text)
    LIS302DL_Read                            0x08000839   Thumb Code    66  stm32f4_discovery_lis302dl.o(.text)
    LIS302DL_FilterConfig                    0x0800087b   Thumb Code    58  stm32f4_discovery_lis302dl.o(.text)
    LIS302DL_InterruptConfig                 0x080008b5   Thumb Code    42  stm32f4_discovery_lis302dl.o(.text)
    LIS302DL_LowpowerCmd                     0x080008df   Thumb Code    44  stm32f4_discovery_lis302dl.o(.text)
    LIS302DL_DataRateCmd                     0x0800090b   Thumb Code    44  stm32f4_discovery_lis302dl.o(.text)
    LIS302DL_FullScaleCmd                    0x08000937   Thumb Code    44  stm32f4_discovery_lis302dl.o(.text)
    LIS302DL_RebootCmd                       0x08000963   Thumb Code    34  stm32f4_discovery_lis302dl.o(.text)
    LIS302DL_ReadACC                         0x08000985   Thumb Code   112  stm32f4_discovery_lis302dl.o(.text)
    tilt_detection_thread                    0x08000a05   Thumb Code    18  tilt_thread.o(.text)
    set_ADC_config                           0x08000a19   Thumb Code   170  adc_impl.o(.text)
    get_ADC_temp                             0x08000ac3   Thumb Code    48  adc_impl.o(.text)
    LED_GPIO_Config                          0x08000afd   Thumb Code    54  sevensegled.o(.text)
    SevenSegLED                              0x08000b33   Thumb Code  1084  sevensegled.o(.text)
    Delay                                    0x08000f6f   Thumb Code    12  sevensegled.o(.text)
    DisplayTemperature                       0x08000f7b   Thumb Code   354  sevensegled.o(.text)
    TURN_ON_OFF_PWM_LED                      0x080010dd   Thumb Code    18  sevensegled.o(.text)
    trigger_alarm                            0x080010ef   Thumb Code   152  sevensegled.o(.text)
    set_Accelerometer_MEM                    0x080011b9   Thumb Code    38  accelerometer_conf.o(.text)
    ADC_DeInit                               0x080011e1   Thumb Code    22  stm32f4xx_adc.o(.text)
    ADC_Init                                 0x080011f7   Thumb Code    74  stm32f4xx_adc.o(.text)
    ADC_StructInit                           0x08001241   Thumb Code    20  stm32f4xx_adc.o(.text)
    ADC_CommonInit                           0x08001255   Thumb Code    44  stm32f4xx_adc.o(.text)
    ADC_CommonStructInit                     0x08001281   Thumb Code    12  stm32f4xx_adc.o(.text)
    ADC_Cmd                                  0x0800128d   Thumb Code    22  stm32f4xx_adc.o(.text)
    ADC_AnalogWatchdogCmd                    0x080012a3   Thumb Code    16  stm32f4xx_adc.o(.text)
    ADC_AnalogWatchdogThresholdsConfig       0x080012b3   Thumb Code     6  stm32f4xx_adc.o(.text)
    ADC_AnalogWatchdogSingleChannelConfig    0x080012b9   Thumb Code    16  stm32f4xx_adc.o(.text)
    ADC_TempSensorVrefintCmd                 0x080012c9   Thumb Code    34  stm32f4xx_adc.o(.text)
    ADC_VBATCmd                              0x080012eb   Thumb Code    34  stm32f4xx_adc.o(.text)
    ADC_RegularChannelConfig                 0x0800130d   Thumb Code   184  stm32f4xx_adc.o(.text)
    ADC_SoftwareStartConv                    0x080013c5   Thumb Code    10  stm32f4xx_adc.o(.text)
    ADC_GetSoftwareStartConvStatus           0x080013cf   Thumb Code    20  stm32f4xx_adc.o(.text)
    ADC_EOCOnEachRegularChannelCmd           0x080013e3   Thumb Code    22  stm32f4xx_adc.o(.text)
    ADC_ContinuousModeCmd                    0x080013f9   Thumb Code    22  stm32f4xx_adc.o(.text)
    ADC_DiscModeChannelCountConfig           0x0800140f   Thumb Code    24  stm32f4xx_adc.o(.text)
    ADC_DiscModeCmd                          0x08001427   Thumb Code    22  stm32f4xx_adc.o(.text)
    ADC_GetConversionValue                   0x0800143d   Thumb Code     8  stm32f4xx_adc.o(.text)
    ADC_GetMultiModeConversionValue          0x08001445   Thumb Code     6  stm32f4xx_adc.o(.text)
    ADC_DMACmd                               0x0800144b   Thumb Code    22  stm32f4xx_adc.o(.text)
    ADC_DMARequestAfterLastTransferCmd       0x08001461   Thumb Code    22  stm32f4xx_adc.o(.text)
    ADC_MultiModeDMARequestAfterLastTransferCmd 0x08001477   Thumb Code    34  stm32f4xx_adc.o(.text)
    ADC_InjectedChannelConfig                0x08001499   Thumb Code   130  stm32f4xx_adc.o(.text)
    ADC_InjectedSequencerLengthConfig        0x0800151b   Thumb Code    24  stm32f4xx_adc.o(.text)
    ADC_SetInjectedOffset                    0x08001533   Thumb Code    20  stm32f4xx_adc.o(.text)
    ADC_ExternalTrigInjectedConvConfig       0x08001547   Thumb Code    16  stm32f4xx_adc.o(.text)
    ADC_ExternalTrigInjectedConvEdgeConfig   0x08001557   Thumb Code    16  stm32f4xx_adc.o(.text)
    ADC_SoftwareStartInjectedConv            0x08001567   Thumb Code    10  stm32f4xx_adc.o(.text)
    ADC_GetSoftwareStartInjectedConvCmdStatus 0x08001571   Thumb Code    20  stm32f4xx_adc.o(.text)
    ADC_AutoInjectedConvCmd                  0x08001585   Thumb Code    22  stm32f4xx_adc.o(.text)
    ADC_InjectedDiscModeCmd                  0x0800159b   Thumb Code    22  stm32f4xx_adc.o(.text)
    ADC_GetInjectedConversionValue           0x080015b1   Thumb Code    28  stm32f4xx_adc.o(.text)
    ADC_ITConfig                             0x080015cd   Thumb Code    60  stm32f4xx_adc.o(.text)
    ADC_GetFlagStatus                        0x08001609   Thumb Code    18  stm32f4xx_adc.o(.text)
    ADC_ClearFlag                            0x0800161b   Thumb Code     6  stm32f4xx_adc.o(.text)
    ADC_GetITStatus                          0x08001621   Thumb Code    38  stm32f4xx_adc.o(.text)
    ADC_ClearITPendingBit                    0x08001647   Thumb Code    10  stm32f4xx_adc.o(.text)
    GPIO_DeInit                              0x08001651   Thumb Code   220  stm32f4xx_gpio.o(.text)
    GPIO_Init                                0x0800172d   Thumb Code   144  stm32f4xx_gpio.o(.text)
    GPIO_StructInit                          0x080017bd   Thumb Code    18  stm32f4xx_gpio.o(.text)
    GPIO_PinLockConfig                       0x080017cf   Thumb Code    34  stm32f4xx_gpio.o(.text)
    GPIO_ReadInputDataBit                    0x080017f1   Thumb Code    18  stm32f4xx_gpio.o(.text)
    GPIO_ReadInputData                       0x08001803   Thumb Code     8  stm32f4xx_gpio.o(.text)
    GPIO_ReadOutputDataBit                   0x0800180b   Thumb Code    18  stm32f4xx_gpio.o(.text)
    GPIO_ReadOutputData                      0x0800181d   Thumb Code     8  stm32f4xx_gpio.o(.text)
    GPIO_SetBits                             0x08001825   Thumb Code     4  stm32f4xx_gpio.o(.text)
    GPIO_ResetBits                           0x08001829   Thumb Code     4  stm32f4xx_gpio.o(.text)
    GPIO_WriteBit                            0x0800182d   Thumb Code    10  stm32f4xx_gpio.o(.text)
    GPIO_Write                               0x08001837   Thumb Code     4  stm32f4xx_gpio.o(.text)
    GPIO_ToggleBits                          0x0800183b   Thumb Code     8  stm32f4xx_gpio.o(.text)
    GPIO_PinAFConfig                         0x08001843   Thumb Code    70  stm32f4xx_gpio.o(.text)
    RCC_DeInit                               0x080018ad   Thumb Code    60  stm32f4xx_rcc.o(.text)
    RCC_HSEConfig                            0x080018e9   Thumb Code    14  stm32f4xx_rcc.o(.text)
    RCC_GetFlagStatus                        0x080018f7   Thumb Code    60  stm32f4xx_rcc.o(.text)
    RCC_WaitForHSEStartUp                    0x08001933   Thumb Code    56  stm32f4xx_rcc.o(.text)
    RCC_AdjustHSICalibrationValue            0x0800196b   Thumb Code    20  stm32f4xx_rcc.o(.text)
    RCC_HSICmd                               0x0800197f   Thumb Code     6  stm32f4xx_rcc.o(.text)
    RCC_LSEConfig                            0x08001985   Thumb Code    46  stm32f4xx_rcc.o(.text)
    RCC_LSICmd                               0x080019b3   Thumb Code     6  stm32f4xx_rcc.o(.text)
    RCC_PLLConfig                            0x080019b9   Thumb Code    32  stm32f4xx_rcc.o(.text)
    RCC_PLLCmd                               0x080019d9   Thumb Code     6  stm32f4xx_rcc.o(.text)
    RCC_PLLI2SConfig                         0x080019df   Thumb Code    14  stm32f4xx_rcc.o(.text)
    RCC_PLLI2SCmd                            0x080019ed   Thumb Code     6  stm32f4xx_rcc.o(.text)
    RCC_ClockSecuritySystemCmd               0x080019f3   Thumb Code     6  stm32f4xx_rcc.o(.text)
    RCC_MCO1Config                           0x080019f9   Thumb Code    28  stm32f4xx_rcc.o(.text)
    RCC_MCO2Config                           0x08001a15   Thumb Code    28  stm32f4xx_rcc.o(.text)
    RCC_SYSCLKConfig                         0x08001a31   Thumb Code    20  stm32f4xx_rcc.o(.text)
    RCC_GetSYSCLKSource                      0x08001a45   Thumb Code    12  stm32f4xx_rcc.o(.text)
    RCC_HCLKConfig                           0x08001a51   Thumb Code    20  stm32f4xx_rcc.o(.text)
    RCC_PCLK1Config                          0x08001a65   Thumb Code    20  stm32f4xx_rcc.o(.text)
    RCC_PCLK2Config                          0x08001a79   Thumb Code    22  stm32f4xx_rcc.o(.text)
    RCC_GetClocksFreq                        0x08001a8f   Thumb Code   222  stm32f4xx_rcc.o(.text)
    RCC_RTCCLKConfig                         0x08001b6d   Thumb Code    54  stm32f4xx_rcc.o(.text)
    RCC_RTCCLKCmd                            0x08001ba3   Thumb Code     8  stm32f4xx_rcc.o(.text)
    RCC_BackupResetCmd                       0x08001bab   Thumb Code     8  stm32f4xx_rcc.o(.text)
    RCC_I2SCLKConfig                         0x08001bb3   Thumb Code     6  stm32f4xx_rcc.o(.text)
    RCC_AHB1PeriphClockCmd                   0x08001bb9   Thumb Code    34  stm32f4xx_rcc.o(.text)
    RCC_AHB2PeriphClockCmd                   0x08001bdb   Thumb Code    34  stm32f4xx_rcc.o(.text)
    RCC_AHB3PeriphClockCmd                   0x08001bfd   Thumb Code    34  stm32f4xx_rcc.o(.text)
    RCC_APB1PeriphClockCmd                   0x08001c1f   Thumb Code    34  stm32f4xx_rcc.o(.text)
    RCC_APB2PeriphClockCmd                   0x08001c41   Thumb Code    34  stm32f4xx_rcc.o(.text)
    RCC_AHB1PeriphResetCmd                   0x08001c63   Thumb Code    34  stm32f4xx_rcc.o(.text)
    RCC_AHB2PeriphResetCmd                   0x08001c85   Thumb Code    72  stm32f4xx_rcc.o(.text)
    RCC_AHB3PeriphResetCmd                   0x08001ccd   Thumb Code    34  stm32f4xx_rcc.o(.text)
    RCC_APB1PeriphResetCmd                   0x08001cef   Thumb Code    34  stm32f4xx_rcc.o(.text)
    RCC_APB2PeriphResetCmd                   0x08001d11   Thumb Code    34  stm32f4xx_rcc.o(.text)
    RCC_AHB1PeriphClockLPModeCmd             0x08001d33   Thumb Code    34  stm32f4xx_rcc.o(.text)
    RCC_AHB2PeriphClockLPModeCmd             0x08001d55   Thumb Code    34  stm32f4xx_rcc.o(.text)
    RCC_AHB3PeriphClockLPModeCmd             0x08001d77   Thumb Code    34  stm32f4xx_rcc.o(.text)
    RCC_APB1PeriphClockLPModeCmd             0x08001d99   Thumb Code    34  stm32f4xx_rcc.o(.text)
    RCC_APB2PeriphClockLPModeCmd             0x08001dbb   Thumb Code    34  stm32f4xx_rcc.o(.text)
    RCC_ITConfig                             0x08001ddd   Thumb Code    34  stm32f4xx_rcc.o(.text)
    RCC_ClearFlag                            0x08001dff   Thumb Code    18  stm32f4xx_rcc.o(.text)
    RCC_GetITStatus                          0x08001e11   Thumb Code    22  stm32f4xx_rcc.o(.text)
    RCC_ClearITPendingBit                    0x08001e27   Thumb Code     8  stm32f4xx_rcc.o(.text)
    SPI_I2S_DeInit                           0x08001e35   Thumb Code    76  stm32f4xx_spi.o(.text)
    SPI_Init                                 0x08001e81   Thumb Code    60  stm32f4xx_spi.o(.text)
    I2S_Init                                 0x08001ebd   Thumb Code   346  stm32f4xx_spi.o(.text)
    SPI_StructInit                           0x08002017   Thumb Code    24  stm32f4xx_spi.o(.text)
    I2S_StructInit                           0x0800202f   Thumb Code    20  stm32f4xx_spi.o(.text)
    SPI_Cmd                                  0x08002043   Thumb Code    24  stm32f4xx_spi.o(.text)
    I2S_Cmd                                  0x0800205b   Thumb Code    24  stm32f4xx_spi.o(.text)
    SPI_DataSizeConfig                       0x08002073   Thumb Code    18  stm32f4xx_spi.o(.text)
    SPI_BiDirectionalLineConfig              0x08002085   Thumb Code    28  stm32f4xx_spi.o(.text)
    SPI_NSSInternalSoftwareConfig            0x080020a1   Thumb Code    30  stm32f4xx_spi.o(.text)
    SPI_SSOutputCmd                          0x080020bf   Thumb Code    24  stm32f4xx_spi.o(.text)
    SPI_TIModeCmd                            0x080020d7   Thumb Code    24  stm32f4xx_spi.o(.text)
    I2S_FullDuplexConfig                     0x080020ef   Thumb Code    80  stm32f4xx_spi.o(.text)
    SPI_I2S_ReceiveData                      0x0800213f   Thumb Code     6  stm32f4xx_spi.o(.text)
    SPI_I2S_SendData                         0x08002145   Thumb Code     4  stm32f4xx_spi.o(.text)
    SPI_CalculateCRC                         0x08002149   Thumb Code    24  stm32f4xx_spi.o(.text)
    SPI_TransmitCRC                          0x08002161   Thumb Code    10  stm32f4xx_spi.o(.text)
    SPI_GetCRC                               0x0800216b   Thumb Code    16  stm32f4xx_spi.o(.text)
    SPI_GetCRCPolynomial                     0x0800217b   Thumb Code     6  stm32f4xx_spi.o(.text)
    SPI_I2S_DMACmd                           0x08002181   Thumb Code    18  stm32f4xx_spi.o(.text)
    SPI_I2S_ITConfig                         0x08002193   Thumb Code    32  stm32f4xx_spi.o(.text)
    SPI_I2S_GetFlagStatus                    0x080021b3   Thumb Code    18  stm32f4xx_spi.o(.text)
    SPI_I2S_ClearFlag                        0x080021c5   Thumb Code     6  stm32f4xx_spi.o(.text)
    SPI_I2S_GetITStatus                      0x080021cb   Thumb Code    52  stm32f4xx_spi.o(.text)
    SPI_I2S_ClearITPendingBit                0x080021ff   Thumb Code    20  stm32f4xx_spi.o(.text)
    __aeabi_f2d                              0x08002229   Thumb Code    38  f2d.o(.text)
    __aeabi_uidiv                            0x0800224f   Thumb Code     0  uidiv.o(.text)
    __aeabi_uidivmod                         0x0800224f   Thumb Code    44  uidiv.o(.text)
    __aeabi_uldivmod                         0x0800227b   Thumb Code    98  uldiv.o(.text)
    __I$use$fp                               0x080022dd   Thumb Code     0  iusefp.o(.text)
    __aeabi_dadd                             0x080022dd   Thumb Code   322  dadd.o(.text)
    __aeabi_dsub                             0x0800241f   Thumb Code     6  dadd.o(.text)
    __aeabi_drsub                            0x08002425   Thumb Code     6  dadd.o(.text)
    __aeabi_dmul                             0x0800242b   Thumb Code   228  dmul.o(.text)
    __aeabi_ddiv                             0x0800250f   Thumb Code   222  ddiv.o(.text)
    __aeabi_d2ulz                            0x080025ed   Thumb Code    48  dfixul.o(.text)
    __aeabi_cdrcmple                         0x0800261d   Thumb Code    38  cdrcmple.o(.text)
    __scatterload                            0x08002645   Thumb Code    28  init.o(.text)
    __scatterload_rt2                        0x08002645   Thumb Code     0  init.o(.text)
    __aeabi_llsl                             0x08002669   Thumb Code    30  llshl.o(.text)
    __semihosting_library_function           0x08002669   Thumb Code     0  semi.o(.text)
    _ll_shift_l                              0x08002669   Thumb Code     0  llshl.o(.text)
    __aeabi_llsr                             0x08002687   Thumb Code    32  llushr.o(.text)
    _ll_ushift_r                             0x08002687   Thumb Code     0  llushr.o(.text)
    __aeabi_lasr                             0x080026a7   Thumb Code    36  llsshr.o(.text)
    _ll_sshift_r                             0x080026a7   Thumb Code     0  llsshr.o(.text)
    __I$use$semihosting$fputc                0x080026cb   Thumb Code     0  iusesemip.o(.text)
    _double_round                            0x080026cb   Thumb Code    26  depilogue.o(.text)
    _double_epilogue                         0x080026e5   Thumb Code   164  depilogue.o(.text)
    SVC_Count                                0x08002788   Data           4  SVC_Table.o(SVC_TABLE)
    SVC_Table                                0x0800278c   Data           0  SVC_Table.o(SVC_TABLE)
    __0printf                                0x0800278d   Thumb Code    22  printfa.o(i.__0printf)
    __1printf                                0x0800278d   Thumb Code     0  printfa.o(i.__0printf)
    __2printf                                0x0800278d   Thumb Code     0  printfa.o(i.__0printf)
    __c89printf                              0x0800278d   Thumb Code     0  printfa.o(i.__0printf)
    printf                                   0x0800278d   Thumb Code     0  printfa.o(i.__0printf)
    __scatterload_copy                       0x080027ad   Thumb Code    14  handlers.o(i.__scatterload_copy)
    __scatterload_null                       0x080027bb   Thumb Code     2  handlers.o(i.__scatterload_null)
    __scatterload_zeroinit                   0x080027bd   Thumb Code    14  handlers.o(i.__scatterload_zeroinit)
    _init_box                                0x08002929   Thumb Code    70  rt_membox.o(i._init_box)
    dbg_init                                 0x080030b9   Thumb Code    34  hal_cm.o(i.dbg_init)
    dbg_task_notify                          0x080030e9   Thumb Code    32  hal_cm.o(i.dbg_task_notify)
    dbg_task_switch                          0x08003109   Thumb Code    16  hal_cm.o(i.dbg_task_switch)
    fputc                                    0x08003119   Thumb Code    18  fputc.o(i.fputc)
    isr_mbx_receive                          0x08003159   Thumb Code    80  rt_mailbox.o(i.isr_mbx_receive)
    isr_mbx_send                             0x080031a9   Thumb Code    14  rt_mailbox.o(i.isr_mbx_send)
    osDelay                                  0x080031b9   Thumb Code    18  rt_cmsis.o(i.osDelay)
    osKernelStart                            0x080031d1   Thumb Code    94  rt_cmsis.o(i.osKernelStart)
    osMessageGet                             0x08003239   Thumb Code    64  rt_cmsis.o(i.osMessageGet)
    osThreadCreate                           0x0800327d   Thumb Code    18  rt_cmsis.o(i.osThreadCreate)
    osThreadExit                             0x08003295   Thumb Code    14  rt_cmsis.o(i.osThreadExit)
    osTimerCall                              0x080032ad   Thumb Code     8  rt_cmsis.o(i.osTimerCall)
    osTimerThread                            0x080032b9   Thumb Code    38  rt_cmsis.o(i.osTimerThread)
    rt_alloc_box                             0x080032e5   Thumb Code    28  rt_membox.o(i.rt_alloc_box)
    rt_alloc_mem                             0x08003301   Thumb Code    60  rt_memory.o(i.rt_alloc_mem)
    rt_block                                 0x0800333d   Thumb Code    48  rt_task.o(i.rt_block)
    rt_chk_robin                             0x08003375   Thumb Code    58  rt_robin.o(i.rt_chk_robin)
    rt_dec_dly                               0x080033bd   Thumb Code   102  rt_list.o(i.rt_dec_dly)
    rt_dispatch                              0x0800342d   Thumb Code    60  rt_task.o(i.rt_dispatch)
    rt_dly_wait                              0x08003471   Thumb Code     6  rt_time.o(i.rt_dly_wait)
    rt_evt_psh                               0x08003479   Thumb Code    76  rt_event.o(i.rt_evt_psh)
    rt_free_box                              0x080034c9   Thumb Code    32  rt_membox.o(i.rt_free_box)
    rt_free_mem                              0x080034e9   Thumb Code    40  rt_memory.o(i.rt_free_mem)
    rt_get_first                             0x08003511   Thumb Code    40  rt_list.o(i.rt_get_first)
    rt_init_mem                              0x08003581   Thumb Code    26  rt_memory.o(i.rt_init_mem)
    rt_init_robin                            0x0800359d   Thumb Code    14  rt_robin.o(i.rt_init_robin)
    rt_init_stack                            0x080035b5   Thumb Code    70  hal_cm.o(i.rt_init_stack)
    rt_mbx_check                             0x08003605   Thumb Code     8  rt_mailbox.o(i.rt_mbx_check)
    rt_mbx_init                              0x0800360d   Thumb Code    26  rt_mailbox.o(i.rt_mbx_init)
    rt_mbx_psh                               0x08003629   Thumb Code   248  rt_mailbox.o(i.rt_mbx_psh)
    rt_mbx_wait                              0x08003725   Thumb Code   174  rt_mailbox.o(i.rt_mbx_wait)
    rt_pop_req                               0x08003815   Thumb Code   106  rt_system.o(i.rt_pop_req)
    rt_psh_req                               0x0800388d   Thumb Code    22  rt_system.o(i.rt_psh_req)
    rt_psq_enq                               0x080038ad   Thumb Code    82  rt_list.o(i.rt_psq_enq)
    rt_put_dly                               0x08003905   Thumb Code    88  rt_list.o(i.rt_put_dly)
    rt_put_prio                              0x08003961   Thumb Code    56  rt_list.o(i.rt_put_prio)
    rt_put_rdy_first                         0x08003999   Thumb Code    14  rt_list.o(i.rt_put_rdy_first)
    rt_ret_val                               0x080039bd   Thumb Code    12  hal_cm.o(i.rt_ret_val)
    rt_ret_val2                              0x080039c9   Thumb Code    16  hal_cm.o(i.rt_ret_val2)
    rt_rmv_dly                               0x080039d9   Thumb Code    40  rt_list.o(i.rt_rmv_dly)
    rt_rmv_list                              0x08003a01   Thumb Code    44  rt_list.o(i.rt_rmv_list)
    rt_sem_psh                               0x08003a31   Thumb Code    48  rt_semaphore.o(i.rt_sem_psh)
    rt_stk_check                             0x08003a65   Thumb Code    28  rt_system.o(i.rt_stk_check)
    rt_switch_req                            0x08003a89   Thumb Code    30  rt_task.o(i.rt_switch_req)
    rt_sys_init                              0x08003ab1   Thumb Code   242  rt_task.o(i.rt_sys_init)
    rt_systick                               0x08003bf1   Thumb Code    48  rt_system.o(i.rt_systick)
    rt_tsk_create                            0x08003c7d   Thumb Code   112  rt_task.o(i.rt_tsk_create)
    rt_tsk_delete                            0x08003cfd   Thumb Code   146  rt_task.o(i.rt_tsk_delete)
    rt_tsk_self                              0x08003da9   Thumb Code    12  rt_task.o(i.rt_tsk_self)
    svcDelay                                 0x08003db9   Thumb Code    20  rt_cmsis.o(i.svcDelay)
    svcKernelStart                           0x08003dcd   Thumb Code   174  rt_cmsis.o(i.svcKernelStart)
    svcMessageCreate                         0x08003ea1   Thumb Code    36  rt_cmsis.o(i.svcMessageCreate)
    svcMessageGet                            0x08003ec5   Thumb Code    58  rt_cmsis.o(i.svcMessageGet)
    svcThreadCreate                          0x08003f01   Thumb Code   100  rt_cmsis.o(i.svcThreadCreate)
    svcThreadGetId                           0x08003f71   Thumb Code    22  rt_cmsis.o(i.svcThreadGetId)
    svcThreadTerminate                       0x08003f8d   Thumb Code    52  rt_cmsis.o(i.svcThreadTerminate)
    svcTimerCall                             0x08003fc5   Thumb Code    24  rt_cmsis.o(i.svcTimerCall)
    sysTimerTick                             0x08003fdd   Thumb Code    76  rt_cmsis.o(i.sysTimerTick)
    os_maxtaskrun                            0x08004030   Data           2  rtx_conf_cm.o(.constdata)
    os_stackinfo                             0x08004034   Data           4  rtx_conf_cm.o(.constdata)
    os_rrobin                                0x08004038   Data           4  rtx_conf_cm.o(.constdata)
    os_trv                                   0x0800403c   Data           4  rtx_conf_cm.o(.constdata)
    os_flags                                 0x08004040   Data           1  rtx_conf_cm.o(.constdata)
    os_clockrate                             0x08004044   Data           4  rtx_conf_cm.o(.constdata)
    os_timernum                              0x08004048   Data           4  rtx_conf_cm.o(.constdata)
    mp_tcb_size                              0x0800404c   Data           2  rtx_conf_cm.o(.constdata)
    mp_stk_size                              0x08004050   Data           4  rtx_conf_cm.o(.constdata)
    os_stack_sz                              0x08004054   Data           4  rtx_conf_cm.o(.constdata)
    os_fifo_size                             0x08004058   Data           1  rtx_conf_cm.o(.constdata)
    os_thread_def_osTimerThread              0x0800405c   Data          16  rtx_conf_cm.o(.constdata)
    os_messageQ_def_osTimerMessageQ          0x0800406c   Data           8  rtx_conf_cm.o(.constdata)
    mp_tmr_size                              0x08004074   Data           2  rtx_conf_cm.o(.constdata)
    os_thread_def_main                       0x08004078   Data          16  rtx_conf_cm.o(.constdata)
    os_thread_def_thread                     0x08004088   Data          16  main.o(.constdata)
    os_thread_def_temperature_detection_thread 0x08004098   Data          16  main.o(.constdata)
    os_thread_def_tilt_detection_thread      0x080040a8   Data          16  main.o(.constdata)
    Region$$Table$$Base                      0x080040b8   Number         0  anon$$obj.o(Region$$Table)
    Region$$Table$$Limit                     0x080040e8   Number         0  anon$$obj.o(Region$$Table)
    mp_tcb                                   0x10000000   Data         348  rtx_conf_cm.o(.bss)
    mp_stk                                   0x10000160   Data        4816  rtx_conf_cm.o(.bss)
    os_stack_mem                             0x10001430   Data        1632  rtx_conf_cm.o(.bss)
    os_fifo                                  0x10001a90   Data         132  rtx_conf_cm.o(.bss)
    os_active_TCB                            0x10001b14   Data          28  rtx_conf_cm.o(.bss)
    os_messageQ_q_osTimerMessageQ            0x10001b30   Data          32  rtx_conf_cm.o(.bss)
    SystemCoreClock                          0x20000000   Data           4  system_stm32f4xx.o(.data)
    AHBPrescTable                            0x20000004   Data          16  system_stm32f4xx.o(.data)
    os_tmr                                   0x20000014   Data           4  rtx_conf_cm.o(.data)
    m_tmr                                    0x20000018   Data           4  rtx_conf_cm.o(.data)
    osThreadId_osTimerThread                 0x2000001c   Data           4  rtx_conf_cm.o(.data)
    osMessageQId_osTimerMessageQ             0x20000020   Data           4  rtx_conf_cm.o(.data)
    LIS302DLTimeout                          0x20000024   Data           4  stm32f4_discovery_lis302dl.o(.data)
    os_timer_head                            0x20000038   Data           4  rt_cmsis.o(.data)
    os_tsk                                   0x2000003c   Data           8  rt_task.o(.data)
    os_time                                  0x20000048   Data           2  rt_time.o(.data)
    dbg_msg                                  0x2000004a   Data           1  hal_cm.o(.data)
    os_robin                                 0x2000004c   Data           8  rt_robin.o(.data)
    __stdout                                 0x20000054   Data           4  stdout.o(.data)
    os_idle_TCB                              0x20000058   Data          48  rt_task.o(.bss)
    os_rdy                                   0x20000088   Data          24  rt_list.o(.bss)
    os_dly                                   0x200000a0   Data          24  rt_list.o(.bss)
    __initial_sp                             0x200004b8   Data           0  startup_stm32f4xx.o(STACK)



==============================================================================

Memory Map of the image

  Image Entry point : 0x08000189

  Load Region LR_IROM1 (Base: 0x08000000, Size: 0x00004140, Max: 0x00100000, ABSOLUTE)

    Execution Region ER_IROM1 (Base: 0x08000000, Size: 0x000040e8, Max: 0x00100000, ABSOLUTE)

    Base Addr    Size         Type   Attr      Idx    E Section Name        Object

    0x08000000   0x00000188   Data   RO          132    RESET               startup_stm32f4xx.o
    0x08000188   0x00000000   Code   RO         2170  * .ARM.Collect$$$$00000000  mc_w.l(entry.o)
    0x08000188   0x00000004   Code   RO         2436    .ARM.Collect$$$$00000001  mc_w.l(entry2.o)
    0x0800018c   0x00000004   Code   RO         2439    .ARM.Collect$$$$00000004  mc_w.l(entry5.o)
    0x08000190   0x00000000   Code   RO         2441    .ARM.Collect$$$$00000008  mc_w.l(entry7b.o)
    0x08000190   0x00000000   Code   RO         2443    .ARM.Collect$$$$0000000A  mc_w.l(entry8b.o)
    0x08000190   0x00000000   Code   RO         2444    .ARM.Collect$$$$0000000D  mc_w.l(entry10a.o)
    0x08000190   0x00000000   Code   RO         2446    .ARM.Collect$$$$0000000F  mc_w.l(entry11a.o)
    0x08000190   0x00000010   Code   RO          137    .ARM.Collect$$$$000000FF  rtx_conf_cm.o
    0x080001a0   0x00000004   Code   RO         2437    .ARM.Collect$$$$00002712  mc_w.l(entry2.o)
    0x080001a4   0x00000174   Code   RO         2157    .emb_text           RTX_CM4.lib(hal_cm4.o)
    0x08000318   0x0000020c   Code   RO            3    .text               system_stm32f4xx.o
    0x08000524   0x00000024   Code   RO          133    .text               startup_stm32f4xx.o
    0x08000548   0x00000008   Code   RO          138    .text               rtx_conf_cm.o
    0x08000550   0x0000008c   Code   RO          171    .text               main.o
    0x080005dc   0x00000064   Code   RO          231    .text               temperature_thread.o
    0x08000640   0x000003c4   Code   RO          254    .text               stm32f4_discovery_lis302dl.o
    0x08000a04   0x00000012   Code   RO          280    .text               tilt_thread.o
    0x08000a16   0x00000002   PAD
    0x08000a18   0x000000e4   Code   RO          306    .text               adc_impl.o
    0x08000afc   0x000006bc   Code   RO          404    .text               sevensegled.o
    0x080011b8   0x00000026   Code   RO          424    .text               accelerometer_conf.o
    0x080011de   0x00000002   PAD
    0x080011e0   0x00000470   Code   RO          476    .text               stm32f4xx_adc.o
    0x08001650   0x0000025c   Code   RO          780    .text               stm32f4xx_gpio.o
    0x080018ac   0x00000588   Code   RO          929    .text               stm32f4xx_rcc.o
    0x08001e34   0x000003f4   Code   RO         1020    .text               stm32f4xx_spi.o
    0x08002228   0x00000026   Code   RO         2434    .text               mf_w.l(f2d.o)
    0x0800224e   0x0000002c   Code   RO         2451    .text               mc_w.l(uidiv.o)
    0x0800227a   0x00000062   Code   RO         2453    .text               mc_w.l(uldiv.o)
    0x080022dc   0x00000000   Code   RO         2455    .text               mc_w.l(iusefp.o)
    0x080022dc   0x0000014e   Code   RO         2456    .text               mf_w.l(dadd.o)
    0x0800242a   0x000000e4   Code   RO         2458    .text               mf_w.l(dmul.o)
    0x0800250e   0x000000de   Code   RO         2460    .text               mf_w.l(ddiv.o)
    0x080025ec   0x00000030   Code   RO         2462    .text               mf_w.l(dfixul.o)
    0x0800261c   0x00000028   Code   RO         2464    .text               mf_w.l(cdrcmple.o)
    0x08002644   0x00000024   Code   RO         2466    .text               mc_w.l(init.o)
    0x08002668   0x00000000   Code   RO         2468    .text               mc_w.l(semi.o)
    0x08002668   0x0000001e   Code   RO         2469    .text               mc_w.l(llshl.o)
    0x08002686   0x00000020   Code   RO         2471    .text               mc_w.l(llushr.o)
    0x080026a6   0x00000024   Code   RO         2473    .text               mc_w.l(llsshr.o)
    0x080026ca   0x00000000   Code   RO         2475    .text               mc_w.l(iusesemip.o)
    0x080026ca   0x000000be   Code   RO         2476    .text               mf_w.l(depilogue.o)
    0x08002788   0x00000004   Code   RO         2167    SVC_TABLE           RTX_CM4.lib(SVC_Table.o)
    0x0800278c   0x00000020   Code   RO         2406    i.__0printf         mc_w.l(printfa.o)
    0x080027ac   0x0000000e   Code   RO         2480    i.__scatterload_copy  mc_w.l(handlers.o)
    0x080027ba   0x00000002   Code   RO         2481    i.__scatterload_null  mc_w.l(handlers.o)
    0x080027bc   0x0000000e   Code   RO         2482    i.__scatterload_zeroinit  mc_w.l(handlers.o)
    0x080027ca   0x00000002   PAD
    0x080027cc   0x0000015c   Code   RO         2413    i._fp_digits        mc_w.l(printfa.o)
    0x08002928   0x00000046   Code   RO         2030    i._init_box         RTX_CM4.lib(rt_membox.o)
    0x0800296e   0x00000002   PAD
    0x08002970   0x000006f0   Code   RO         2414    i._printf_core      mc_w.l(printfa.o)
    0x08003060   0x00000026   Code   RO         2415    i._printf_post_padding  mc_w.l(printfa.o)
    0x08003086   0x00000030   Code   RO         2416    i._printf_pre_padding  mc_w.l(printfa.o)
    0x080030b6   0x00000002   PAD
    0x080030b8   0x00000030   Code   RO         2083    i.dbg_init          RTX_CM4.lib(hal_cm.o)
    0x080030e8   0x00000020   Code   RO         2084    i.dbg_task_notify   RTX_CM4.lib(hal_cm.o)
    0x08003108   0x00000010   Code   RO         2085    i.dbg_task_switch   RTX_CM4.lib(hal_cm.o)
    0x08003118   0x00000012   Code   RO         2448    i.fputc             mc_w.l(fputc.o)
    0x0800312a   0x0000002c   Code   RO         1129    i.isrMessagePut     RTX_CM4.lib(rt_cmsis.o)
    0x08003156   0x00000002   PAD
    0x08003158   0x00000050   Code   RO         1894    i.isr_mbx_receive   RTX_CM4.lib(rt_mailbox.o)
    0x080031a8   0x0000000e   Code   RO         1895    i.isr_mbx_send      RTX_CM4.lib(rt_mailbox.o)
    0x080031b6   0x00000002   PAD
    0x080031b8   0x00000018   Code   RO         1130    i.osDelay           RTX_CM4.lib(rt_cmsis.o)
    0x080031d0   0x00000068   Code   RO         1132    i.osKernelStart     RTX_CM4.lib(rt_cmsis.o)
    0x08003238   0x00000044   Code   RO         1140    i.osMessageGet      RTX_CM4.lib(rt_cmsis.o)
    0x0800327c   0x00000018   Code   RO         1156    i.osThreadCreate    RTX_CM4.lib(rt_cmsis.o)
    0x08003294   0x00000018   Code   RO         1157    i.osThreadExit      RTX_CM4.lib(rt_cmsis.o)
    0x080032ac   0x0000000c   Code   RO         1163    i.osTimerCall       RTX_CM4.lib(rt_cmsis.o)
    0x080032b8   0x0000002c   Code   RO         1167    i.osTimerThread     RTX_CM4.lib(rt_cmsis.o)
    0x080032e4   0x0000001c   Code   RO         2031    i.rt_alloc_box      RTX_CM4.lib(rt_membox.o)
    0x08003300   0x0000003c   Code   RO         2059    i.rt_alloc_mem      RTX_CM4.lib(rt_memory.o)
    0x0800333c   0x00000038   Code   RO         1651    i.rt_block          RTX_CM4.lib(rt_task.o)
    0x08003374   0x00000048   Code   RO         2136    i.rt_chk_robin      RTX_CM4.lib(rt_robin.o)
    0x080033bc   0x00000070   Code   RO         1818    i.rt_dec_dly        RTX_CM4.lib(rt_list.o)
    0x0800342c   0x00000044   Code   RO         1652    i.rt_dispatch       RTX_CM4.lib(rt_task.o)
    0x08003470   0x00000006   Code   RO         1978    i.rt_dly_wait       RTX_CM4.lib(rt_time.o)
    0x08003476   0x00000002   PAD
    0x08003478   0x00000050   Code   RO         1779    i.rt_evt_psh        RTX_CM4.lib(rt_event.o)
    0x080034c8   0x00000020   Code   RO         2032    i.rt_free_box       RTX_CM4.lib(rt_membox.o)
    0x080034e8   0x00000028   Code   RO         2060    i.rt_free_mem       RTX_CM4.lib(rt_memory.o)
    0x08003510   0x00000028   Code   RO         1819    i.rt_get_first      RTX_CM4.lib(rt_list.o)
    0x08003538   0x00000008   Code   RO         1170    i.rt_id2obj         RTX_CM4.lib(rt_cmsis.o)
    0x08003540   0x00000040   Code   RO         1653    i.rt_init_context   RTX_CM4.lib(rt_task.o)
    0x08003580   0x0000001a   Code   RO         2061    i.rt_init_mem       RTX_CM4.lib(rt_memory.o)
    0x0800359a   0x00000002   PAD
    0x0800359c   0x00000018   Code   RO         2137    i.rt_init_robin     RTX_CM4.lib(rt_robin.o)
    0x080035b4   0x00000050   Code   RO         2086    i.rt_init_stack     RTX_CM4.lib(hal_cm.o)
    0x08003604   0x00000008   Code   RO         1896    i.rt_mbx_check      RTX_CM4.lib(rt_mailbox.o)
    0x0800360c   0x0000001a   Code   RO         1897    i.rt_mbx_init       RTX_CM4.lib(rt_mailbox.o)
    0x08003626   0x00000002   PAD
    0x08003628   0x000000fc   Code   RO         1898    i.rt_mbx_psh        RTX_CM4.lib(rt_mailbox.o)
    0x08003724   0x000000b4   Code   RO         1900    i.rt_mbx_wait       RTX_CM4.lib(rt_mailbox.o)
    0x080037d8   0x0000003c   Code   RO         1171    i.rt_ms2tick        RTX_CM4.lib(rt_cmsis.o)
    0x08003814   0x00000078   Code   RO         1730    i.rt_pop_req        RTX_CM4.lib(rt_system.o)
    0x0800388c   0x00000020   Code   RO         1731    i.rt_psh_req        RTX_CM4.lib(rt_system.o)
    0x080038ac   0x00000058   Code   RO         1821    i.rt_psq_enq        RTX_CM4.lib(rt_list.o)
    0x08003904   0x0000005c   Code   RO         1822    i.rt_put_dly        RTX_CM4.lib(rt_list.o)
    0x08003960   0x00000038   Code   RO         1823    i.rt_put_prio       RTX_CM4.lib(rt_list.o)
    0x08003998   0x00000014   Code   RO         1824    i.rt_put_rdy_first  RTX_CM4.lib(rt_list.o)
    0x080039ac   0x00000010   Code   RO         2087    i.rt_ret_regs       RTX_CM4.lib(hal_cm.o)
    0x080039bc   0x0000000c   Code   RO         2088    i.rt_ret_val        RTX_CM4.lib(hal_cm.o)
    0x080039c8   0x00000010   Code   RO         2089    i.rt_ret_val2       RTX_CM4.lib(hal_cm.o)
    0x080039d8   0x00000028   Code   RO         1826    i.rt_rmv_dly        RTX_CM4.lib(rt_list.o)
    0x08003a00   0x00000030   Code   RO         1827    i.rt_rmv_list       RTX_CM4.lib(rt_list.o)
    0x08003a30   0x00000034   Code   RO         1944    i.rt_sem_psh        RTX_CM4.lib(rt_semaphore.o)
    0x08003a64   0x00000024   Code   RO         1732    i.rt_stk_check      RTX_CM4.lib(rt_system.o)
    0x08003a88   0x00000028   Code   RO         1654    i.rt_switch_req     RTX_CM4.lib(rt_task.o)
    0x08003ab0   0x00000140   Code   RO         1655    i.rt_sys_init       RTX_CM4.lib(rt_task.o)
    0x08003bf0   0x0000003c   Code   RO         1733    i.rt_systick        RTX_CM4.lib(rt_system.o)
    0x08003c2c   0x00000012   Code   RO         1172    i.rt_tid2ptcb       RTX_CM4.lib(rt_cmsis.o)
    0x08003c3e   0x00000002   PAD
    0x08003c40   0x0000003c   Code   RO         1173    i.rt_timer_insert   RTX_CM4.lib(rt_cmsis.o)
    0x08003c7c   0x00000080   Code   RO         1656    i.rt_tsk_create     RTX_CM4.lib(rt_task.o)
    0x08003cfc   0x000000ac   Code   RO         1657    i.rt_tsk_delete     RTX_CM4.lib(rt_task.o)
    0x08003da8   0x00000010   Code   RO         1660    i.rt_tsk_self       RTX_CM4.lib(rt_task.o)
    0x08003db8   0x00000014   Code   RO         1175    i.svcDelay          RTX_CM4.lib(rt_cmsis.o)
    0x08003dcc   0x000000d4   Code   RO         1176    i.svcKernelStart    RTX_CM4.lib(rt_cmsis.o)
    0x08003ea0   0x00000024   Code   RO         1178    i.svcMessageCreate  RTX_CM4.lib(rt_cmsis.o)
    0x08003ec4   0x0000003a   Code   RO         1179    i.svcMessageGet     RTX_CM4.lib(rt_cmsis.o)
    0x08003efe   0x00000002   PAD
    0x08003f00   0x00000070   Code   RO         1192    i.svcThreadCreate   RTX_CM4.lib(rt_cmsis.o)
    0x08003f70   0x0000001c   Code   RO         1193    i.svcThreadGetId    RTX_CM4.lib(rt_cmsis.o)
    0x08003f8c   0x00000038   Code   RO         1196    i.svcThreadTerminate  RTX_CM4.lib(rt_cmsis.o)
    0x08003fc4   0x00000018   Code   RO         1198    i.svcTimerCall      RTX_CM4.lib(rt_cmsis.o)
    0x08003fdc   0x00000054   Code   RO         1206    i.sysTimerTick      RTX_CM4.lib(rt_cmsis.o)
    0x08004030   0x00000058   Data   RO          140    .constdata          rtx_conf_cm.o
    0x08004088   0x00000030   Data   RO          172    .constdata          main.o
    0x080040b8   0x00000030   Data   RO         2478    Region$$Table       anon$$obj.o


    Execution Region RW_IRAM1 (Base: 0x10000000, Size: 0x00001b50, Max: 0x0001ffff, ABSOLUTE)

    Base Addr    Size         Type   Attr      Idx    E Section Name        Object

    0x10000000   0x00001b50   Zero   RW          139    .bss                rtx_conf_cm.o


    Execution Region RW_IRAM2 (Base: 0x20000000, Size: 0x000004b8, Max: 0x0001ffff, ABSOLUTE)

    Base Addr    Size         Type   Attr      Idx    E Section Name        Object

    0x20000000   0x00000014   Data   RW            4    .data               system_stm32f4xx.o
    0x20000014   0x00000010   Data   RW          141    .data               rtx_conf_cm.o
    0x20000024   0x00000004   Data   RW          255    .data               stm32f4_discovery_lis302dl.o
    0x20000028   0x00000010   Data   RW          930    .data               stm32f4xx_rcc.o
    0x20000038   0x00000004   Data   RW         1207    .data               RTX_CM4.lib(rt_cmsis.o)
    0x2000003c   0x00000008   Data   RW         1662    .data               RTX_CM4.lib(rt_task.o)
    0x20000044   0x00000003   Data   RW         1736    .data               RTX_CM4.lib(rt_system.o)
    0x20000047   0x00000001   PAD
    0x20000048   0x00000002   Data   RW         1981    .data               RTX_CM4.lib(rt_time.o)
    0x2000004a   0x00000001   Data   RW         2090    .data               RTX_CM4.lib(hal_cm.o)
    0x2000004b   0x00000001   PAD
    0x2000004c   0x00000008   Data   RW         2138    .data               RTX_CM4.lib(rt_robin.o)
    0x20000054   0x00000004   Data   RW         2450    .data               mc_w.l(stdout.o)
    0x20000058   0x00000030   Zero   RW         1661    .bss                RTX_CM4.lib(rt_task.o)
    0x20000088   0x00000030   Zero   RW         1828    .bss                RTX_CM4.lib(rt_list.o)
    0x200000b8   0x00000400   Zero   RW          130    STACK               startup_stm32f4xx.o


==============================================================================

Image component sizes


      Code (inc. data)   RO Data    RW Data    ZI Data      Debug   Object Name

        38          0          0          0          0       5924   accelerometer_conf.o
       228         10          0          0          0      21242   adc_impl.o
       140         16         48          0          0       4768   main.o
        24          6         88         16       6992       6712   rtx_conf_cm.o
      1724         66          0          0          0       3017   sevensegled.o
        36          8        392          0       1024        820   startup_stm32f4xx.o
       964         16          0          4          0       9772   stm32f4_discovery_lis302dl.o
      1136         28          0          0          0      10626   stm32f4xx_adc.o
       604         36          0          0          0      10637   stm32f4xx_gpio.o
      1416         48          0         16          0      24099   stm32f4xx_rcc.o
      1012         22          0          0          0      15061   stm32f4xx_spi.o
       524         44          0         20          0     228091   system_stm32f4xx.o
       100         12          0          0          0       1279   temperature_thread.o
        18          0          0          0          0        588   tilt_thread.o

    ----------------------------------------------------------------------
      7968        312        576         56       8016     342636   Object Totals
         0          0         48          0          0          0   (incl. Generated)
         4          0          0          0          0          0   (incl. Padding)

    ----------------------------------------------------------------------

      Code (inc. data)   RO Data    RW Data    ZI Data      Debug   Library Member Name

         4          4          0          0          0        132   SVC_Table.o
       220         24          0          1          0       3876   hal_cm.o
       372         32          0          0          0        616   hal_cm4.o
      1120        128          0          4          0      27003   rt_cmsis.o
        80          4          0          0          0        637   rt_event.o
       496         30          0          0         48       6636   rt_list.o
       560         10          0          0          0       3829   rt_mailbox.o
       130          0          0          0          0       1837   rt_membox.o
       126          0          0          0          0       2159   rt_memory.o
        96         24          0          8          0       1042   rt_robin.o
        52          4          0          0          0        557   rt_semaphore.o
       248         44          0          3          0       2066   rt_system.o
       864        154          0          8         48       7224   rt_task.o
         6          0          0          2          0        572   rt_time.o
         0          0          0          0          0          0   entry.o
         0          0          0          0          0          0   entry10a.o
         0          0          0          0          0          0   entry11a.o
         8          4          0          0          0          0   entry2.o
         4          0          0          0          0          0   entry5.o
         0          0          0          0          0          0   entry7b.o
         0          0          0          0          0          0   entry8b.o
        18          0          0          0          0         80   fputc.o
        30          0          0          0          0          0   handlers.o
        36          8          0          0          0         68   init.o
         0          0          0          0          0          0   iusefp.o
         0          0          0          0          0          0   iusesemip.o
        30          0          0          0          0         68   llshl.o
        36          0          0          0          0         68   llsshr.o
        32          0          0          0          0         68   llushr.o
      2242         90          0          0          0        444   printfa.o
         0          0          0          0          0          0   semi.o
         0          0          0          4          0          0   stdout.o
        44          0          0          0          0         80   uidiv.o
        98          0          0          0          0         92   uldiv.o
        40          2          0          0          0         68   cdrcmple.o
       334          0          0          0          0        148   dadd.o
       222          0          0          0          0        100   ddiv.o
       190          0          0          0          0        176   depilogue.o
        48          0          0          0          0         68   dfixul.o
       228          0          0          0          0         96   dmul.o
        38          0          0          0          0         68   f2d.o

    ----------------------------------------------------------------------
      8072        562          0         32         96      59878   Library Totals
        20          0          0          2          0          0   (incl. Padding)

    ----------------------------------------------------------------------

      Code (inc. data)   RO Data    RW Data    ZI Data      Debug   Library Name

      4374        458          0         26         96      58186   RTX_CM4.lib
      2578        102          0          4          0        968   mc_w.l
      1100          2          0          0          0        724   mf_w.l

    ----------------------------------------------------------------------
      8072        562          0         32         96      59878   Library Totals

    ----------------------------------------------------------------------

==============================================================================


      Code (inc. data)   RO Data    RW Data    ZI Data      Debug   

     16040        874        576         88       8112     392982   Grand Totals
     16040        874        576         88       8112     392982   ELF Image Totals
     16040        874        576         88          0          0   ROM Totals

==============================================================================

    Total RO  Size (Code + RO Data)                16616 (  16.23kB)
    Total RW  Size (RW Data + ZI Data)              8200 (   8.01kB)
    Total ROM Size (Code + RO Data + RW Data)      16704 (  16.31kB)

==============================================================================

