<html>
<body>
<pre>
<h1>µVision Build Log</h1>
<h2>Project:</h2>
C:\Users\Gavin\Dropbox\Course Material\Winter 2014\ECSE 426\Labs\MicroProcessor\rtx_project\keil\rtx.uvproj
Project File Date:  03/13/2014

<h2>Output:</h2>
Build target 'Project'
compiling main.c...
../main.c(35): warning:  #550-D: variable "tid_thread1" was set but never used
        osThreadId tid_thread1;
../main.c(36): warning:  #550-D: variable "temperature_thread" was set but never used
        osThreadId temperature_thread;
../main.c(37): warning:  #177-D: variable "tilt_thread" was declared but never referenced
        osThreadId tilt_thread;
../main.c(77): warning:  #1-D: last line of file ends without a newline
  }
../main.c: 4 warnings, 0 errors
linking...
Program Size: Code=7316 RO-data=576 RW-data=84 ZI-data=8116  
FromELF: creating hex file...
".\obj\output.axf" - 0 Error(s), 4 Warning(s).
Load "C:\\Users\\Gavin\\Dropbox\\Course Material\\Winter 2014\\ECSE 426\\Labs\\MicroProcessor\\rtx_project\\keil\\obj\\output.axf" 
Erase Done.
Programming Done.
Verify OK.
